Component: ARM Compiler 6.11 Tool: armlink [5d3b3900]

==============================================================================

Section Cross References

    startup_stm32f103xb.o(STACK) refers (Special) to heapauxi.o(.text) for __use_two_region_memory
    startup_stm32f103xb.o(HEAP) refers (Special) to heapauxi.o(.text) for __use_two_region_memory
    startup_stm32f103xb.o(RESET) refers (Special) to heapauxi.o(.text) for __use_two_region_memory
    startup_stm32f103xb.o(RESET) refers to startup_stm32f103xb.o(STACK) for __initial_sp
    startup_stm32f103xb.o(RESET) refers to startup_stm32f103xb.o(.text) for Reset_Handler
    startup_stm32f103xb.o(RESET) refers to stm32f1xx_it.o(.text.NMI_Handler) for NMI_Handler
    startup_stm32f103xb.o(RESET) refers to stm32f1xx_it.o(.text.HardFault_Handler) for HardFault_Handler
    startup_stm32f103xb.o(RESET) refers to stm32f1xx_it.o(.text.MemManage_Handler) for MemManage_Handler
    startup_stm32f103xb.o(RESET) refers to stm32f1xx_it.o(.text.BusFault_Handler) for BusFault_Handler
    startup_stm32f103xb.o(RESET) refers to stm32f1xx_it.o(.text.UsageFault_Handler) for UsageFault_Handler
    startup_stm32f103xb.o(RESET) refers to stm32f1xx_it.o(.text.SVC_Handler) for SVC_Handler
    startup_stm32f103xb.o(RESET) refers to stm32f1xx_it.o(.text.DebugMon_Handler) for DebugMon_Handler
    startup_stm32f103xb.o(RESET) refers to stm32f1xx_it.o(.text.PendSV_Handler) for PendSV_Handler
    startup_stm32f103xb.o(RESET) refers to stm32f1xx_it.o(.text.SysTick_Handler) for SysTick_Handler
    startup_stm32f103xb.o(RESET) refers to stm32f1xx_it.o(.text.TIM2_IRQHandler) for TIM2_IRQHandler
    startup_stm32f103xb.o(RESET) refers to stm32f1xx_it.o(.text.TIM4_IRQHandler) for TIM4_IRQHandler
    startup_stm32f103xb.o(RESET) refers to stm32f1xx_it.o(.text.USART1_IRQHandler) for USART1_IRQHandler
    startup_stm32f103xb.o(.text) refers (Special) to heapauxi.o(.text) for __use_two_region_memory
    startup_stm32f103xb.o(.text) refers to system_stm32f1xx.o(.text.SystemInit) for SystemInit
    startup_stm32f103xb.o(.text) refers to __main.o(!!!main) for __main
    startup_stm32f103xb.o(.text) refers to startup_stm32f103xb.o(HEAP) for Heap_Mem
    startup_stm32f103xb.o(.text) refers to startup_stm32f103xb.o(STACK) for Stack_Mem
    stmflash.o(.ARM.exidx.text.STMFLASH_ReadHalfWord) refers to stmflash.o(.text.STMFLASH_ReadHalfWord) for [Anonymous Symbol]
    stmflash.o(.text.STMFLASH_Write_NoCheck) refers to stm32f1xx_hal_flash.o(.text.HAL_FLASH_Program) for HAL_FLASH_Program
    stmflash.o(.ARM.exidx.text.STMFLASH_Write_NoCheck) refers to stmflash.o(.text.STMFLASH_Write_NoCheck) for [Anonymous Symbol]
    stmflash.o(.text.STMFLASH_Write) refers to stm32f1xx_hal_flash.o(.text.HAL_FLASH_Unlock) for HAL_FLASH_Unlock
    stmflash.o(.text.STMFLASH_Write) refers to stmflash.o(.text.Flash_PageErase) for Flash_PageErase
    stmflash.o(.text.STMFLASH_Write) refers to stm32f1xx_hal_flash.o(.text.FLASH_WaitForLastOperation) for FLASH_WaitForLastOperation
    stmflash.o(.text.STMFLASH_Write) refers to stmflash.o(.text.STMFLASH_Write_NoCheck) for STMFLASH_Write_NoCheck
    stmflash.o(.text.STMFLASH_Write) refers to stm32f1xx_hal_flash.o(.text.HAL_FLASH_Lock) for HAL_FLASH_Lock
    stmflash.o(.text.STMFLASH_Write) refers to stmflash.o(.bss.STMFLASH_BUF) for STMFLASH_BUF
    stmflash.o(.ARM.exidx.text.STMFLASH_Write) refers to stmflash.o(.text.STMFLASH_Write) for [Anonymous Symbol]
    stmflash.o(.ARM.exidx.text.STMFLASH_Read) refers to stmflash.o(.text.STMFLASH_Read) for [Anonymous Symbol]
    stmflash.o(.text.Flash_PageErase) refers to stmflash.o(.bss.p_Flash) for p_Flash
    stmflash.o(.ARM.exidx.text.Flash_PageErase) refers to stmflash.o(.text.Flash_PageErase) for [Anonymous Symbol]
    main.o(.text) refers (Special) to _printf_f.o(.ARM.Collect$$_printf_percent$$00000003) for _printf_f
    main.o(.text) refers (Special) to printf1.o(x$fpl$printf1) for _printf_fp_dec
    main.o(.text) refers (Special) to _printf_percent.o(.ARM.Collect$$_printf_percent$$00000000) for _printf_percent
    main.o(.text.SEGGER_Printf_Float) refers (Special) to _printf_f.o(.ARM.Collect$$_printf_percent$$00000003) for _printf_f
    main.o(.text.SEGGER_Printf_Float) refers (Special) to printf1.o(x$fpl$printf1) for _printf_fp_dec
    main.o(.text.SEGGER_Printf_Float) refers (Special) to _printf_percent.o(.ARM.Collect$$_printf_percent$$00000000) for _printf_percent
    main.o(.text.SEGGER_Printf_Float) refers to rt_memclr_w.o(.text) for __aeabi_memclr4
    main.o(.text.SEGGER_Printf_Float) refers to f2d.o(x$fpl$f2d) for __aeabi_f2d
    main.o(.text.SEGGER_Printf_Float) refers to __2sprintf.o(.text) for __2sprintf
    main.o(.text.SEGGER_Printf_Float) refers to segger_rtt_printf.o(.text.SEGGER_RTT_printf) for SEGGER_RTT_printf
    main.o(.ARM.exidx.text.SEGGER_Printf_Float) refers (Special) to _printf_f.o(.ARM.Collect$$_printf_percent$$00000003) for _printf_f
[...]
    HAL_ADC_MspInit                          0x08001af1   Thumb Code    92  adc.o(.text.HAL_ADC_MspInit)
    HAL_ADC_PollForConversion                0x08001b4d   Thumb Code   332  stm32f1xx_hal_adc.o(.text.HAL_ADC_PollForConversion)
    HAL_ADC_Start                            0x08001c99   Thumb Code   188  stm32f1xx_hal_adc.o(.text.HAL_ADC_Start)
    HAL_ADC_Stop                             0x08001d55   Thumb Code    50  stm32f1xx_hal_adc.o(.text.HAL_ADC_Stop)
    HAL_DMA_Abort                            0x08001d87   Thumb Code    62  stm32f1xx_hal_dma.o(.text.HAL_DMA_Abort)
    HAL_DMA_Abort_IT                         0x08001dc5   Thumb Code   164  stm32f1xx_hal_dma.o(.text.HAL_DMA_Abort_IT)
    HAL_Delay                                0x08001e69   Thumb Code    36  stm32f1xx_hal.o(.text.HAL_Delay)
    HAL_GPIO_Init                            0x08001e8d   Thumb Code   416  stm32f1xx_hal_gpio.o(.text.HAL_GPIO_Init)
    HAL_GPIO_WritePin                        0x0800202d   Thumb Code    10  stm32f1xx_hal_gpio.o(.text.HAL_GPIO_WritePin)
    HAL_GetTick                              0x08002039   Thumb Code    12  stm32f1xx_hal.o(.text.HAL_GetTick)
    HAL_I2C_Init                             0x08002045   Thumb Code   372  stm32f1xx_hal_i2c.o(.text.HAL_I2C_Init)
    HAL_I2C_Mem_Read                         0x080021b9   Thumb Code   688  stm32f1xx_hal_i2c.o(.text.HAL_I2C_Mem_Read)
    HAL_I2C_MspInit                          0x08002465   Thumb Code   188  i2c.o(.text.HAL_I2C_MspInit)
    HAL_IncTick                              0x0800251d   Thumb Code    24  stm32f1xx_hal.o(.text.HAL_IncTick)
    HAL_Init                                 0x08002531   Thumb Code    36  stm32f1xx_hal.o(.text.HAL_Init)
    HAL_InitTick                             0x08002555   Thumb Code    64  stm32f1xx_hal.o(.text.HAL_InitTick)
    HAL_MspInit                              0x08002591   Thumb Code    64  stm32f1xx_hal_msp.o(.text.HAL_MspInit)
    HAL_NVIC_EnableIRQ                       0x080025d1   Thumb Code    28  stm32f1xx_hal_cortex.o(.text.HAL_NVIC_EnableIRQ)
    HAL_NVIC_SetPriority                     0x080025ed   Thumb Code    64  stm32f1xx_hal_cortex.o(.text.HAL_NVIC_SetPriority)
    HAL_NVIC_SetPriorityGrouping             0x08002629   Thumb Code    32  stm32f1xx_hal_cortex.o(.text.HAL_NVIC_SetPriorityGrouping)
    HAL_RCCEx_GetPeriphCLKFreq               0x08002649   Thumb Code   208  stm32f1xx_hal_rcc_ex.o(.text.HAL_RCCEx_GetPeriphCLKFreq)
    HAL_RCCEx_PeriphCLKConfig                0x08002711   Thumb Code   244  stm32f1xx_hal_rcc_ex.o(.text.HAL_RCCEx_PeriphCLKConfig)
    HAL_RCC_ClockConfig                      0x08002801   Thumb Code   324  stm32f1xx_hal_rcc.o(.text.HAL_RCC_ClockConfig)
    HAL_RCC_GetPCLK1Freq                     0x08002941   Thumb Code    32  stm32f1xx_hal_rcc.o(.text.HAL_RCC_GetPCLK1Freq)
    HAL_RCC_GetPCLK2Freq                     0x08002955   Thumb Code    32  stm32f1xx_hal_rcc.o(.text.HAL_RCC_GetPCLK2Freq)
    HAL_RCC_GetSysClockFreq                  0x0800296d   Thumb Code    88  stm32f1xx_hal_rcc.o(.text.HAL_RCC_GetSysClockFreq)
    HAL_RCC_OscConfig                        0x080029c5   Thumb Code   804  stm32f1xx_hal_rcc.o(.text.HAL_RCC_OscConfig)
    HAL_SYSTICK_Config                       0x08002ce9   Thumb Code    40  stm32f1xx_hal_cortex.o(.text.HAL_SYSTICK_Config)
    HAL_TIMEx_BreakCallback                  0x08002d11   Thumb Code     2  stm32f1xx_hal_tim_ex.o(.text.HAL_TIMEx_BreakCallback)
    HAL_TIMEx_CommutCallback                 0x08002d13   Thumb Code     2  stm32f1xx_hal_tim_ex.o(.text.HAL_TIMEx_CommutCallback)
    HAL_TIMEx_MasterConfigSynchronization    0x08002d15   Thumb Code   108  stm32f1xx_hal_tim_ex.o(.text.HAL_TIMEx_MasterConfigSynchronization)
    HAL_TIM_Base_Init                        0x08002d7d   Thumb Code    88  stm32f1xx_hal_tim.o(.text.HAL_TIM_Base_Init)
    HAL_TIM_Base_MspInit                     0x08002dd5   Thumb Code   108  tim.o(.text.HAL_TIM_Base_MspInit)
    HAL_TIM_ConfigClockSource                0x08002e41   Thumb Code   248  stm32f1xx_hal_tim.o(.text.HAL_TIM_ConfigClockSource)
    HAL_TIM_IC_CaptureCallback               0x08002f39   Thumb Code     2  stm32f1xx_hal_tim.o(.text.HAL_TIM_IC_CaptureCallback)
    HAL_TIM_IRQHandler                       0x08002f3b   Thumb Code   278  stm32f1xx_hal_tim.o(.text.HAL_TIM_IRQHandler)
    HAL_TIM_MspPostInit                      0x08003051   Thumb Code    72  tim.o(.text.HAL_TIM_MspPostInit)
    HAL_TIM_OC_DelayElapsedCallback          0x08003099   Thumb Code     2  stm32f1xx_hal_tim.o(.text.HAL_TIM_OC_DelayElapsedCallback)
    HAL_TIM_PWM_ConfigChannel                0x0800309d   Thumb Code   152  stm32f1xx_hal_tim.o(.text.HAL_TIM_PWM_ConfigChannel)
    HAL_TIM_PWM_Init                         0x08003135   Thumb Code    88  stm32f1xx_hal_tim.o(.text.HAL_TIM_PWM_Init)
    HAL_TIM_PWM_MspInit                      0x0800318d   Thumb Code     2  stm32f1xx_hal_tim.o(.text.HAL_TIM_PWM_MspInit)
    HAL_TIM_PWM_PulseFinishedCallback        0x0800318f   Thumb Code     2  stm32f1xx_hal_tim.o(.text.HAL_TIM_PWM_PulseFinishedCallback)
    HAL_TIM_PWM_Start                        0x08003191   Thumb Code   156  stm32f1xx_hal_tim.o(.text.HAL_TIM_PWM_Start)
    HAL_TIM_PeriodElapsedCallback            0x08003229   Thumb Code    48  user_main.o(.text.HAL_TIM_PeriodElapsedCallback)
    HAL_TIM_TriggerCallback                  0x08003259   Thumb Code     2  stm32f1xx_hal_tim.o(.text.HAL_TIM_TriggerCallback)
    HAL_UARTEx_RxEventCallback               0x0800325b   Thumb Code     2  stm32f1xx_hal_uart.o(.text.HAL_UARTEx_RxEventCallback)
    HAL_UART_ErrorCallback                   0x0800325d   Thumb Code     2  stm32f1xx_hal_uart.o(.text.HAL_UART_ErrorCallback)
    HAL_UART_IRQHandler                      0x08003261   Thumb Code   656  stm32f1xx_hal_uart.o(.text.HAL_UART_IRQHandler)
    HAL_UART_Init                            0x080034f1   Thumb Code    94  stm32f1xx_hal_uart.o(.text.HAL_UART_Init)
    HAL_UART_MspInit                         0x08003551   Thumb Code   136  usart.o(.text.HAL_UART_MspInit)
    HAL_UART_Receive                         0x080035d9   Thumb Code   186  stm32f1xx_hal_uart.o(.text.HAL_UART_Receive)
    HAL_UART_RxCpltCallback                  0x08003693   Thumb Code     2  stm32f1xx_hal_uart.o(.text.HAL_UART_RxCpltCallback)
    HAL_UART_Transmit                        0x08003695   Thumb Code   170  stm32f1xx_hal_uart.o(.text.HAL_UART_Transmit)
    HAL_UART_TxCpltCallback                  0x0800373f   Thumb Code     2  stm32f1xx_hal_uart.o(.text.HAL_UART_TxCpltCallback)
    HardFault_Handler                        0x08003741   Thumb Code     2  stm32f1xx_it.o(.text.HardFault_Handler)
    MX_ADC1_Init                             0x08003a7d   Thumb Code   120  adc.o(.text.MX_ADC1_Init)
    MX_GPIO_Init                             0x08003af5   Thumb Code   216  gpio.o(.text.MX_GPIO_Init)
    MX_I2C1_Init                             0x08003bcd   Thumb Code    64  i2c.o(.text.MX_I2C1_Init)
    MX_I2C2_Init                             0x08003c09   Thumb Code    64  i2c.o(.text.MX_I2C2_Init)
    MX_TIM2_Init                             0x08003c49   Thumb Code   192  tim.o(.text.MX_TIM2_Init)
    MX_TIM4_Init                             0x08003d09   Thumb Code   104  tim.o(.text.MX_TIM4_Init)
    MX_USART1_UART_Init                      0x08003d71   Thumb Code    60  usart.o(.text.MX_USART1_UART_Init)
    MemManage_Handler                        0x08003dad   Thumb Code     2  stm32f1xx_it.o(.text.MemManage_Handler)
    NMI_Handler                              0x08003daf   Thumb Code     2  stm32f1xx_it.o(.text.NMI_Handler)
    PendSV_Handler                           0x08003db1   Thumb Code     2  stm32f1xx_it.o(.text.PendSV_Handler)
    SEGGER_Printf_Float                      0x08003db5   Thumb Code    60  main.o(.text.SEGGER_Printf_Float)
    SEGGER_RTT_Write                         0x08003df1   Thumb Code    56  segger_rtt.o(.text.SEGGER_RTT_Write)
    SEGGER_RTT_WriteNoLock                   0x08003e25   Thumb Code    92  segger_rtt.o(.text.SEGGER_RTT_WriteNoLock)
    SEGGER_RTT_printf                        0x08003e81   Thumb Code    26  segger_rtt_printf.o(.text.SEGGER_RTT_printf)
    SEGGER_RTT_vprintf                       0x08003e9d   Thumb Code   724  segger_rtt_printf.o(.text.SEGGER_RTT_vprintf)
    SVC_Handler                              0x08004171   Thumb Code     2  stm32f1xx_it.o(.text.SVC_Handler)
    SysTick_Handler                          0x08004173   Thumb Code     4  stm32f1xx_it.o(.text.SysTick_Handler)
    SystemClock_Config                       0x08004177   Thumb Code   136  main.o(.text.SystemClock_Config)
    SystemInit                               0x080041ff   Thumb Code     2  system_stm32f1xx.o(.text.SystemInit)
    TIM2_IRQHandler                          0x08004201   Thumb Code    12  stm32f1xx_it.o(.text.TIM2_IRQHandler)
    TIM4_IRQHandler                          0x0800420d   Thumb Code    12  stm32f1xx_it.o(.text.TIM4_IRQHandler)
    TIM_Base_SetConfig                       0x08004219   Thumb Code   104  stm32f1xx_hal_tim.o(.text.TIM_Base_SetConfig)
    TIM_CCxChannelCmd                        0x0800427d   Thumb Code    30  stm32f1xx_hal_tim.o(.text.TIM_CCxChannelCmd)
    TIM_OC2_SetConfig                        0x080042f5   Thumb Code   100  stm32f1xx_hal_tim.o(.text.TIM_OC2_SetConfig)
    UART_Printf                              0x080044a1   Thumb Code    44  usart.o(.text.UART_Printf)
    UART_SendString                          0x08004591   Thumb Code    68  usart.o(.text.UART_SendString)
    USART1_IRQHandler                        0x080046c1   Thumb Code    12  stm32f1xx_it.o(.text.USART1_IRQHandler)
    UsageFault_Handler                       0x080046cd   Thumb Code     2  stm32f1xx_it.o(.text.UsageFault_Handler)
    _sqrtApprox(float)                       0x08004989   Thumb Code    20  foc_utils.o(.text._Z11_sqrtApproxf)
    _normalizeAngle(float)                   0x0800499d   Thumb Code    40  foc_utils.o(.text._Z15_normalizeAnglef)
    _electricalAngle(float, int)             0x080049c1   Thumb Code    18  foc_utils.o(.text._Z16_electricalAnglefi)
    _cos(float)                              0x080049d5   Thumb Code    52  foc_utils.o(.text._Z4_cosf)
    _sin(float)                              0x08004a05   Thumb Code   144  foc_utils.o(.text._Z4_sinf)
    _delay(unsigned long)                    0x08004a95   Thumb Code     4  time_utils.o(.text._Z6_delaym)
    _micros()                                0x08004a99   Thumb Code     4  time_utils.o(.text._Z7_microsv)
    _sincos(float, float*, float*)           0x08004a9d   Thumb Code    24  foc_utils.o(.text._Z7_sincosfPfS_)
    AS5600_I2C::getRawCount()                0x08004ab5   Thumb Code     8  as5600_i2c.o(.text._ZN10AS5600_I2C11getRawCountEv)
    AS5600_I2C::getOutRawCount()             0x08004abd   Thumb Code     8  as5600_i2c.o(.text._ZN10AS5600_I2C14getOutRawCountEv)
    AS5600_I2C::getSensorAngle()             0x08004ac5   Thumb Code    32  as5600_i2c.o(.text._ZN10AS5600_I2C14getSensorAngleEv)
    AS5600_I2C::getOutSensorAngle()          0x08004ae1   Thumb Code    32  as5600_i2c.o(.text._ZN10AS5600_I2C17getOutSensorAngleEv)
    AS5600_I2C::init(I2C_HandleTypeDef*, I2C_HandleTypeDef*) 0x08004b01   Thumb Code     8  as5600_i2c.o(.text._ZN10AS5600_I2C4initEP17I2C_HandleTypeDefS1_)
    AS5600_I2C::read(unsigned char)          0x08004b09   Thumb Code    64  as5600_i2c.o(.text._ZN10AS5600_I2C4readEh)
    AS5600_I2C::readOut(unsigned char)       0x08004b49   Thumb Code    64  as5600_i2c.o(.text._ZN10AS5600_I2C7readOutEh)
    AS5600_I2C::AS5600_I2C(AS5600_I2CConfig_s) 0x08004b89   Thumb Code   104  as5600_i2c.o(.text._ZN10AS5600_I2CC2E18AS5600_I2CConfig_s)
    AS5600_I2C::AS5600_I2C__sub_object(AS5600_I2CConfig_s) 0x08004b89   Thumb Code   104  as5600_i2c.o(.text._ZN10AS5600_I2CC2E18AS5600_I2CConfig_s)
    CurrentSense::linkDriver(BLDCDriver*)    0x08004bf1   Thumb Code     4  currentsense.o(.text._ZN12CurrentSense10linkDriverEP10BLDCDriver)
    CurrentSense::getDCCurrent(float)        0x08004bf5   Thumb Code   320  currentsense.o(.text._ZN12CurrentSense12getDCCurrentEf)
    CurrentSense::getFOCCurrents(float)      0x08004d29   Thumb Code   284  currentsense.o(.text._ZN12CurrentSense14getFOCCurrentsEf)
    LowPassFilter::LowPassFilter(float)      0x08004e45   Thumb Code    20  lowpass_filter.o(.text._ZN13LowPassFilterC2Ef)
    LowPassFilter::LowPassFilter__sub_object(float) 0x08004e45   Thumb Code    20  lowpass_filter.o(.text._ZN13LowPassFilterC2Ef)
    LowPassFilter::operator ()(float)        0x08004e59   Thumb Code   128  lowpass_filter.o(.text._ZN13LowPassFilterclEf)
    PIDController::PIDController(float, float, float, float, float) 0x08004ed5   Thumb Code    32  pid.o(.text._ZN13PIDControllerC2Efffff)
    PIDController::PIDController__sub_object(float, float, float, float, float) 0x08004ed5   Thumb Code    32  pid.o(.text._ZN13PIDControllerC2Efffff)
    PIDController::operator ()(float)        0x08004ef5   Thumb Code   408  pid.o(.text._ZN13PIDControllerclEf)
    BLDCDriver3PWM::setPhaseState(PhaseState, PhaseState, PhaseState) 0x0800508d   Thumb Code     2  bldcdriver3pwm.o(.text._ZN14BLDCDriver3PWM13setPhaseStateE10PhaseStateS0_S0_)
    BLDCDriver3PWM::init()                   0x08005091   Thumb Code   164  bldcdriver3pwm.o(.text._ZN14BLDCDriver3PWM4initEv)
    BLDCDriver3PWM::enable()                 0x08005135   Thumb Code    64  bldcdriver3pwm.o(.text._ZN14BLDCDriver3PWM6enableEv)
    BLDCDriver3PWM::setPwm(float, float, float) 0x08005175   Thumb Code   248  bldcdriver3pwm.o(.text._ZN14BLDCDriver3PWM6setPwmEfff)
    BLDCDriver3PWM::disable()                0x0800526d   Thumb Code    60  bldcdriver3pwm.o(.text._ZN14BLDCDriver3PWM7disableEv)
    BLDCDriver3PWM::BLDCDriver3PWM(int, int, int, int, int, int) 0x080052a9   Thumb Code    76  bldcdriver3pwm.o(.text._ZN14BLDCDriver3PWMC2Eiiiiii)
    BLDCDriver3PWM::BLDCDriver3PWM__sub_object(int, int, int, int, int, int) 0x080052a9   Thumb Code    76  bldcdriver3pwm.o(.text._ZN14BLDCDriver3PWMC2Eiiiiii)
    InlineCurrentSense::driverAlign(float)   0x080052f5   Thumb Code  1856  inlinecurrentsense.o(.text._ZN18InlineCurrentSense11driverAlignEf)
    InlineCurrentSense::calibrateOffsets()   0x08005a35   Thumb Code   184  inlinecurrentsense.o(.text._ZN18InlineCurrentSense16calibrateOffsetsEv)
    InlineCurrentSense::getPhaseCurrents()   0x08005ae9   Thumb Code    92  inlinecurrentsense.o(.text._ZN18InlineCurrentSense16getPhaseCurrentsEv)
    InlineCurrentSense::init()               0x08005b45   Thumb Code    16  inlinecurrentsense.o(.text._ZN18InlineCurrentSense4initEv)
    InlineCurrentSense::InlineCurrentSense(float, float, int, int, int) 0x08005b55   Thumb Code    76  inlinecurrentsense.o(.text._ZN18InlineCurrentSenseC2Effiii)
    InlineCurrentSense::InlineCurrentSense__sub_object(float, float, int, int, int) 0x08005b55   Thumb Code    76  inlinecurrentsense.o(.text._ZN18InlineCurrentSenseC2Effiii)
    Sensor::getOutAngle()                    0x08005ba1   Thumb Code    32  sensor.o(.text._ZN6Sensor11getOutAngleEv)
    Sensor::getVelocity()                    0x08005bbd   Thumb Code   136  sensor.o(.text._ZN6Sensor11getVelocityEv)
    Sensor::needsSearch()                    0x08005c39   Thumb Code     4  sensor.o(.text._ZN6Sensor11needsSearchEv)
    Sensor::getVelocityOut()                 0x08005c3d   Thumb Code   120  sensor.o(.text._ZN6Sensor14getVelocityOutEv)
    Sensor::getPreciseAngle()                0x08005cb1   Thumb Code    48  sensor.o(.text._ZN6Sensor15getPreciseAngleEv)
    Sensor::getFullRotations()               0x08005ce1   Thumb Code     4  sensor.o(.text._ZN6Sensor16getFullRotationsEv)
    Sensor::getMechanicalAngle()             0x08005ce5   Thumb Code     4  sensor.o(.text._ZN6Sensor18getMechanicalAngleEv)
    Sensor::init()                           0x08005ce9   Thumb Code    72  sensor.o(.text._ZN6Sensor4initEv)
    Sensor::update()                         0x08005d31   Thumb Code    88  sensor.o(.text._ZN6Sensor6updateEv)
    Sensor::getAngle()                       0x08005d85   Thumb Code    32  sensor.o(.text._ZN6Sensor8getAngleEv)
    Sensor::Outupdate()                      0x08005da5   Thumb Code    80  sensor.o(.text._ZN6Sensor9OutupdateEv)
    FOCMotor::linkSensor(Sensor*)            0x08005df5   Thumb Code     6  focmotor.o(.text._ZN8FOCMotor10linkSensorEP6Sensor)
    FOCMotor::shaftAngle()                   0x08005dfb   Thumb Code    58  focmotor.o(.text._ZN8FOCMotor10shaftAngleEv)
    FOCMotor::shaftAngleOut()                0x08005e35   Thumb Code    58  focmotor.o(.text._ZN8FOCMotor13shaftAngleOutEv)
    FOCMotor::electricalAngle()              0x08005e6f   Thumb Code    58  focmotor.o(.text._ZN8FOCMotor15electricalAngleEv)
    FOCMotor::linkCurrentSense(CurrentSense*) 0x08005ea9   Thumb Code     6  focmotor.o(.text._ZN8FOCMotor16linkCurrentSenseEP12CurrentSense)
    FOCMotor::shaftVelocityOut()             0x08005eaf   Thumb Code    50  focmotor.o(.text._ZN8FOCMotor16shaftVelocityOutEv)
    FOCMotor::FOCMotor__sub_object()         0x08005ee1   Thumb Code   292  focmotor.o(.text._ZN8FOCMotorC2Ev)
    BLDCMotor::linkDriver(BLDCDriver*)       0x08006001   Thumb Code     6  bldcmotor.o(.text._ZN9BLDCMotor10linkDriverEP10BLDCDriver)
    BLDCMotor::alignSensor()                 0x08006009   Thumb Code   732  bldcmotor.o(.text._ZN9BLDCMotor11alignSensorEv)
    BLDCMotor::angleOpenloop(float)          0x080062e5   Thumb Code   336  bldcmotor.o(.text._ZN9BLDCMotor13angleOpenloopEf)
    BLDCMotor::setPhaseVoltage(float, float, float) 0x08006435   Thumb Code  1000  bldcmotor.o(.text._ZN9BLDCMotor15setPhaseVoltageEfff)
    BLDCMotor::velocityOpenloop(float)       0x0800681d   Thumb Code   236  bldcmotor.o(.text._ZN9BLDCMotor16velocityOpenloopEf)
    BLDCMotor::alignCurrentSense()           0x08006905   Thumb Code   128  bldcmotor.o(.text._ZN9BLDCMotor17alignCurrentSenseEv)
    BLDCMotor::absoluteZeroSearch()          0x08006985   Thumb Code   228  bldcmotor.o(.text._ZN9BLDCMotor18absoluteZeroSearchEv)
    BLDCMotor::init()                        0x08006a69   Thumb Code   296  bldcmotor.o(.text._ZN9BLDCMotor4initEv)
    BLDCMotor::move(float)                   0x08006b91   Thumb Code   728  bldcmotor.o(.text._ZN9BLDCMotor4moveEf)
    BLDCMotor::enable()                      0x08006e69   Thumb Code    40  bldcmotor.o(.text._ZN9BLDCMotor6enableEv)
    BLDCMotor::disable()                     0x08006e91   Thumb Code    40  bldcmotor.o(.text._ZN9BLDCMotor7disableEv)
    BLDCMotor::initFOC()                     0x08006eb9   Thumb Code   304  bldcmotor.o(.text._ZN9BLDCMotor7initFOCEv)
    BLDCMotor::loopFOC()                     0x08006fe9   Thumb Code   384  bldcmotor.o(.text._ZN9BLDCMotor7loopFOCEv)
    BLDCMotor::BLDCMotor(int, float, float, float) 0x08007169   Thumb Code    80  bldcmotor.o(.text._ZN9BLDCMotorC2Eifff)
    BLDCMotor::BLDCMotor__sub_object(int, float, float, float) 0x08007169   Thumb Code    80  bldcmotor.o(.text._ZN9BLDCMotorC2Eifff)
    __cxa_pure_virtual                       0x080071dd   Thumb Code    40  cxa_virtual.cpp.o(.text.__cxa_pure_virtual)
    _readADCVoltageInline                    0x08007205   Thumb Code    56  adc.o(.text._readADCVoltageInline)
    _writeDutyCycle3PWM                      0x0800723d   Thumb Code    70  bsp_pwm.o(.text._writeDutyCycle3PWM)
    abort_message                            0x08007283   Thumb Code     6  abort_message.cpp.o(.text.abort_message)
    main                                     0x08007289   Thumb Code    42  main.o(.text.main)
    main_Cpp                                 0x080072b5   Thumb Code   296  user_main.o(.text.main_Cpp)
    _btod_d2e                                0x080073dd   Thumb Code    62  btod.o(CL$$btod_d2e)
    _d2e_denorm_low                          0x0800741b   Thumb Code    70  btod.o(CL$$btod_d2e_denorm_low)
    _d2e_norm_op1                            0x08007461   Thumb Code    96  btod.o(CL$$btod_d2e_norm_op1)
    __btod_div_common                        0x080074c1   Thumb Code   696  btod.o(CL$$btod_div_common)
    _e2e                                     0x080077f9   Thumb Code   220  btod.o(CL$$btod_e2e)
    _btod_ediv                               0x080078d5   Thumb Code    42  btod.o(CL$$btod_ediv)
    _btod_emul                               0x080078ff   Thumb Code    42  btod.o(CL$$btod_emul)
    __btod_mult_common                       0x08007929   Thumb Code   580  btod.o(CL$$btod_mult_common)
    __ARM_fpclassify                         0x08007b6d   Thumb Code    40  fpclassify.o(i.__ARM_fpclassify)
    __mathlib_flt_invalid                    0x08007b95   Thumb Code     8  funder.o(i.__mathlib_flt_invalid)
    _is_digit                                0x08007b9d   Thumb Code    14  __printf_wp.o(i._is_digit)
    fmaxf                                    0x08007bab   Thumb Code    40  fmaxf.o(i.fmaxf)
    fminf                                    0x08007bd3   Thumb Code    40  fminf.o(i.fminf)
    fmodf                                    0x08007bfb   Thumb Code   108  fmodf.o(i.fmodf)
    _get_lc_numeric                          0x08007c69   Thumb Code    44  lc_numeric_c.o(locale$$code)
    _get_lc_ctype                            0x08007c95   Thumb Code    44  lc_ctype_c.o(locale$$code)
    __aeabi_d2f                              0x08007cc1   Thumb Code     0  d2f.o(x$fpl$d2f)
    _d2f                                     0x08007cc1   Thumb Code    98  d2f.o(x$fpl$d2f)
    __aeabi_dadd                             0x08007d25   Thumb Code     0  daddsub_clz.o(x$fpl$dadd)
    _dadd                                    0x08007d25   Thumb Code   332  daddsub_clz.o(x$fpl$dadd)
    __aeabi_d2uiz                            0x08007e75   Thumb Code     0  dfixu.o(x$fpl$dfixu)
    _dfixu                                   0x08007e75   Thumb Code    90  dfixu.o(x$fpl$dfixu)
    __aeabi_i2d                              0x08007ecf   Thumb Code     0  dflt_clz.o(x$fpl$dflt)
    _dflt                                    0x08007ecf   Thumb Code    46  dflt_clz.o(x$fpl$dflt)
    __aeabi_dmul                             0x08007efd   Thumb Code     0  dmul.o(x$fpl$dmul)
    _dmul                                    0x08007efd   Thumb Code   332  dmul.o(x$fpl$dmul)
    __fpl_dnaninf                            0x08008051   Thumb Code   156  dnaninf.o(x$fpl$dnaninf)
    __fpl_dretinf                            0x080080ed   Thumb Code    12  dretinf.o(x$fpl$dretinf)
    __aeabi_dsub                             0x080080f9   Thumb Code     0  daddsub_clz.o(x$fpl$dsub)
    _dsub                                    0x080080f9   Thumb Code   464  daddsub_clz.o(x$fpl$dsub)
    __aeabi_f2d                              0x080082cd   Thumb Code     0  f2d.o(x$fpl$f2d)
    _f2d                                     0x080082cd   Thumb Code    86  f2d.o(x$fpl$f2d)
    __aeabi_fadd                             0x08008325   Thumb Code     0  faddsub_clz.o(x$fpl$fadd)
    _fadd                                    0x08008325   Thumb Code   196  faddsub_clz.o(x$fpl$fadd)
    __aeabi_fcmpeq                           0x080083e9   Thumb Code     0  fcmp.o(x$fpl$fcmp)
    _feq                                     0x080083e9   Thumb Code    14  fcmp.o(x$fpl$fcmp)
    _fneq                                    0x080083f7   Thumb Code    14  fcmp.o(x$fpl$fcmp)
    __aeabi_fcmpgt                           0x08008405   Thumb Code     0  fcmp.o(x$fpl$fcmp)
    _fgr                                     0x08008405   Thumb Code    14  fcmp.o(x$fpl$fcmp)
    __aeabi_fcmpge                           0x08008413   Thumb Code     0  fcmp.o(x$fpl$fcmp)
    _fgeq                                    0x08008413   Thumb Code    14  fcmp.o(x$fpl$fcmp)
    __aeabi_fcmple                           0x08008421   Thumb Code     0  fcmp.o(x$fpl$fcmp)
    _fleq                                    0x08008421   Thumb Code    14  fcmp.o(x$fpl$fcmp)
    __aeabi_fcmplt                           0x0800842f   Thumb Code     0  fcmp.o(x$fpl$fcmp)
    _fls                                     0x0800842f   Thumb Code    14  fcmp.o(x$fpl$fcmp)
    __fcmp4                                  0x0800843d   Thumb Code    82  fcmp4.o(x$fpl$fcmp4)
    __ARM_fcmp4                              0x0800848f   Thumb Code     0  fcmp4.o(x$fpl$fcmp4)
    _fcmp4                                   0x0800848f   Thumb Code    60  fcmp4.o(x$fpl$fcmp4)
    __fpl_fcmp_Inf                           0x080084cb   Thumb Code    24  fcmpi.o(x$fpl$fcmpinf)
    __aeabi_fdiv                             0x080084e5   Thumb Code     0  fdiv.o(x$fpl$fdiv)
    _fdiv                                    0x080084e5   Thumb Code   384  fdiv.o(x$fpl$fdiv)
    __aeabi_cfcmpeq                          0x08008669   Thumb Code     0  feqf.o(x$fpl$feqf)
    _fcmpeq                                  0x08008669   Thumb Code   104  feqf.o(x$fpl$feqf)
    __aeabi_f2iz                             0x080086d1   Thumb Code     0  ffix.o(x$fpl$ffix)
    _ffix                                    0x080086d1   Thumb Code    54  ffix.o(x$fpl$ffix)
    __aeabi_f2uiz                            0x08008709   Thumb Code     0  ffixu.o(x$fpl$ffixu)
    _ffixu                                   0x08008709   Thumb Code    62  ffixu.o(x$fpl$ffixu)
    __aeabi_i2f                              0x08008749   Thumb Code     0  fflt_clz.o(x$fpl$fflt)
    _fflt                                    0x08008749   Thumb Code    48  fflt_clz.o(x$fpl$fflt)
    __aeabi_ui2f                             0x08008779   Thumb Code     0  fflt_clz.o(x$fpl$ffltu)
    _ffltu                                   0x08008779   Thumb Code    38  fflt_clz.o(x$fpl$ffltu)
    _fcmpge                                  0x080087a1   Thumb Code   104  fgeqf.o(x$fpl$fgeqf)
    __aeabi_cfcmple                          0x08008809   Thumb Code     0  fleqf.o(x$fpl$fleqf)
    _fcmple                                  0x08008809   Thumb Code   104  fleqf.o(x$fpl$fleqf)
    __fpl_fcmple_InfNaN                      0x0800885b   Thumb Code     0  fleqf.o(x$fpl$fleqf)
    __aeabi_fmul                             0x08008871   Thumb Code     0  fmul.o(x$fpl$fmul)
    _fmul                                    0x08008871   Thumb Code   258  fmul.o(x$fpl$fmul)
    __fpl_fnaninf                            0x08008973   Thumb Code   140  fnaninf.o(x$fpl$fnaninf)
    _frem                                    0x08008a01   Thumb Code   240  frem_clz.o(x$fpl$frem)
    __fpl_fretinf                            0x08008af5   Thumb Code    10  fretinf.o(x$fpl$fretinf)
    __aeabi_frsub                            0x08008aff   Thumb Code     0  faddsub_clz.o(x$fpl$frsb)
    _frsb                                    0x08008aff   Thumb Code    20  faddsub_clz.o(x$fpl$frsb)
    __aeabi_fsub                             0x08008b15   Thumb Code     0  faddsub_clz.o(x$fpl$fsub)
    _fsub                                    0x08008b15   Thumb Code   234  faddsub_clz.o(x$fpl$fsub)
    _printf_fp_dec                           0x08008bff   Thumb Code     4  printf1.o(x$fpl$printf1)
    _printf_fp_hex                           0x08008c03   Thumb Code     4  printf2.o(x$fpl$printf2)
    __I$use$fp                               0x08008c06   Number         0  usenofp.o(x$fpl$usenofp)
    AHBPrescTable                            0x08008d04   Data          16  system_stm32f1xx.o(.rodata.AHBPrescTable)
    APBPrescTable                            0x08008d14   Data           8  system_stm32f1xx.o(.rodata.APBPrescTable)
    vtable for AS5600_I2C                    0x08008d1c   Data          60  as5600_i2c.o(.rodata._ZTV10AS5600_I2C)
    vtable for BLDCDriver3PWM                0x08008d58   Data          28  bldcdriver3pwm.o(.rodata._ZTV14BLDCDriver3PWM)
    vtable for InlineCurrentSense            0x08008d74   Data          24  inlinecurrentsense.o(.rodata._ZTV18InlineCurrentSense)
    vtable for FOCMotor                      0x08008d8c   Data          36  focmotor.o(.rodata._ZTV8FOCMotor)
    vtable for BLDCMotor                     0x08008db0   Data          40  bldcmotor.o(.rodata._ZTV9BLDCMotor)
    Region$$Table$$Base                      0x08008ec4   Number         0  anon$$obj.o(Region$$Table)
    Region$$Table$$Limit                     0x08008ee4   Number         0  anon$$obj.o(Region$$Table)
    __ctype                                  0x08008f0d   Data           0  lc_ctype_c.o(locale$$data)
    SHT$$INIT_ARRAY$$Base                    0x08009010   Number         0  user_main.o(.init_array)
    SHT$$INIT_ARRAY$$Limit                   0x08009014   Number         0  init_aeabi.o(.init_array)
    uwTickFreq                               0x20000000   Data           1  stm32f1xx_hal.o(.data..L_MergedGlobals)
    uwTickPrio                               0x20000004   Data           4  stm32f1xx_hal.o(.data..L_MergedGlobals)
    AS5600_I2C_Config                        0x20000008   Data          16  as5600_i2c.o(.data.AS5600_I2C_Config)
    SystemCoreClock                          0x20000018   Data           4  system_stm32f1xx.o(.data.SystemCoreClock)
    targetAngle                              0x2000001c   Data           4  user_main.o(.data.targetAngle)
    trap_120_map                             0x20000020   Data          72  bldcmotor.o(.data.trap_120_map)
    trap_150_map                             0x20000068   Data         144  bldcmotor.o(.data.trap_150_map)
    __libspace_start                         0x200000f8   Data          96  libspace.o(.bss)
    __temporary_stack_top$libspace           0x20000158   Data           0  libspace.o(.bss)
    gChannel3                                0x20000158   Data           4  adc.o(.bss..L_MergedGlobals)
    gChannel4                                0x2000015c   Data           4  adc.o(.bss..L_MergedGlobals)
    hadc1                                    0x20000160   Data          48  adc.o(.bss..L_MergedGlobals)
    getAngle_rx                              0x20000190   Data           1  user_main.o(.bss..L_MergedGlobals)
    motorDriver                              0x20000194   Data          64  user_main.o(.bss..L_MergedGlobals)
    AS5600_1                                 0x200001ec   Data          84  user_main.o(.bss.AS5600_1)
    _SEGGER_RTT                              0x20000240   Data         168  segger_rtt.o(.bss._SEGGER_RTT)
    currentSense                             0x200006f8   Data          68  user_main.o(.bss.currentSense)
    hi2c1                                    0x2000073c   Data          84  i2c.o(.bss.hi2c1)
    hi2c2                                    0x20000790   Data          84  i2c.o(.bss.hi2c2)
    htim2                                    0x200007e4   Data          72  tim.o(.bss.htim2)
    htim4                                    0x2000082c   Data          72  tim.o(.bss.htim4)
    huart1                                   0x20000874   Data          72  usart.o(.bss.huart1)
    motor                                    0x200008bc   Data         376  user_main.o(.bss.motor)
    uwTick                                   0x20000a34   Data           4  stm32f1xx_hal.o(.bss.uwTick)



==============================================================================

Memory Map of the image

  Image Entry point : 0x080000ed

  Load Region LR_IROM1 (Base: 0x08000000, Size: 0x00009110, Max: 0x00010000, ABSOLUTE)

    Execution Region ER_IROM1 (Exec base: 0x08000000, Load base: 0x08000000, Size: 0x00009014, Max: 0x00010000, ABSOLUTE)

    Exec Addr    Load Addr    Size         Type   Attr      Idx    E Section Name        Object

    0x08000000   0x08000000   0x000000ec   Data   RO            3    RESET               startup_stm32f103xb.o
    0x080000ec   0x080000ec   0x00000008   Code   RO         1757  * !!!main             c_w.l(__main.o)
    0x080000f4   0x080000f4   0x00000034   Code   RO         2279    !!!scatter          c_w.l(__scatter.o)
    0x08000128   0x08000128   0x0000001a   Code   RO         2281    !!handler_copy      c_w.l(__scatter_copy.o)
    0x08000142   0x08000142   0x00000002   PAD
    0x08000144   0x08000144   0x0000001c   Code   RO         2283    !!handler_zi        c_w.l(__scatter_zi.o)
    0x08000160   0x08000160   0x00000000   Code   RO         1748    .ARM.Collect$$_printf_percent$$00000000  c_w.l(_printf_percent.o)
    0x08000160   0x08000160   0x00000006   Code   RO         1907    .ARM.Collect$$_printf_percent$$00000001  c_w.l(_printf_n.o)
    0x08000166   0x08000166   0x00000006   Code   RO         1908    .ARM.Collect$$_printf_percent$$00000002  c_w.l(_printf_p.o)
    0x0800016c   0x0800016c   0x00000006   Code   RO         1744    .ARM.Collect$$_printf_percent$$00000003  c_w.l(_printf_f.o)
    0x08000172   0x08000172   0x00000006   Code   RO         1745    .ARM.Collect$$_printf_percent$$00000004  c_w.l(_printf_e.o)
    0x08000178   0x08000178   0x00000006   Code   RO         1746    .ARM.Collect$$_printf_percent$$00000005  c_w.l(_printf_g.o)
    0x0800017e   0x0800017e   0x00000006   Code   RO         1747    .ARM.Collect$$_printf_percent$$00000006  c_w.l(_printf_a.o)
    0x08000184   0x08000184   0x0000000a   Code   RO         1915    .ARM.Collect$$_printf_percent$$00000007  c_w.l(_printf_ll.o)
    0x0800018e   0x0800018e   0x00000006   Code   RO         1909    .ARM.Collect$$_printf_percent$$00000008  c_w.l(_printf_i.o)
    0x08000194   0x08000194   0x00000006   Code   RO         1743    .ARM.Collect$$_printf_percent$$00000009  c_w.l(_printf_d.o)
    0x0800019a   0x0800019a   0x00000006   Code   RO         1910    .ARM.Collect$$_printf_percent$$0000000A  c_w.l(_printf_u.o)
    0x080001a0   0x080001a0   0x00000006   Code   RO         1742    .ARM.Collect$$_printf_percent$$0000000B  c_w.l(_printf_o.o)
    0x080001a6   0x080001a6   0x00000006   Code   RO         1741    .ARM.Collect$$_printf_percent$$0000000C  c_w.l(_printf_x.o)
    0x080001ac   0x080001ac   0x00000006   Code   RO         1912    .ARM.Collect$$_printf_percent$$0000000D  c_w.l(_printf_lli.o)
    0x080001b2   0x080001b2   0x00000006   Code   RO         1913    .ARM.Collect$$_printf_percent$$0000000E  c_w.l(_printf_lld.o)
    0x080001b8   0x080001b8   0x00000006   Code   RO         1914    .ARM.Collect$$_printf_percent$$0000000F  c_w.l(_printf_llu.o)
    0x080001be   0x080001be   0x00000006   Code   RO         1919    .ARM.Collect$$_printf_percent$$00000010  c_w.l(_printf_llo.o)
    0x080001c4   0x080001c4   0x00000006   Code   RO         1920    .ARM.Collect$$_printf_percent$$00000011  c_w.l(_printf_llx.o)
    0x080001ca   0x080001ca   0x0000000a   Code   RO         1916    .ARM.Collect$$_printf_percent$$00000012  c_w.l(_printf_l.o)
    0x080001d4   0x080001d4   0x00000006   Code   RO         1905    .ARM.Collect$$_printf_percent$$00000013  c_w.l(_printf_c.o)
    0x080001da   0x080001da   0x00000006   Code   RO         1906    .ARM.Collect$$_printf_percent$$00000014  c_w.l(_printf_s.o)
    0x080001e0   0x080001e0   0x00000006   Code   RO         1917    .ARM.Collect$$_printf_percent$$00000015  c_w.l(_printf_lc.o)
    0x080001e6   0x080001e6   0x00000006   Code   RO         1918    .ARM.Collect$$_printf_percent$$00000016  c_w.l(_printf_ls.o)
    0x080001ec   0x080001ec   0x00000004   Code   RO         1911    .ARM.Collect$$_printf_percent$$00000017  c_w.l(_printf_percent_end.o)
    0x080001f0   0x080001f0   0x00000002   Code   RO         2201    .ARM.Collect$$libinit$$00000000  c_w.l(libinit.o)
    0x080001f2   0x080001f2   0x00000000   Code   RO         1926    .ARM.Collect$$libinit$$00000002  c_w.l(libinit2.o)
    0x080001f2   0x080001f2   0x00000000   Code   RO         1928    .ARM.Collect$$libinit$$00000004  c_w.l(libinit2.o)
    0x080001f2   0x080001f2   0x00000000   Code   RO         1931    .ARM.Collect$$libinit$$0000000A  c_w.l(libinit2.o)
    0x080001f2   0x080001f2   0x00000000   Code   RO         1933    .ARM.Collect$$libinit$$0000000C  c_w.l(libinit2.o)
    0x080001f2   0x080001f2   0x00000000   Code   RO         1935    .ARM.Collect$$libinit$$0000000E  c_w.l(libinit2.o)
    0x080001f2   0x080001f2   0x00000006   Code   RO         1936    .ARM.Collect$$libinit$$0000000F  c_w.l(libinit2.o)
    0x080001f8   0x080001f8   0x00000000   Code   RO         1938    .ARM.Collect$$libinit$$00000011  c_w.l(libinit2.o)
    0x080001f8   0x080001f8   0x0000000c   Code   RO         1939    .ARM.Collect$$libinit$$00000012  c_w.l(libinit2.o)
    0x08000204   0x08000204   0x00000000   Code   RO         1940    .ARM.Collect$$libinit$$00000013  c_w.l(libinit2.o)
    0x08000204   0x08000204   0x00000000   Code   RO         1942    .ARM.Collect$$libinit$$00000015  c_w.l(libinit2.o)
    0x08000204   0x08000204   0x0000000a   Code   RO         1943    .ARM.Collect$$libinit$$00000016  c_w.l(libinit2.o)
    0x0800020e   0x0800020e   0x00000000   Code   RO         1944    .ARM.Collect$$libinit$$00000017  c_w.l(libinit2.o)
    0x0800020e   0x0800020e   0x00000000   Code   RO         1946    .ARM.Collect$$libinit$$00000019  c_w.l(libinit2.o)
    0x0800020e   0x0800020e   0x00000000   Code   RO         1948    .ARM.Collect$$libinit$$0000001B  c_w.l(libinit2.o)
    0x0800020e   0x0800020e   0x00000000   Code   RO         1950    .ARM.Collect$$libinit$$0000001D  c_w.l(libinit2.o)
    0x0800020e   0x0800020e   0x00000000   Code   RO         1952    .ARM.Collect$$libinit$$0000001F  c_w.l(libinit2.o)
    0x0800020e   0x0800020e   0x00000000   Code   RO         1954    .ARM.Collect$$libinit$$00000021  c_w.l(libinit2.o)
    0x0800020e   0x0800020e   0x00000000   Code   RO         1956    .ARM.Collect$$libinit$$00000023  c_w.l(libinit2.o)
    0x0800020e   0x0800020e   0x00000000   Code   RO         1958    .ARM.Collect$$libinit$$00000025  c_w.l(libinit2.o)
    0x0800020e   0x0800020e   0x00000000   Code   RO         1962    .ARM.Collect$$libinit$$0000002C  c_w.l(libinit2.o)
    0x0800020e   0x0800020e   0x00000000   Code   RO         1964    .ARM.Collect$$libinit$$0000002E  c_w.l(libinit2.o)
    0x0800020e   0x0800020e   0x00000000   Code   RO         1966    .ARM.Collect$$libinit$$00000030  c_w.l(libinit2.o)
    0x0800020e   0x0800020e   0x00000004   Code   RO         1967    .ARM.Collect$$libinit$$00000031  c_w.l(libinit2.o)
    0x08000212   0x08000212   0x00000000   Code   RO         1968    .ARM.Collect$$libinit$$00000032  c_w.l(libinit2.o)
    0x08000212   0x08000212   0x00000002   Code   RO         1969    .ARM.Collect$$libinit$$00000033  c_w.l(libinit2.o)
    0x08000214   0x08000214   0x00000002   Code   RO         2260    .ARM.Collect$$libshutdown$$00000000  c_w.l(libshutdown.o)
    0x08000216   0x08000216   0x00000000   Code   RO         2262    .ARM.Collect$$libshutdown$$00000002  c_w.l(libshutdown2.o)
    0x08000216   0x08000216   0x00000000   Code   RO         2264    .ARM.Collect$$libshutdown$$00000004  c_w.l(libshutdown2.o)
    0x08000216   0x08000216   0x00000000   Code   RO         2267    .ARM.Collect$$libshutdown$$00000007  c_w.l(libshutdown2.o)
    0x08000216   0x08000216   0x00000000   Code   RO         2270    .ARM.Collect$$libshutdown$$0000000A  c_w.l(libshutdown2.o)
    0x08000216   0x08000216   0x00000000   Code   RO         2272    .ARM.Collect$$libshutdown$$0000000C  c_w.l(libshutdown2.o)
    0x08000216   0x08000216   0x00000000   Code   RO         2275    .ARM.Collect$$libshutdown$$0000000F  c_w.l(libshutdown2.o)
    0x08000216   0x08000216   0x00000002   Code   RO         2276    .ARM.Collect$$libshutdown$$00000010  c_w.l(libshutdown2.o)
    0x08000218   0x08000218   0x00000000   Code   RO         1876    .ARM.Collect$$rtentry$$00000000  c_w.l(__rtentry.o)
    0x08000218   0x08000218   0x00000000   Code   RO         2087    .ARM.Collect$$rtentry$$00000002  c_w.l(__rtentry2.o)
    0x08000218   0x08000218   0x00000006   Code   RO         2099    .ARM.Collect$$rtentry$$00000004  c_w.l(__rtentry4.o)
    0x0800021e   0x0800021e   0x00000000   Code   RO         2089    .ARM.Collect$$rtentry$$00000009  c_w.l(__rtentry2.o)
    0x0800021e   0x0800021e   0x00000004   Code   RO         2090    .ARM.Collect$$rtentry$$0000000A  c_w.l(__rtentry2.o)
    0x08000222   0x08000222   0x00000000   Code   RO         2092    .ARM.Collect$$rtentry$$0000000C  c_w.l(__rtentry2.o)
    0x08000222   0x08000222   0x00000008   Code   RO         2093    .ARM.Collect$$rtentry$$0000000D  c_w.l(__rtentry2.o)
    0x0800022a   0x0800022a   0x00000002   Code   RO         2208    .ARM.Collect$$rtexit$$00000000  c_w.l(rtexit.o)
    0x0800022c   0x0800022c   0x00000000   Code   RO         2232    .ARM.Collect$$rtexit$$00000002  c_w.l(rtexit2.o)
    0x0800022c   0x0800022c   0x00000004   Code   RO         2233    .ARM.Collect$$rtexit$$00000003  c_w.l(rtexit2.o)
    0x08000230   0x08000230   0x00000006   Code   RO         2234    .ARM.Collect$$rtexit$$00000004  c_w.l(rtexit2.o)
    0x08000236   0x08000236   0x00000002   PAD
    0x08000238   0x08000238   0x00000040   Code   RO            4    .text               startup_stm32f103xb.o
    0x08000278   0x08000278   0x00000034   Code   RO         1682    .text               c_w.l(vsnprintf.o)
    0x080002ac   0x080002ac   0x0000002c   Code   RO         1684    .text               c_w.l(__2sprintf.o)
    0x080002d8   0x080002d8   0x0000004e   Code   RO         1690    .text               c_w.l(_printf_pad.o)
    0x08000326   0x08000326   0x00000002   PAD
    0x08000328   0x08000328   0x00000078   Code   RO         1692    .text               c_w.l(_printf_dec.o)
    0x080003a0   0x080003a0   0x00000070   Code   RO         1698    .text               c_w.l(_printf_oct_int_ll.o)
    0x08000410   0x08000410   0x00000094   Code   RO         1718    .text               c_w.l(_printf_hex_int_ll_ptr.o)
    0x080004a4   0x080004a4   0x00000188   Code   RO         1738    .text               c_w.l(__printf_flags_ss_wp.o)
    0x0800062c   0x0800062c   0x0000003e   Code   RO         1749    .text               c_w.l(strlen.o)
    0x0800066a   0x0800066a   0x0000008a   Code   RO         1751    .text               c_w.l(rt_memcpy_v6.o)
    0x080006f4   0x080006f4   0x0000004e   Code   RO         1753    .text               c_w.l(rt_memclr_w.o)
    0x08000742   0x08000742   0x00000006   Code   RO         1755    .text               c_w.l(heapauxi.o)
    0x08000748   0x08000748   0x00000024   Code   RO         1762    .text               c_w.l(init_aeabi.o)
    0x0800076c   0x0800076c   0x00000016   Code   RO         1877    .text               c_w.l(_rserrno.o)
    0x08000782   0x08000782   0x00000024   Code   RO         1879    .text               c_w.l(_printf_truncate.o)
    0x080007a6   0x080007a6   0x00000052   Code   RO         1881    .text               c_w.l(_printf_str.o)
    0x080007f8   0x080007f8   0x000000b2   Code   RO         1883    .text               c_w.l(_printf_intcommon.o)
    0x080008aa   0x080008aa   0x00000028   Code   RO         1885    .text               c_w.l(_printf_charcount.o)
    0x080008d2   0x080008d2   0x0000041c   Code   RO         1887    .text               c_w.l(_printf_fp_dec.o)
    0x08000cee   0x08000cee   0x00000002   PAD
    0x08000cf0   0x08000cf0   0x000002fc   Code   RO         1891    .text               c_w.l(_printf_fp_hex.o)
    0x08000fec   0x08000fec   0x00000030   Code   RO         1894    .text               c_w.l(_printf_char_common.o)
    0x0800101c   0x0800101c   0x0000000a   Code   RO         1896    .text               c_w.l(_sputc.o)
    0x08001026   0x08001026   0x00000010   Code   RO         1898    .text               c_w.l(_snputc.o)
    0x08001036   0x08001036   0x00000002   PAD
    0x08001038   0x08001038   0x000000bc   Code   RO         1900    .text               c_w.l(_printf_wctomb.o)
    0x080010f4   0x080010f4   0x0000007c   Code   RO         1903    .text               c_w.l(_printf_longlong_dec.o)
    0x08001170   0x08001170   0x00000016   Code   RO         1921    .text               c_w.l(abort.o)
    0x08001186   0x08001186   0x00000064   Code   RO         1923    .text               c_w.l(rt_memcpy_w.o)
    0x080011ea   0x080011ea   0x00000002   PAD
    0x080011ec   0x080011ec   0x0000000c   Code   RO         2082    .text               c_w.l(sys_exit.o)
    0x080011f8   0x080011f8   0x00000008   Code   RO         2104    .text               c_w.l(rt_locale_intlibspace.o)
    0x08001200   0x08001200   0x00000008   Code   RO         2109    .text               c_w.l(rt_errno_addr_intlibspace.o)
    0x08001208   0x08001208   0x0000008a   Code   RO         2111    .text               c_w.l(lludiv10.o)
    0x08001292   0x08001292   0x00000002   PAD
    0x08001294   0x08001294   0x00000080   Code   RO         2113    .text               c_w.l(_printf_fp_infnan.o)
    0x08001314   0x08001314   0x0000002c   Code   RO         2117    .text               c_w.l(_printf_char.o)
    0x08001340   0x08001340   0x0000002c   Code   RO         2119    .text               c_w.l(_printf_wchar.o)
    0x0800136c   0x0800136c   0x000000e4   Code   RO         2121    .text               c_w.l(bigflt0.o)
    0x08001450   0x08001450   0x00000048   Code   RO         2148    .text               c_w.l(_c16rtomb.o)
    0x08001498   0x08001498   0x0000000e   Code   RO         2153    .text               c_w.l(defsig_abrt_outer.o)
    0x080014a6   0x080014a6   0x00000002   PAD
    0x080014a8   0x080014a8   0x00000008   Code   RO         2170    .text               c_w.l(libspace.o)
    0x080014b0   0x080014b0   0x00000002   Code   RO         2173    .text               c_w.l(use_no_semi.o)
    0x080014b2   0x080014b2   0x00000000   Code   RO         2175    .text               c_w.l(indicate_semi.o)
    0x080014b2   0x080014b2   0x0000004a   Code   RO         2176    .text               c_w.l(sys_stackheap_outer.o)
    0x080014fc   0x080014fc   0x00000010   Code   RO         2178    .text               c_w.l(rt_ctype_table.o)
    0x0800150c   0x0800150c   0x00000012   Code   RO         2184    .text               c_w.l(exit.o)
    0x0800151e   0x0800151e   0x0000000a   Code   RO         2186    .text               c_w.l(defsig_exit.o)
    0x08001528   0x08001528   0x00000030   Code   RO         2188    .text               c_w.l(defsig_abrt_inner.o)
    0x08001558   0x08001558   0x00000080   Code   RO         2190    .text               c_w.l(strcmpv7m.o)
    0x080015d8   0x080015d8   0x00000032   Code   RO         2219    .text               c_w.l(defsig_general.o)
    0x0800160a   0x0800160a   0x0000000e   Code   RO         2227    .text               c_w.l(sys_wrch.o)
    0x08001618   0x08001618   0x0000004c   Code   RO          212    .text.ADC_ConversionStop_Disable  stm32f1xx_hal_adc.o
    0x08001664   0x08001664   0x00000070   Code   RO          220    .text.ADC_Enable    stm32f1xx_hal_adc.o
    0x080016d4   0x080016d4   0x00000060   Code   RO           67    .text.ADC_StartReadVoltageFromChannels  adc.o
    0x08001734   0x08001734   0x00000002   Code   RO          157    .text.BusFault_Handler  stm32f1xx_it.o
    0x08001736   0x08001736   0x00000002   PAD
    0x08001738   0x08001738   0x00000034   Code   RO         1657    .text.DWT_Delay_us  dwt_timer.o
    0x0800176c   0x0800176c   0x00000048   Code   RO         1659    .text.DWT_Get_Microsecond  dwt_timer.o
    0x080017b4   0x080017b4   0x00000040   Code   RO         1649    .text.DWT_Timer_Init  dwt_timer.o
    0x080017f4   0x080017f4   0x00000002   Code   RO          163    .text.DebugMon_Handler  stm32f1xx_it.o
    0x080017f6   0x080017f6   0x00000008   Code   RO           38    .text.Error_Handler  main.o
    0x080017fe   0x080017fe   0x00000002   PAD
    0x08001800   0x08001800   0x000000d0   Code   RO          271    .text.HAL_ADCEx_Calibration_Start  stm32f1xx_hal_adc_ex.o
    0x080018d0   0x080018d0   0x00000108   Code   RO          254    .text.HAL_ADC_ConfigChannel  stm32f1xx_hal_adc.o
    0x080019d8   0x080019d8   0x00000006   Code   RO          242    .text.HAL_ADC_GetValue  stm32f1xx_hal_adc.o
    0x080019de   0x080019de   0x00000002   PAD
    0x080019e0   0x080019e0   0x00000110   Code   RO          208    .text.HAL_ADC_Init  stm32f1xx_hal_adc.o
    0x08001af0   0x08001af0   0x0000005c   Code   RO           63    .text.HAL_ADC_MspInit  adc.o
    0x08001b4c   0x08001b4c   0x0000014c   Code   RO          224    .text.HAL_ADC_PollForConversion  stm32f1xx_hal_adc.o
    0x08001c98   0x08001c98   0x000000bc   Code   RO          218    .text.HAL_ADC_Start  stm32f1xx_hal_adc.o
    0x08001d54   0x08001d54   0x00000032   Code   RO          222    .text.HAL_ADC_Stop  stm32f1xx_hal_adc.o
    0x08001d86   0x08001d86   0x0000003e   Code   RO          454    .text.HAL_DMA_Abort  stm32f1xx_hal_dma.o
    0x08001dc4   0x08001dc4   0x000000a4   Code   RO          456    .text.HAL_DMA_Abort_IT  stm32f1xx_hal_dma.o
    0x08001e68   0x08001e68   0x00000024   Code   RO          326    .text.HAL_Delay     stm32f1xx_hal.o
    0x08001e8c   0x08001e8c   0x000001a0   Code   RO          419    .text.HAL_GPIO_Init  stm32f1xx_hal_gpio.o
    0x0800202c   0x0800202c   0x0000000a   Code   RO          425    .text.HAL_GPIO_WritePin  stm32f1xx_hal_gpio.o
    0x08002036   0x08002036   0x00000002   PAD
    0x08002038   0x08002038   0x0000000c   Code   RO          318    .text.HAL_GetTick   stm32f1xx_hal.o
    0x08002044   0x08002044   0x00000174   Code   RO          657    .text.HAL_I2C_Init  stm32f1xx_hal_i2c.o
    0x080021b8   0x080021b8   0x000002ac   Code   RO          705    .text.HAL_I2C_Mem_Read  stm32f1xx_hal_i2c.o
    0x08002464   0x08002464   0x000000b8   Code   RO           85    .text.HAL_I2C_MspInit  i2c.o
    0x0800251c   0x0800251c   0x00000014   Code   RO          316    .text.HAL_IncTick   stm32f1xx_hal.o
    0x08002530   0x08002530   0x00000024   Code   RO          306    .text.HAL_Init      stm32f1xx_hal.o
    0x08002554   0x08002554   0x0000003c   Code   RO          308    .text.HAL_InitTick  stm32f1xx_hal.o
    0x08002590   0x08002590   0x00000040   Code   RO          183    .text.HAL_MspInit   stm32f1xx_hal_msp.o
    0x080025d0   0x080025d0   0x0000001c   Code   RO          485    .text.HAL_NVIC_EnableIRQ  stm32f1xx_hal_cortex.o
    0x080025ec   0x080025ec   0x0000003c   Code   RO          481    .text.HAL_NVIC_SetPriority  stm32f1xx_hal_cortex.o
    0x08002628   0x08002628   0x00000020   Code   RO          479    .text.HAL_NVIC_SetPriorityGrouping  stm32f1xx_hal_cortex.o
    0x08002648   0x08002648   0x000000c8   Code   RO          408    .text.HAL_RCCEx_GetPeriphCLKFreq  stm32f1xx_hal_rcc_ex.o
    0x08002710   0x08002710   0x000000f0   Code   RO          404    .text.HAL_RCCEx_PeriphCLKConfig  stm32f1xx_hal_rcc_ex.o
    0x08002800   0x08002800   0x00000140   Code   RO          371    .text.HAL_RCC_ClockConfig  stm32f1xx_hal_rcc.o
    0x08002940   0x08002940   0x00000014   Code   RO          383    .text.HAL_RCC_GetPCLK1Freq  stm32f1xx_hal_rcc.o
    0x08002954   0x08002954   0x00000018   Code   RO          385    .text.HAL_RCC_GetPCLK2Freq  stm32f1xx_hal_rcc.o
    0x0800296c   0x0800296c   0x00000058   Code   RO          373    .text.HAL_RCC_GetSysClockFreq  stm32f1xx_hal_rcc.o
    0x080029c4   0x080029c4   0x00000324   Code   RO          369    .text.HAL_RCC_OscConfig  stm32f1xx_hal_rcc.o
    0x08002ce8   0x08002ce8   0x00000028   Code   RO          493    .text.HAL_SYSTICK_Config  stm32f1xx_hal_cortex.o
    0x08002d10   0x08002d10   0x00000002   Code   RO         1110    .text.HAL_TIMEx_BreakCallback  stm32f1xx_hal_tim_ex.o
    0x08002d12   0x08002d12   0x00000002   Code   RO         1106    .text.HAL_TIMEx_CommutCallback  stm32f1xx_hal_tim_ex.o
    0x08002d14   0x08002d14   0x00000068   Code   RO         1100    .text.HAL_TIMEx_MasterConfigSynchronization  stm32f1xx_hal_tim_ex.o
    0x08002d7c   0x08002d7c   0x00000058   Code   RO          790    .text.HAL_TIM_Base_Init  stm32f1xx_hal_tim.o
    0x08002dd4   0x08002dd4   0x0000006c   Code   RO          106    .text.HAL_TIM_Base_MspInit  tim.o
    0x08002e40   0x08002e40   0x000000f8   Code   RO          978    .text.HAL_TIM_ConfigClockSource  stm32f1xx_hal_tim.o
    0x08002f38   0x08002f38   0x00000002   Code   RO          926    .text.HAL_TIM_IC_CaptureCallback  stm32f1xx_hal_tim.o
    0x08002f3a   0x08002f3a   0x00000116   Code   RO          924    .text.HAL_TIM_IRQHandler  stm32f1xx_hal_tim.o
    0x08003050   0x08003050   0x00000048   Code   RO          102    .text.HAL_TIM_MspPostInit  tim.o
    0x08003098   0x08003098   0x00000002   Code   RO          928    .text.HAL_TIM_OC_DelayElapsedCallback  stm32f1xx_hal_tim.o
    0x0800309a   0x0800309a   0x00000002   PAD
    0x0800309c   0x0800309c   0x00000098   Code   RO          952    .text.HAL_TIM_PWM_ConfigChannel  stm32f1xx_hal_tim.o
    0x08003134   0x08003134   0x00000058   Code   RO          844    .text.HAL_TIM_PWM_Init  stm32f1xx_hal_tim.o
    0x0800318c   0x0800318c   0x00000002   Code   RO          846    .text.HAL_TIM_PWM_MspInit  stm32f1xx_hal_tim.o
    0x0800318e   0x0800318e   0x00000002   Code   RO          930    .text.HAL_TIM_PWM_PulseFinishedCallback  stm32f1xx_hal_tim.o
    0x08003190   0x08003190   0x00000098   Code   RO          852    .text.HAL_TIM_PWM_Start  stm32f1xx_hal_tim.o
    0x08003228   0x08003228   0x00000030   Code   RO         1628    .text.HAL_TIM_PeriodElapsedCallback  user_main.o
    0x08003258   0x08003258   0x00000002   Code   RO          934    .text.HAL_TIM_TriggerCallback  stm32f1xx_hal_tim.o
    0x0800325a   0x0800325a   0x00000002   Code   RO         1217    .text.HAL_UARTEx_RxEventCallback  stm32f1xx_hal_uart.o
    0x0800325c   0x0800325c   0x00000002   Code   RO         1215    .text.HAL_UART_ErrorCallback  stm32f1xx_hal_uart.o
    0x0800325e   0x0800325e   0x00000002   PAD
    0x08003260   0x08003260   0x00000290   Code   RO         1209    .text.HAL_UART_IRQHandler  stm32f1xx_hal_uart.o
    0x080034f0   0x080034f0   0x0000005e   Code   RO         1125    .text.HAL_UART_Init  stm32f1xx_hal_uart.o
    0x0800354e   0x0800354e   0x00000002   PAD
    0x08003550   0x08003550   0x00000088   Code   RO          123    .text.HAL_UART_MspInit  usart.o
    0x080035d8   0x080035d8   0x000000ba   Code   RO         1145    .text.HAL_UART_Receive  stm32f1xx_hal_uart.o
    0x08003692   0x08003692   0x00000002   Code   RO         1223    .text.HAL_UART_RxCpltCallback  stm32f1xx_hal_uart.o
    0x08003694   0x08003694   0x000000aa   Code   RO         1141    .text.HAL_UART_Transmit  stm32f1xx_hal_uart.o
    0x0800373e   0x0800373e   0x00000002   Code   RO         1219    .text.HAL_UART_TxCpltCallback  stm32f1xx_hal_uart.o
    0x08003740   0x08003740   0x00000002   Code   RO          153    .text.HardFault_Handler  stm32f1xx_it.o
    0x08003742   0x08003742   0x00000002   PAD
    0x08003744   0x08003744   0x00000030   Code   RO          779    .text.I2C_IsAcknowledgeFailed  stm32f1xx_hal_i2c.o
    0x08003774   0x08003774   0x00000104   Code   RO          707    .text.I2C_RequestMemoryRead  stm32f1xx_hal_i2c.o
    0x08003878   0x08003878   0x00000092   Code   RO          667    .text.I2C_WaitOnFlagUntilTimeout  stm32f1xx_hal_i2c.o
    0x0800390a   0x0800390a   0x00000002   PAD
    0x0800390c   0x0800390c   0x000000b4   Code   RO          777    .text.I2C_WaitOnMasterAddressFlagUntilTimeout  stm32f1xx_hal_i2c.o
    0x080039c0   0x080039c0   0x00000066   Code   RO          675    .text.I2C_WaitOnRXNEFlagUntilTimeout  stm32f1xx_hal_i2c.o
    0x08003a26   0x08003a26   0x00000056   Code   RO          669    .text.I2C_WaitOnTXEFlagUntilTimeout  stm32f1xx_hal_i2c.o
    0x08003a7c   0x08003a7c   0x00000078   Code   RO           61    .text.MX_ADC1_Init  adc.o
    0x08003af4   0x08003af4   0x000000d8   Code   RO           50    .text.MX_GPIO_Init  gpio.o
    0x08003bcc   0x08003bcc   0x0000003c   Code   RO           81    .text.MX_I2C1_Init  i2c.o
    0x08003c08   0x08003c08   0x00000040   Code   RO           83    .text.MX_I2C2_Init  i2c.o
    0x08003c48   0x08003c48   0x000000c0   Code   RO          100    .text.MX_TIM2_Init  tim.o
    0x08003d08   0x08003d08   0x00000068   Code   RO          104    .text.MX_TIM4_Init  tim.o
    0x08003d70   0x08003d70   0x0000003c   Code   RO          121    .text.MX_USART1_UART_Init  usart.o
    0x08003dac   0x08003dac   0x00000002   Code   RO          155    .text.MemManage_Handler  stm32f1xx_it.o
    0x08003dae   0x08003dae   0x00000002   Code   RO          151    .text.NMI_Handler   stm32f1xx_it.o
    0x08003db0   0x08003db0   0x00000002   Code   RO          165    .text.PendSV_Handler  stm32f1xx_it.o
    0x08003db2   0x08003db2   0x00000002   PAD
    0x08003db4   0x08003db4   0x0000003c   Code   RO           32    .text.SEGGER_Printf_Float  main.o
    0x08003df0   0x08003df0   0x00000034   Code   RO         1311    .text.SEGGER_RTT_Write  segger_rtt.o
    0x08003e24   0x08003e24   0x0000005c   Code   RO         1307    .text.SEGGER_RTT_WriteNoLock  segger_rtt.o
    0x08003e80   0x08003e80   0x0000001a   Code   RO         1276    .text.SEGGER_RTT_printf  segger_rtt_printf.o
    0x08003e9a   0x08003e9a   0x00000002   PAD
    0x08003e9c   0x08003e9c   0x000002d4   Code   RO         1270    .text.SEGGER_RTT_vprintf  segger_rtt_printf.o
    0x08004170   0x08004170   0x00000002   Code   RO          161    .text.SVC_Handler   stm32f1xx_it.o
    0x08004172   0x08004172   0x00000004   Code   RO          167    .text.SysTick_Handler  stm32f1xx_it.o
    0x08004176   0x08004176   0x00000088   Code   RO           36    .text.SystemClock_Config  main.o
    0x080041fe   0x080041fe   0x00000002   Code   RO         1254    .text.SystemInit    system_stm32f1xx.o
    0x08004200   0x08004200   0x0000000c   Code   RO          169    .text.TIM2_IRQHandler  stm32f1xx_it.o
    0x0800420c   0x0800420c   0x0000000c   Code   RO          171    .text.TIM4_IRQHandler  stm32f1xx_it.o
    0x08004218   0x08004218   0x00000064   Code   RO          794    .text.TIM_Base_SetConfig  stm32f1xx_hal_tim.o
    0x0800427c   0x0800427c   0x0000001e   Code   RO          828    .text.TIM_CCxChannelCmd  stm32f1xx_hal_tim.o
    0x0800429a   0x0800429a   0x00000002   PAD
    0x0800429c   0x0800429c   0x00000058   Code   RO          938    .text.TIM_OC1_SetConfig  stm32f1xx_hal_tim.o
    0x080042f4   0x080042f4   0x00000060   Code   RO          940    .text.TIM_OC2_SetConfig  stm32f1xx_hal_tim.o
    0x08004354   0x08004354   0x00000060   Code   RO          942    .text.TIM_OC3_SetConfig  stm32f1xx_hal_tim.o
    0x080043b4   0x080043b4   0x0000004c   Code   RO          944    .text.TIM_OC4_SetConfig  stm32f1xx_hal_tim.o
    0x08004400   0x08004400   0x00000022   Code   RO          980    .text.TIM_TI1_ConfigInputStage  stm32f1xx_hal_tim.o
    0x08004422   0x08004422   0x00000024   Code   RO          982    .text.TIM_TI2_ConfigInputStage  stm32f1xx_hal_tim.o
    0x08004446   0x08004446   0x0000000c   Code   RO         1213    .text.UART_DMAAbortOnError  stm32f1xx_hal_uart.o
    0x08004452   0x08004452   0x0000004e   Code   RO         1173    .text.UART_EndRxTransfer  stm32f1xx_hal_uart.o
    0x080044a0   0x080044a0   0x0000002c   Code   RO          135    .text.UART_Printf   usart.o
    0x080044cc   0x080044cc   0x000000c2   Code   RO         1211    .text.UART_Receive_IT  stm32f1xx_hal_uart.o
    0x0800458e   0x0800458e   0x00000002   PAD
    0x08004590   0x08004590   0x00000040   Code   RO          129    .text.UART_SendString  usart.o
    0x080045d0   0x080045d0   0x00000084   Code   RO         1129    .text.UART_SetConfig  stm32f1xx_hal_uart.o
    0x08004654   0x08004654   0x0000006c   Code   RO         1143    .text.UART_WaitOnFlagUntilTimeout  stm32f1xx_hal_uart.o
    0x080046c0   0x080046c0   0x0000000c   Code   RO          173    .text.USART1_IRQHandler  stm32f1xx_it.o
    0x080046cc   0x080046cc   0x00000002   Code   RO          159    .text.UsageFault_Handler  stm32f1xx_it.o
    0x080046ce   0x080046ce   0x00000002   PAD
    0x080046d0   0x080046d0   0x00000070   Code   RO         1289    .text._DoInit       segger_rtt.o
    0x08004740   0x08004740   0x00000070   Code   RO         1630    .text._GLOBAL__sub_I_user_main.cpp  user_main.o
    0x080047b0   0x080047b0   0x00000014   Code   RO         1301    .text._GetAvailWriteSpace  segger_rtt.o
    0x080047c4   0x080047c4   0x000000e4   Code   RO         1274    .text._PrintUnsigned  segger_rtt_printf.o
    0x080048a8   0x080048a8   0x00000042   Code   RO         1272    .text._StoreChar    segger_rtt_printf.o
    0x080048ea   0x080048ea   0x0000005e   Code   RO         1305    .text._WriteBlocking  segger_rtt.o
    0x08004948   0x08004948   0x00000040   Code   RO         1303    .text._WriteNoCheck  segger_rtt.o
    0x08004988   0x08004988   0x00000014   Code   RO         1386    .text._Z11_sqrtApproxf  foc_utils.o
    0x0800499c   0x0800499c   0x00000024   Code   RO         1382    .text._Z15_normalizeAnglef  foc_utils.o
    0x080049c0   0x080049c0   0x00000012   Code   RO         1384    .text._Z16_electricalAnglefi  foc_utils.o
    0x080049d2   0x080049d2   0x00000002   PAD
    0x080049d4   0x080049d4   0x00000030   Code   RO         1376    .text._Z4_cosf      foc_utils.o
    0x08004a04   0x08004a04   0x00000090   Code   RO         1374    .text._Z4_sinf      foc_utils.o
    0x08004a94   0x08004a94   0x00000004   Code   RO         1426    .text._Z6_delaym    time_utils.o
    0x08004a98   0x08004a98   0x00000004   Code   RO         1428    .text._Z7_microsv   time_utils.o
    0x08004a9c   0x08004a9c   0x00000018   Code   RO         1378    .text._Z7_sincosfPfS_  foc_utils.o
    0x08004ab4   0x08004ab4   0x00000008   Code   RO         1520    .text._ZN10AS5600_I2C11getRawCountEv  as5600_i2c.o
    0x08004abc   0x08004abc   0x00000008   Code   RO         1524    .text._ZN10AS5600_I2C14getOutRawCountEv  as5600_i2c.o
    0x08004ac4   0x08004ac4   0x0000001c   Code   RO         1518    .text._ZN10AS5600_I2C14getSensorAngleEv  as5600_i2c.o
    0x08004ae0   0x08004ae0   0x00000020   Code   RO         1522    .text._ZN10AS5600_I2C17getOutSensorAngleEv  as5600_i2c.o
    0x08004b00   0x08004b00   0x00000008   Code   RO         1516    .text._ZN10AS5600_I2C4initEP17I2C_HandleTypeDefS1_  as5600_i2c.o
    0x08004b08   0x08004b08   0x00000040   Code   RO         1526    .text._ZN10AS5600_I2C4readEh  as5600_i2c.o
    0x08004b48   0x08004b48   0x00000040   Code   RO         1528    .text._ZN10AS5600_I2C7readOutEh  as5600_i2c.o
    0x08004b88   0x08004b88   0x00000068   Code   RO         1514    .text._ZN10AS5600_I2CC2E18AS5600_I2CConfig_s  as5600_i2c.o
    0x08004bf0   0x08004bf0   0x00000004   Code   RO         1442    .text._ZN12CurrentSense10linkDriverEP10BLDCDriver  currentsense.o
    0x08004bf4   0x08004bf4   0x00000134   Code   RO         1438    .text._ZN12CurrentSense12getDCCurrentEf  currentsense.o
    0x08004d28   0x08004d28   0x0000011c   Code   RO         1440    .text._ZN12CurrentSense14getFOCCurrentsEf  currentsense.o
    0x08004e44   0x08004e44   0x00000014   Code   RO         1398    .text._ZN13LowPassFilterC2Ef  lowpass_filter.o
    0x08004e58   0x08004e58   0x0000007c   Code   RO         1400    .text._ZN13LowPassFilterclEf  lowpass_filter.o
    0x08004ed4   0x08004ed4   0x00000020   Code   RO         1411    .text._ZN13PIDControllerC2Efffff  pid.o
    0x08004ef4   0x08004ef4   0x00000198   Code   RO         1413    .text._ZN13PIDControllerclEf  pid.o
    0x0800508c   0x0800508c   0x00000002   Code   RO         1549    .text._ZN14BLDCDriver3PWM13setPhaseStateE10PhaseStateS0_S0_  bldcdriver3pwm.o
    0x0800508e   0x0800508e   0x00000002   PAD
    0x08005090   0x08005090   0x000000a4   Code   RO         1547    .text._ZN14BLDCDriver3PWM4initEv  bldcdriver3pwm.o
    0x08005134   0x08005134   0x00000040   Code   RO         1543    .text._ZN14BLDCDriver3PWM6enableEv  bldcdriver3pwm.o
    0x08005174   0x08005174   0x000000f8   Code   RO         1551    .text._ZN14BLDCDriver3PWM6setPwmEfff  bldcdriver3pwm.o
    0x0800526c   0x0800526c   0x0000003c   Code   RO         1545    .text._ZN14BLDCDriver3PWM7disableEv  bldcdriver3pwm.o
    0x080052a8   0x080052a8   0x0000004c   Code   RO         1541    .text._ZN14BLDCDriver3PWMC2Eiiiiii  bldcdriver3pwm.o
    0x080052f4   0x080052f4   0x00000740   Code   RO         1573    .text._ZN18InlineCurrentSense11driverAlignEf  inlinecurrentsense.o
    0x08005a34   0x08005a34   0x000000b4   Code   RO         1569    .text._ZN18InlineCurrentSense16calibrateOffsetsEv  inlinecurrentsense.o
    0x08005ae8   0x08005ae8   0x0000005c   Code   RO         1571    .text._ZN18InlineCurrentSense16getPhaseCurrentsEv  inlinecurrentsense.o
    0x08005b44   0x08005b44   0x00000010   Code   RO         1567    .text._ZN18InlineCurrentSense4initEv  inlinecurrentsense.o
    0x08005b54   0x08005b54   0x0000004c   Code   RO         1563    .text._ZN18InlineCurrentSenseC2Effiii  inlinecurrentsense.o
    0x08005ba0   0x08005ba0   0x0000001c   Code   RO         1494    .text._ZN6Sensor11getOutAngleEv  sensor.o
    0x08005bbc   0x08005bbc   0x0000007c   Code   RO         1484    .text._ZN6Sensor11getVelocityEv  sensor.o
    0x08005c38   0x08005c38   0x00000004   Code   RO         1500    .text._ZN6Sensor11needsSearchEv  sensor.o
    0x08005c3c   0x08005c3c   0x00000074   Code   RO         1486    .text._ZN6Sensor14getVelocityOutEv  sensor.o
    0x08005cb0   0x08005cb0   0x00000030   Code   RO         1496    .text._ZN6Sensor15getPreciseAngleEv  sensor.o
    0x08005ce0   0x08005ce0   0x00000004   Code   RO         1498    .text._ZN6Sensor16getFullRotationsEv  sensor.o
    0x08005ce4   0x08005ce4   0x00000004   Code   RO         1490    .text._ZN6Sensor18getMechanicalAngleEv  sensor.o
    0x08005ce8   0x08005ce8   0x00000048   Code   RO         1488    .text._ZN6Sensor4initEv  sensor.o
    0x08005d30   0x08005d30   0x00000054   Code   RO         1480    .text._ZN6Sensor6updateEv  sensor.o
    0x08005d84   0x08005d84   0x00000020   Code   RO         1492    .text._ZN6Sensor8getAngleEv  sensor.o
    0x08005da4   0x08005da4   0x00000050   Code   RO         1482    .text._ZN6Sensor9OutupdateEv  sensor.o
    0x08005df4   0x08005df4   0x00000006   Code   RO         1456    .text._ZN8FOCMotor10linkSensorEP6Sensor  focmotor.o
    0x08005dfa   0x08005dfa   0x0000003a   Code   RO         1460    .text._ZN8FOCMotor10shaftAngleEv  focmotor.o
    0x08005e34   0x08005e34   0x0000003a   Code   RO         1462    .text._ZN8FOCMotor13shaftAngleOutEv  focmotor.o
    0x08005e6e   0x08005e6e   0x0000003a   Code   RO         1468    .text._ZN8FOCMotor15electricalAngleEv  focmotor.o
    0x08005ea8   0x08005ea8   0x00000006   Code   RO         1458    .text._ZN8FOCMotor16linkCurrentSenseEP12CurrentSense  focmotor.o
    0x08005eae   0x08005eae   0x00000032   Code   RO         1466    .text._ZN8FOCMotor16shaftVelocityOutEv  focmotor.o
    0x08005ee0   0x08005ee0   0x00000120   Code   RO         1454    .text._ZN8FOCMotorC2Ev  focmotor.o
    0x08006000   0x08006000   0x00000006   Code   RO         1587    .text._ZN9BLDCMotor10linkDriverEP10BLDCDriver  bldcmotor.o
    0x08006006   0x08006006   0x00000002   PAD
    0x08006008   0x08006008   0x000002dc   Code   RO         1597    .text._ZN9BLDCMotor11alignSensorEv  bldcmotor.o
    0x080062e4   0x080062e4   0x00000150   Code   RO         1603    .text._ZN9BLDCMotor13angleOpenloopEf  bldcmotor.o
    0x08006434   0x08006434   0x000003e8   Code   RO         1611    .text._ZN9BLDCMotor15setPhaseVoltageEfff  bldcmotor.o
    0x0800681c   0x0800681c   0x000000e8   Code   RO         1609    .text._ZN9BLDCMotor16velocityOpenloopEf  bldcmotor.o
    0x08006904   0x08006904   0x00000080   Code   RO         1599    .text._ZN9BLDCMotor17alignCurrentSenseEv  bldcmotor.o
    0x08006984   0x08006984   0x000000e4   Code   RO         1601    .text._ZN9BLDCMotor18absoluteZeroSearchEv  bldcmotor.o
    0x08006a68   0x08006a68   0x00000128   Code   RO         1589    .text._ZN9BLDCMotor4initEv  bldcmotor.o
    0x08006b90   0x08006b90   0x000002d8   Code   RO         1607    .text._ZN9BLDCMotor4moveEf  bldcmotor.o
    0x08006e68   0x08006e68   0x00000028   Code   RO         1593    .text._ZN9BLDCMotor6enableEv  bldcmotor.o
    0x08006e90   0x08006e90   0x00000028   Code   RO         1591    .text._ZN9BLDCMotor7disableEv  bldcmotor.o
    0x08006eb8   0x08006eb8   0x00000130   Code   RO         1595    .text._ZN9BLDCMotor7initFOCEv  bldcmotor.o
    0x08006fe8   0x08006fe8   0x00000180   Code   RO         1605    .text._ZN9BLDCMotor7loopFOCEv  bldcmotor.o
    0x08007168   0x08007168   0x00000050   Code   RO         1585    .text._ZN9BLDCMotorC2Eifff  bldcmotor.o
    0x080071b8   0x080071b8   0x00000024   Code   RO          483    .text.__NVIC_SetPriority  stm32f1xx_hal_cortex.o
    0x080071dc   0x080071dc   0x00000028   Code   RO         1824    .text.__cxa_pure_virtual  libcppabi_wx.l(cxa_virtual.cpp.o)
    0x08007204   0x08007204   0x00000038   Code   RO           69    .text._readADCVoltageInline  adc.o
    0x0800723c   0x0800723c   0x00000046   Code   RO         1671    .text._writeDutyCycle3PWM  bsp_pwm.o
    0x08007282   0x08007282   0x00000006   Code   RO         1992    .text.abort_message  libcppabi_wx.l(abort_message.cpp.o)
    0x08007288   0x08007288   0x0000002a   Code   RO           34    .text.main          main.o
    0x080072b2   0x080072b2   0x00000002   PAD
    0x080072b4   0x080072b4   0x00000128   Code   RO         1626    .text.main_Cpp      user_main.o
    0x080073dc   0x080073dc   0x0000003e   Code   RO         2124    CL$$btod_d2e        c_w.l(btod.o)
    0x0800741a   0x0800741a   0x00000046   Code   RO         2126    CL$$btod_d2e_denorm_low  c_w.l(btod.o)
    0x08007460   0x08007460   0x00000060   Code   RO         2125    CL$$btod_d2e_norm_op1  c_w.l(btod.o)
    0x080074c0   0x080074c0   0x00000338   Code   RO         2134    CL$$btod_div_common  c_w.l(btod.o)
    0x080077f8   0x080077f8   0x000000dc   Code   RO         2131    CL$$btod_e2e        c_w.l(btod.o)
    0x080078d4   0x080078d4   0x0000002a   Code   RO         2128    CL$$btod_ediv       c_w.l(btod.o)
    0x080078fe   0x080078fe   0x0000002a   Code   RO         2127    CL$$btod_emul       c_w.l(btod.o)
    0x08007928   0x08007928   0x00000244   Code   RO         2133    CL$$btod_mult_common  c_w.l(btod.o)
    0x08007b6c   0x08007b6c   0x00000028   Code   RO         2168    i.__ARM_fpclassify  m_ws.l(fpclassify.o)
    0x08007b94   0x08007b94   0x00000008   Code   RO         2071    i.__mathlib_flt_invalid  m_ws.l(funder.o)
    0x08007b9c   0x08007b9c   0x0000000e   Code   RO         1731    i._is_digit         c_w.l(__printf_wp.o)
    0x08007baa   0x08007baa   0x00000028   Code   RO         1872    i.fmaxf             m_ws.l(fmaxf.o)
    0x08007bd2   0x08007bd2   0x00000028   Code   RO         1874    i.fminf             m_ws.l(fminf.o)
    0x08007bfa   0x08007bfa   0x0000006c   Code   RO         1865    i.fmodf             m_ws.l(fmodf.o)
    0x08007c66   0x08007c66   0x00000002   PAD
    0x08007c68   0x08007c68   0x0000002c   Code   RO         2151    locale$$code        c_w.l(lc_numeric_c.o)
    0x08007c94   0x08007c94   0x0000002c   Code   RO         2215    locale$$code        c_w.l(lc_ctype_c.o)
    0x08007cc0   0x08007cc0   0x00000062   Code   RO         1765    x$fpl$d2f           fz_ws.l(d2f.o)
    0x08007d22   0x08007d22   0x00000002   PAD
    0x08007d24   0x08007d24   0x00000150   Code   RO         1767    x$fpl$dadd          fz_ws.l(daddsub_clz.o)
    0x08007e74   0x08007e74   0x0000005a   Code   RO         1773    x$fpl$dfixu         fz_ws.l(dfixu.o)
    0x08007ece   0x08007ece   0x0000002e   Code   RO         1778    x$fpl$dflt          fz_ws.l(dflt_clz.o)
    0x08007efc   0x08007efc   0x00000154   Code   RO         1783    x$fpl$dmul          fz_ws.l(dmul.o)
    0x08008050   0x08008050   0x0000009c   Code   RO         1970    x$fpl$dnaninf       fz_ws.l(dnaninf.o)
    0x080080ec   0x080080ec   0x0000000c   Code   RO         1972    x$fpl$dretinf       fz_ws.l(dretinf.o)
    0x080080f8   0x080080f8   0x000001d4   Code   RO         1769    x$fpl$dsub          fz_ws.l(daddsub_clz.o)
    0x080082cc   0x080082cc   0x00000056   Code   RO         1785    x$fpl$f2d           fz_ws.l(f2d.o)
    0x08008322   0x08008322   0x00000002   PAD
    0x08008324   0x08008324   0x000000c4   Code   RO         1787    x$fpl$fadd          fz_ws.l(faddsub_clz.o)
    0x080083e8   0x080083e8   0x00000054   Code   RO         1793    x$fpl$fcmp          fz_ws.l(fcmp.o)
    0x0800843c   0x0800843c   0x0000008e   Code   RO         1974    x$fpl$fcmp4         fz_ws.l(fcmp4.o)
    0x080084ca   0x080084ca   0x00000018   Code   RO         2159    x$fpl$fcmpinf       fz_ws.l(fcmpi.o)
    0x080084e2   0x080084e2   0x00000002   PAD
    0x080084e4   0x080084e4   0x00000184   Code   RO         1796    x$fpl$fdiv          fz_ws.l(fdiv.o)
    0x08008668   0x08008668   0x00000068   Code   RO         1978    x$fpl$feqf          fz_ws.l(feqf.o)
    0x080086d0   0x080086d0   0x00000036   Code   RO         1799    x$fpl$ffix          fz_ws.l(ffix.o)
    0x08008706   0x08008706   0x00000002   PAD
    0x08008708   0x08008708   0x0000003e   Code   RO         1803    x$fpl$ffixu         fz_ws.l(ffixu.o)
    0x08008746   0x08008746   0x00000002   PAD
    0x08008748   0x08008748   0x00000030   Code   RO         1808    x$fpl$fflt          fz_ws.l(fflt_clz.o)
    0x08008778   0x08008778   0x00000026   Code   RO         1807    x$fpl$ffltu         fz_ws.l(fflt_clz.o)
    0x0800879e   0x0800879e   0x00000002   PAD
    0x080087a0   0x080087a0   0x00000068   Code   RO         1980    x$fpl$fgeqf         fz_ws.l(fgeqf.o)
    0x08008808   0x08008808   0x00000068   Code   RO         1982    x$fpl$fleqf         fz_ws.l(fleqf.o)
    0x08008870   0x08008870   0x00000102   Code   RO         1813    x$fpl$fmul          fz_ws.l(fmul.o)
    0x08008972   0x08008972   0x0000008c   Code   RO         1984    x$fpl$fnaninf       fz_ws.l(fnaninf.o)
    0x080089fe   0x080089fe   0x00000002   PAD
    0x08008a00   0x08008a00   0x000000f4   Code   RO         1986    x$fpl$frem          fz_ws.l(frem_clz.o)
    0x08008af4   0x08008af4   0x0000000a   Code   RO         1988    x$fpl$fretinf       fz_ws.l(fretinf.o)
    0x08008afe   0x08008afe   0x00000014   Code   RO         1788    x$fpl$frsb          fz_ws.l(faddsub_clz.o)
    0x08008b12   0x08008b12   0x00000002   PAD
    0x08008b14   0x08008b14   0x000000ea   Code   RO         1789    x$fpl$fsub          fz_ws.l(faddsub_clz.o)
    0x08008bfe   0x08008bfe   0x00000004   Code   RO         1815    x$fpl$printf1       fz_ws.l(printf1.o)
    0x08008c02   0x08008c02   0x00000004   Code   RO         1817    x$fpl$printf2       fz_ws.l(printf2.o)
    0x08008c06   0x08008c06   0x00000000   Code   RO         1990    x$fpl$usenofp       fz_ws.l(usenofp.o)
    0x08008c06   0x08008c06   0x00000028   Data   RO         1719    .constdata          c_w.l(_printf_hex_int_ll_ptr.o)
    0x08008c2e   0x08008c2e   0x00000011   Data   RO         1739    .constdata          c_w.l(__printf_flags_ss_wp.o)
    0x08008c3f   0x08008c3f   0x00000026   Data   RO         1892    .constdata          c_w.l(_printf_fp_hex.o)
    0x08008c65   0x08008c65   0x00000003   PAD
    0x08008c68   0x08008c68   0x00000008   Data   RO         1901    .constdata          c_w.l(_printf_wctomb.o)
    0x08008c70   0x08008c70   0x00000094   Data   RO         2122    .constdata          c_w.l(bigflt0.o)
    0x08008d04   0x08008d04   0x00000010   Data   RO         1259    .rodata.AHBPrescTable  system_stm32f1xx.o
    0x08008d14   0x08008d14   0x00000008   Data   RO         1260    .rodata.APBPrescTable  system_stm32f1xx.o
    0x08008d1c   0x08008d1c   0x0000003c   Data   RO         1531    .rodata._ZTV10AS5600_I2C  as5600_i2c.o
    0x08008d58   0x08008d58   0x0000001c   Data   RO         1553    .rodata._ZTV14BLDCDriver3PWM  bldcdriver3pwm.o
    0x08008d74   0x08008d74   0x00000018   Data   RO         1575    .rodata._ZTV18InlineCurrentSense  inlinecurrentsense.o
    0x08008d8c   0x08008d8c   0x00000024   Data   RO         1478    .rodata._ZTV8FOCMotor  focmotor.o
    0x08008db0   0x08008db0   0x00000028   Data   RO         1615    .rodata._ZTV9BLDCMotor  bldcmotor.o
    0x08008dd8   0x08008dd8   0x00000082   Data   RO         1388    .rodata._ZZ4_sinfE10sine_array  foc_utils.o
    0x08008e5a   0x08008e5a   0x00000009   Data   RO         1362    .rodata.str1.1      segger_rtt.o
    0x08008e63   0x08008e63   0x0000005f   Data   RO         1616    .rodata.str1.1      bldcmotor.o
    0x08008ec2   0x08008ec2   0x00000002   PAD
    0x08008ec4   0x08008ec4   0x00000020   Data   RO         2278    Region$$Table       anon$$obj.o
    0x08008ee4   0x08008ee4   0x0000001c   Data   RO         2150    locale$$data        c_w.l(lc_numeric_c.o)
    0x08008f00   0x08008f00   0x00000110   Data   RO         2214    locale$$data        c_w.l(lc_ctype_c.o)
    0x08009010   0x08009010   0x00000004   Data   RO         1638    .init_array         user_main.o
    0x08009014   0x08009010   0x00000000   Data   RO         1760    .init_array         c_w.l(init_aeabi.o)


    Execution Region RW_IRAM1 (Exec base: 0x20000000, Load base: 0x08009018, Size: 0x00001038, Max: 0x00005000, ABSOLUTE)

    Exec Addr    Load Addr    Size         Type   Attr      Idx    E Section Name        Object

    0x20000000   0x08009018   0x00000008   Data   RW          357    .data..L_MergedGlobals  stm32f1xx_hal.o
    0x20000008   0x08009020   0x00000010   Data   RW         1530    .data.AS5600_I2C_Config  as5600_i2c.o
    0x20000018   0x08009030   0x00000004   Data   RW         1258    .data.SystemCoreClock  system_stm32f1xx.o
    0x2000001c   0x08009034   0x00000004   Data   RW         1635    .data.targetAngle   user_main.o
    0x20000020   0x08009038   0x00000048   Data   RW         1613    .data.trap_120_map  bldcmotor.o
    0x20000068   0x08009080   0x00000090   Data   RW         1614    .data.trap_150_map  bldcmotor.o
    0x200000f8        -       0x00000060   Zero   RW         2171    .bss                c_w.l(libspace.o)
    0x20000158        -       0x00000038   Zero   RW           71    .bss..L_MergedGlobals  adc.o
    0x20000190        -       0x00000044   Zero   RW         1639    .bss..L_MergedGlobals  user_main.o
    0x200001d4        -       0x00000018   Zero   RW         1661    .bss..L_MergedGlobals  dwt_timer.o
    0x200001ec        -       0x00000054   Zero   RW         1632    .bss.AS5600_1       user_main.o
    0x20000240        -       0x000000a8   Zero   RW         1359    .bss._SEGGER_RTT    segger_rtt.o
    0x200002e8        -       0x00000010   Zero   RW         1364    .bss._acDownBuffer  segger_rtt.o
    0x200002f8        -       0x00000400   Zero   RW         1363    .bss._acUpBuffer    segger_rtt.o
    0x200006f8        -       0x00000044   Zero   RW         1634    .bss.currentSense   user_main.o
    0x2000073c        -       0x00000054   Zero   RW           89    .bss.hi2c1          i2c.o
    0x20000790        -       0x00000054   Zero   RW           90    .bss.hi2c2          i2c.o
    0x200007e4        -       0x00000048   Zero   RW          110    .bss.htim2          tim.o
    0x2000082c        -       0x00000048   Zero   RW          111    .bss.htim4          tim.o
    0x20000874        -       0x00000048   Zero   RW          141    .bss.huart1         usart.o
    0x200008bc        -       0x00000178   Zero   RW         1633    .bss.motor          user_main.o
    0x20000a34        -       0x00000004   Zero   RW          356    .bss.uwTick         stm32f1xx_hal.o
    0x20000a38        -       0x00000200   Zero   RW            2    HEAP                startup_stm32f103xb.o
    0x20000c38        -       0x00000400   Zero   RW            1    STACK               startup_stm32f103xb.o


==============================================================================

Image component sizes


      Code (inc. data)   RO Data    RW Data    ZI Data      Debug   Object Name

       364         28          0          0         56       4694   adc.o
       316         12         60         16          0      21010   as5600_i2c.o
       614        112         28          0          0      20412   bldcdriver3pwm.o
      4534        654        135        216          0      25931   bldcmotor.o
        70          0          0          0          0       3800   bsp_pwm.o
       596         16          0          0          0      19661   currentsense.o
       188         16          0          0         24       2187   dwt_timer.o
       290         24        130          0          0      19599   foc_utils.o
       524         44         36          0          0      22634   focmotor.o
       216         16          0          0          0       1610   gpio.o
       308         32          0          0        168       4563   i2c.o
      2220         68         24          0          0      22961   inlinecurrentsense.o
       144          4          0          0          0      18007   lowpass_filter.o
       246         12          0          0          0       2300   main.o
       440          4          0          0          0      18816   pid.o
       434         40          9          0       1208      15598   segger_rtt.o
      1044         54          0          0          0       4605   segger_rtt_printf.o
       596         24          0          0          0      20594   sensor.o
        64         26        236          0       1536        760   startup_stm32f103xb.o
       164         20          0          8          4       5767   stm32f1xx_hal.o
      1300         56          0          0          0      10220   stm32f1xx_hal_adc.o
       208          0          0          0          0       8133   stm32f1xx_hal_adc_ex.o
       196         28          0          0          0       7867   stm32f1xx_hal_cortex.o
       226         24          0          0          0       6512   stm32f1xx_hal_dma.o
       426         56          0          0          0       4298   stm32f1xx_hal_gpio.o
      1878         40          0          0          0      36180   stm32f1xx_hal_i2c.o
        64          8          0          0          0       1162   stm32f1xx_hal_msp.o
      1256         68          0          0          0       6865   stm32f1xx_hal_rcc.o
       440         32          0          0          0       3245   stm32f1xx_hal_rcc_ex.o
      1572         24          0          0          0      39362   stm32f1xx_hal_tim.o
       108          8          0          0          0      16562   stm32f1xx_hal_tim_ex.o
      1638          8          0          0          0      22036   stm32f1xx_hal_uart.o
        56         12          0          0          0       1237   stm32f1xx_it.o
         2          0         24          4          0       1511   system_stm32f1xx.o
       476         28          0          0        144       6824   tim.o
         8          0          0          0          0      17293   time_utils.o
       304         20          0          0         72       7072   usart.o
       456        100          4          4        596      20214   user_main.o

    ----------------------------------------------------------------------
     24022       1718        720        248       3808     472102   Object Totals
         0          0         32          0          0          0   (incl. Generated)
        36          0          2          0          0          0   (incl. Padding)

    ----------------------------------------------------------------------

      Code (inc. data)   RO Data    RW Data    ZI Data      Debug   Library Member Name

        44          6          0          0          0         84   __2sprintf.o
         8          0          0          0          0         68   __main.o
       392          4         17          0          0         92   __printf_flags_ss_wp.o
        14          0          0          0          0         68   __printf_wp.o
         0          0          0          0          0          0   __rtentry.o
        12          0          0          0          0          0   __rtentry2.o
         6          0          0          0          0          0   __rtentry4.o
        52          8          0          0          0          0   __scatter.o
        26          0          0          0          0          0   __scatter_copy.o
        28          0          0          0          0          0   __scatter_zi.o
        72          0          0          0          0         96   _c16rtomb.o
         6          0          0          0          0          0   _printf_a.o
         6          0          0          0          0          0   _printf_c.o
        44          0          0          0          0        108   _printf_char.o
        48          6          0          0          0         96   _printf_char_common.o
        40          0          0          0          0         68   _printf_charcount.o
         6          0          0          0          0          0   _printf_d.o
       120         16          0          0          0         92   _printf_dec.o
         6          0          0          0          0          0   _printf_e.o
         6          0          0          0          0          0   _printf_f.o
      1052          0          0          0          0        148   _printf_fp_dec.o
       764          8         38          0          0        100   _printf_fp_hex.o
       128         16          0          0          0         84   _printf_fp_infnan.o
         6          0          0          0          0          0   _printf_g.o
       148          4         40          0          0        160   _printf_hex_int_ll_ptr.o
         6          0          0          0          0          0   _printf_i.o
       178          0          0          0          0         88   _printf_intcommon.o
        10          0          0          0          0          0   _printf_l.o
         6          0          0          0          0          0   _printf_lc.o
        10          0          0          0          0          0   _printf_ll.o
         6          0          0          0          0          0   _printf_lld.o
         6          0          0          0          0          0   _printf_lli.o
         6          0          0          0          0          0   _printf_llo.o
         6          0          0          0          0          0   _printf_llu.o
         6          0          0          0          0          0   _printf_llx.o
       124         16          0          0          0         92   _printf_longlong_dec.o
         6          0          0          0          0          0   _printf_ls.o
         6          0          0          0          0          0   _printf_n.o
         6          0          0          0          0          0   _printf_o.o
       112          8          0          0          0        124   _printf_oct_int_ll.o
         6          0          0          0          0          0   _printf_p.o
        78          0          0          0          0        108   _printf_pad.o
         0          0          0          0          0          0   _printf_percent.o
         4          0          0          0          0          0   _printf_percent_end.o
         6          0          0          0          0          0   _printf_s.o
        82          0          0          0          0         80   _printf_str.o
        36          0          0          0          0         84   _printf_truncate.o
         6          0          0          0          0          0   _printf_u.o
        44          0          0          0          0        108   _printf_wchar.o
       188          6          8          0          0         92   _printf_wctomb.o
         6          0          0          0          0          0   _printf_x.o
        22          0          0          0          0        100   _rserrno.o
        16          0          0          0          0         68   _snputc.o
        10          0          0          0          0         68   _sputc.o
        22          0          0          0          0         80   abort.o
       228          4        148          0          0         96   bigflt0.o
      1936        128          0          0          0        672   btod.o
        48         34          0          0          0         76   defsig_abrt_inner.o
        14          0          0          0          0         80   defsig_abrt_outer.o
        10          0          0          0          0         68   defsig_exit.o
        50          0          0          0          0         88   defsig_general.o
        18          0          0          0          0         80   exit.o
         6          0          0          0          0        152   heapauxi.o
         0          0          0          0          0          0   indicate_semi.o
        36         10          0          0          0         80   init_aeabi.o
        44         10        272          0          0         76   lc_ctype_c.o
        44         10         28          0          0         76   lc_numeric_c.o
         2          0          0          0          0          0   libinit.o
        34          0          0          0          0          0   libinit2.o
         2          0          0          0          0          0   libshutdown.o
         2          0          0          0          0          0   libshutdown2.o
         8          4          0          0         96         68   libspace.o
       138          0          0          0          0         80   lludiv10.o
        16          4          0          0          0         76   rt_ctype_table.o
         8          4          0          0          0         68   rt_errno_addr_intlibspace.o
         8          4          0          0          0         68   rt_locale_intlibspace.o
        78          0          0          0          0         80   rt_memclr_w.o
       138          0          0          0          0         68   rt_memcpy_v6.o
       100          0          0          0          0         80   rt_memcpy_w.o
         2          0          0          0          0          0   rtexit.o
        10          0          0          0          0          0   rtexit2.o
       128          0          0          0          0         68   strcmpv7m.o
        62          0          0          0          0         76   strlen.o
        12          4          0          0          0         68   sys_exit.o
        74          0          0          0          0         80   sys_stackheap_outer.o
        14          0          0          0          0         76   sys_wrch.o
         2          0          0          0          0         68   use_no_semi.o
        52          4          0          0          0         80   vsnprintf.o
        98          4          0          0          0         92   d2f.o
       804         16          0          0          0        280   daddsub_clz.o
        90          4          0          0          0         92   dfixu.o
        46          0          0          0          0         68   dflt_clz.o
       340         12          0          0          0        104   dmul.o
       156          4          0          0          0         92   dnaninf.o
        12          0          0          0          0         68   dretinf.o
        86          4          0          0          0         84   f2d.o
       450          8          0          0          0        236   faddsub_clz.o
        84          0          0          0          0        196   fcmp.o
       142          4          0          0          0        112   fcmp4.o
        24          0          0          0          0         68   fcmpi.o
       388         76          0          0          0         96   fdiv.o
       104          4          0          0          0         84   feqf.o
        54          4          0          0          0         84   ffix.o
        62          4          0          0          0         84   ffixu.o
        86          0          0          0          0        136   fflt_clz.o
       104          4          0          0          0         84   fgeqf.o
       104          4          0          0          0         84   fleqf.o
       258          4          0          0          0         84   fmul.o
       140          4          0          0          0         84   fnaninf.o
       244          8          0          0          0         84   frem_clz.o
        10          0          0          0          0         68   fretinf.o
         4          0          0          0          0         68   printf1.o
         4          0          0          0          0         68   printf2.o
         0          0          0          0          0          0   usenofp.o
         6          0          0          0          0          0   abort_message.cpp.o
        40         32          0          0          0          0   cxa_virtual.cpp.o
        40          0          0          0          0         80   fmaxf.o
        40          0          0          0          0         80   fminf.o
       108          0          0          0          0         96   fmodf.o
        40          0          0          0          0         68   fpclassify.o
         8          0          0          0          0         68   funder.o

    ----------------------------------------------------------------------
     11588        518        554          0         96       7996   Library Totals
        34          0          3          0          0          0   (incl. Padding)

    ----------------------------------------------------------------------

      Code (inc. data)   RO Data    RW Data    ZI Data      Debug   Library Name

      7378        318        551          0         96       5004   c_w.l
      3894        168          0          0          0       2600   fz_ws.l
        46         32          0          0          0          0   libcppabi_wx.l
       236          0          0          0          0        392   m_ws.l

    ----------------------------------------------------------------------
     11588        518        554          0         96       7996   Library Totals

    ----------------------------------------------------------------------

==============================================================================


      Code (inc. data)   RO Data    RW Data    ZI Data      Debug   

     35610       2236       1274        248       3904     474994   Grand Totals
     35610       2236       1274        248       3904     474994   ELF Image Totals
     35610       2236       1274        248          0          0   ROM Totals

==============================================================================

    Total RO  Size (Code + RO Data)                36884 (  36.02kB)
    Total RW  Size (RW Data + ZI Data)              4152 (   4.05kB)
    Total ROM Size (Code + RO Data + RW Data)      37132 (  36.26kB)

==============================================================================

