Component: ARM Compiler 6.11 Tool: armlink [5d3b3900]

==============================================================================

Section Cross References

    startup_stm32f103xb.o(STACK) refers (Special) to heapauxi.o(.text) for __use_two_region_memory
    startup_stm32f103xb.o(HEAP) refers (Special) to heapauxi.o(.text) for __use_two_region_memory
    startup_stm32f103xb.o(RESET) refers (Special) to heapauxi.o(.text) for __use_two_region_memory
    startup_stm32f103xb.o(RESET) refers to startup_stm32f103xb.o(STACK) for __initial_sp
    startup_stm32f103xb.o(RESET) refers to startup_stm32f103xb.o(.text) for Reset_Handler
    startup_stm32f103xb.o(RESET) refers to stm32f1xx_it.o(.text.NMI_Handler) for NMI_Handler
    startup_stm32f103xb.o(RESET) refers to stm32f1xx_it.o(.text.HardFault_Handler) for HardFault_Handler
    startup_stm32f103xb.o(RESET) refers to stm32f1xx_it.o(.text.MemManage_Handler) for MemManage_Handler
    startup_stm32f103xb.o(RESET) refers to stm32f1xx_it.o(.text.BusFault_Handler) for BusFault_Handler
    startup_stm32f103xb.o(RESET) refers to stm32f1xx_it.o(.text.UsageFault_Handler) for UsageFault_Handler
    startup_stm32f103xb.o(RESET) refers to stm32f1xx_it.o(.text.SVC_Handler) for SVC_Handler
    startup_stm32f103xb.o(RESET) refers to stm32f1xx_it.o(.text.DebugMon_Handler) for DebugMon_Handler
    startup_stm32f103xb.o(RESET) refers to stm32f1xx_it.o(.text.PendSV_Handler) for PendSV_Handler
    startup_stm32f103xb.o(RESET) refers to stm32f1xx_it.o(.text.SysTick_Handler) for SysTick_Handler
    startup_stm32f103xb.o(RESET) refers to stm32f1xx_it.o(.text.TIM2_IRQHandler) for TIM2_IRQHandler
    startup_stm32f103xb.o(RESET) refers to stm32f1xx_it.o(.text.TIM4_IRQHandler) for TIM4_IRQHandler
    startup_stm32f103xb.o(RESET) refers to stm32f1xx_it.o(.text.USART1_IRQHandler) for USART1_IRQHandler
    startup_stm32f103xb.o(.text) refers (Special) to heapauxi.o(.text) for __use_two_region_memory
    startup_stm32f103xb.o(.text) refers to system_stm32f1xx.o(.text.SystemInit) for SystemInit
    startup_stm32f103xb.o(.text) refers to __main.o(!!!main) for __main
    startup_stm32f103xb.o(.text) refers to startup_stm32f103xb.o(HEAP) for Heap_Mem
    startup_stm32f103xb.o(.text) refers to startup_stm32f103xb.o(STACK) for Stack_Mem
    main.o(.text) refers (Special) to _printf_f.o(.ARM.Collect$$_printf_percent$$00000003) for _printf_f
    main.o(.text) refers (Special) to printf1.o(x$fpl$printf1) for _printf_fp_dec
    main.o(.text) refers (Special) to _printf_percent.o(.ARM.Collect$$_printf_percent$$00000000) for _printf_percent
    main.o(.text.SEGGER_Printf_Float) refers (Special) to _printf_f.o(.ARM.Collect$$_printf_percent$$00000003) for _printf_f
    main.o(.text.SEGGER_Printf_Float) refers (Special) to printf1.o(x$fpl$printf1) for _printf_fp_dec
    main.o(.text.SEGGER_Printf_Float) refers (Special) to _printf_percent.o(.ARM.Collect$$_printf_percent$$00000000) for _printf_percent
    main.o(.text.SEGGER_Printf_Float) refers to rt_memclr_w.o(.text) for __aeabi_memclr4
    main.o(.text.SEGGER_Printf_Float) refers to f2d.o(x$fpl$f2d) for __aeabi_f2d
    main.o(.text.SEGGER_Printf_Float) refers to noretval__2sprintf.o(.text) for __2sprintf
    main.o(.text.SEGGER_Printf_Float) refers to segger_rtt_printf.o(.text.SEGGER_RTT_printf) for SEGGER_RTT_printf
    main.o(.ARM.exidx.text.SEGGER_Printf_Float) refers (Special) to _printf_f.o(.ARM.Collect$$_printf_percent$$00000003) for _printf_f
    main.o(.ARM.exidx.text.SEGGER_Printf_Float) refers (Special) to printf1.o(x$fpl$printf1) for _printf_fp_dec
    main.o(.ARM.exidx.text.SEGGER_Printf_Float) refers (Special) to _printf_percent.o(.ARM.Collect$$_printf_percent$$00000000) for _printf_percent
    main.o(.ARM.exidx.text.SEGGER_Printf_Float) refers to main.o(.text.SEGGER_Printf_Float) for [Anonymous Symbol]
    main.o(.text.main) refers (Special) to _printf_f.o(.ARM.Collect$$_printf_percent$$00000003) for _printf_f
    main.o(.text.main) refers (Special) to printf1.o(x$fpl$printf1) for _printf_fp_dec
    main.o(.text.main) refers (Special) to _printf_percent.o(.ARM.Collect$$_printf_percent$$00000000) for _printf_percent
    main.o(.text.main) refers to stm32f1xx_hal.o(.text.HAL_Init) for HAL_Init
    main.o(.text.main) refers to main.o(.text.SystemClock_Config) for SystemClock_Config
    main.o(.text.main) refers to gpio.o(.text.MX_GPIO_Init) for MX_GPIO_Init
    main.o(.text.main) refers to i2c.o(.text.MX_I2C1_Init) for MX_I2C1_Init
    main.o(.text.main) refers to i2c.o(.text.MX_I2C2_Init) for MX_I2C2_Init
    main.o(.text.main) refers to tim.o(.text.MX_TIM2_Init) for MX_TIM2_Init
    main.o(.text.main) refers to tim.o(.text.MX_TIM4_Init) for MX_TIM4_Init
    main.o(.text.main) refers to adc.o(.text.MX_ADC1_Init) for MX_ADC1_Init
    main.o(.text.main) refers to usart.o(.text.MX_USART1_UART_Init) for MX_USART1_UART_Init
    main.o(.text.main) refers to dwt_timer.o(.text.DWT_Timer_Init) for DWT_Timer_Init
[...]
    __rt_lib_shutdown_user_alloc_1           0x08000185   Thumb Code     0  libshutdown2.o(.ARM.Collect$$libshutdown$$0000000C)
    __rt_entry                               0x08000187   Thumb Code     0  __rtentry.o(.ARM.Collect$$rtentry$$00000000)
    __rt_entry_presh_1                       0x08000187   Thumb Code     0  __rtentry2.o(.ARM.Collect$$rtentry$$00000002)
    __rt_entry_sh                            0x08000187   Thumb Code     0  __rtentry4.o(.ARM.Collect$$rtentry$$00000004)
    __rt_entry_li                            0x0800018d   Thumb Code     0  __rtentry2.o(.ARM.Collect$$rtentry$$0000000A)
    __rt_entry_postsh_1                      0x0800018d   Thumb Code     0  __rtentry2.o(.ARM.Collect$$rtentry$$00000009)
    __rt_entry_main                          0x08000191   Thumb Code     0  __rtentry2.o(.ARM.Collect$$rtentry$$0000000D)
    __rt_entry_postli_1                      0x08000191   Thumb Code     0  __rtentry2.o(.ARM.Collect$$rtentry$$0000000C)
    __rt_exit                                0x08000199   Thumb Code     0  rtexit.o(.ARM.Collect$$rtexit$$00000000)
    __rt_exit_ls                             0x0800019b   Thumb Code     0  rtexit2.o(.ARM.Collect$$rtexit$$00000003)
    __rt_exit_prels_1                        0x0800019b   Thumb Code     0  rtexit2.o(.ARM.Collect$$rtexit$$00000002)
    __rt_exit_exit                           0x0800019f   Thumb Code     0  rtexit2.o(.ARM.Collect$$rtexit$$00000004)
    Reset_Handler                            0x080001a5   Thumb Code     8  startup_stm32f103xb.o(.text)
    ADC1_2_IRQHandler                        0x080001bf   Thumb Code     0  startup_stm32f103xb.o(.text)
    CAN1_RX1_IRQHandler                      0x080001bf   Thumb Code     0  startup_stm32f103xb.o(.text)
    CAN1_SCE_IRQHandler                      0x080001bf   Thumb Code     0  startup_stm32f103xb.o(.text)
    DMA1_Channel1_IRQHandler                 0x080001bf   Thumb Code     0  startup_stm32f103xb.o(.text)
    DMA1_Channel2_IRQHandler                 0x080001bf   Thumb Code     0  startup_stm32f103xb.o(.text)
    DMA1_Channel3_IRQHandler                 0x080001bf   Thumb Code     0  startup_stm32f103xb.o(.text)
    DMA1_Channel4_IRQHandler                 0x080001bf   Thumb Code     0  startup_stm32f103xb.o(.text)
    DMA1_Channel5_IRQHandler                 0x080001bf   Thumb Code     0  startup_stm32f103xb.o(.text)
    DMA1_Channel6_IRQHandler                 0x080001bf   Thumb Code     0  startup_stm32f103xb.o(.text)
    DMA1_Channel7_IRQHandler                 0x080001bf   Thumb Code     0  startup_stm32f103xb.o(.text)
    EXTI0_IRQHandler                         0x080001bf   Thumb Code     0  startup_stm32f103xb.o(.text)
    EXTI15_10_IRQHandler                     0x080001bf   Thumb Code     0  startup_stm32f103xb.o(.text)
    EXTI1_IRQHandler                         0x080001bf   Thumb Code     0  startup_stm32f103xb.o(.text)
    EXTI2_IRQHandler                         0x080001bf   Thumb Code     0  startup_stm32f103xb.o(.text)
    EXTI3_IRQHandler                         0x080001bf   Thumb Code     0  startup_stm32f103xb.o(.text)
    EXTI4_IRQHandler                         0x080001bf   Thumb Code     0  startup_stm32f103xb.o(.text)
    EXTI9_5_IRQHandler                       0x080001bf   Thumb Code     0  startup_stm32f103xb.o(.text)
    FLASH_IRQHandler                         0x080001bf   Thumb Code     0  startup_stm32f103xb.o(.text)
    I2C1_ER_IRQHandler                       0x080001bf   Thumb Code     0  startup_stm32f103xb.o(.text)
    I2C1_EV_IRQHandler                       0x080001bf   Thumb Code     0  startup_stm32f103xb.o(.text)
    I2C2_ER_IRQHandler                       0x080001bf   Thumb Code     0  startup_stm32f103xb.o(.text)
    I2C2_EV_IRQHandler                       0x080001bf   Thumb Code     0  startup_stm32f103xb.o(.text)
    PVD_IRQHandler                           0x080001bf   Thumb Code     0  startup_stm32f103xb.o(.text)
    RCC_IRQHandler                           0x080001bf   Thumb Code     0  startup_stm32f103xb.o(.text)
    RTC_Alarm_IRQHandler                     0x080001bf   Thumb Code     0  startup_stm32f103xb.o(.text)
    RTC_IRQHandler                           0x080001bf   Thumb Code     0  startup_stm32f103xb.o(.text)
    SPI1_IRQHandler                          0x080001bf   Thumb Code     0  startup_stm32f103xb.o(.text)
    SPI2_IRQHandler                          0x080001bf   Thumb Code     0  startup_stm32f103xb.o(.text)
    TAMPER_IRQHandler                        0x080001bf   Thumb Code     0  startup_stm32f103xb.o(.text)
    TIM1_BRK_IRQHandler                      0x080001bf   Thumb Code     0  startup_stm32f103xb.o(.text)
    TIM1_CC_IRQHandler                       0x080001bf   Thumb Code     0  startup_stm32f103xb.o(.text)
    TIM1_TRG_COM_IRQHandler                  0x080001bf   Thumb Code     0  startup_stm32f103xb.o(.text)
    TIM1_UP_IRQHandler                       0x080001bf   Thumb Code     0  startup_stm32f103xb.o(.text)
    TIM3_IRQHandler                          0x080001bf   Thumb Code     0  startup_stm32f103xb.o(.text)
    USART2_IRQHandler                        0x080001bf   Thumb Code     0  startup_stm32f103xb.o(.text)
    USART3_IRQHandler                        0x080001bf   Thumb Code     0  startup_stm32f103xb.o(.text)
    USBWakeUp_IRQHandler                     0x080001bf   Thumb Code     0  startup_stm32f103xb.o(.text)
    USB_HP_CAN1_TX_IRQHandler                0x080001bf   Thumb Code     0  startup_stm32f103xb.o(.text)
    USB_LP_CAN1_RX0_IRQHandler               0x080001bf   Thumb Code     0  startup_stm32f103xb.o(.text)
    WWDG_IRQHandler                          0x080001bf   Thumb Code     0  startup_stm32f103xb.o(.text)
    __user_initial_stackheap                 0x080001c1   Thumb Code     0  startup_stm32f103xb.o(.text)
    __2sprintf                               0x080001e5   Thumb Code    34  noretval__2sprintf.o(.text)
    __printf                                 0x0800020d   Thumb Code   270  __printf_wp.o(.text)
    __aeabi_memcpy                           0x0800031b   Thumb Code     0  rt_memcpy_v6.o(.text)
    __rt_memcpy                              0x0800031b   Thumb Code   138  rt_memcpy_v6.o(.text)
    _memcpy_lastbytes                        0x08000381   Thumb Code     0  rt_memcpy_v6.o(.text)
    __aeabi_memclr4                          0x080003a5   Thumb Code     0  rt_memclr_w.o(.text)
    __aeabi_memclr8                          0x080003a5   Thumb Code     0  rt_memclr_w.o(.text)
    __rt_memclr_w                            0x080003a5   Thumb Code    78  rt_memclr_w.o(.text)
    _memset_w                                0x080003a9   Thumb Code     0  rt_memclr_w.o(.text)
    __use_two_region_memory                  0x080003f3   Thumb Code     2  heapauxi.o(.text)
    __rt_heap_escrow$2region                 0x080003f5   Thumb Code     2  heapauxi.o(.text)
    __rt_heap_expand$2region                 0x080003f7   Thumb Code     2  heapauxi.o(.text)
    __cpp_initialize__aeabi_                 0x080003f9   Thumb Code    26  init_aeabi.o(.text)
    __read_errno                             0x0800041d   Thumb Code    10  _rserrno.o(.text)
    __set_errno                              0x08000427   Thumb Code    12  _rserrno.o(.text)
    _printf_fp_dec_real                      0x080005e3   Thumb Code   620  _printf_fp_dec.o(.text)
    _printf_char_common                      0x0800085b   Thumb Code    32  _printf_char_common.o(.text)
    _sputc                                   0x08000881   Thumb Code    10  _sputc.o(.text)
    abort                                    0x0800088b   Thumb Code    22  abort.o(.text)
    __aeabi_memcpy4                          0x080008a1   Thumb Code     0  rt_memcpy_w.o(.text)
    __aeabi_memcpy8                          0x080008a1   Thumb Code     0  rt_memcpy_w.o(.text)
    __rt_memcpy_w                            0x080008a1   Thumb Code   100  rt_memcpy_w.o(.text)
    _memcpy_lastbytes_aligned                0x080008e9   Thumb Code     0  rt_memcpy_w.o(.text)
    _sys_exit                                0x08000905   Thumb Code     8  sys_exit.o(.text)
    __rt_locale                              0x08000911   Thumb Code     8  rt_locale_intlibspace.o(.text)
    __aeabi_errno_addr                       0x08000919   Thumb Code     8  rt_errno_addr_intlibspace.o(.text)
    __errno$intlibspace                      0x08000919   Thumb Code     0  rt_errno_addr_intlibspace.o(.text)
    __rt_errno_addr$intlibspace              0x08000919   Thumb Code     0  rt_errno_addr_intlibspace.o(.text)
    _ll_udiv10                               0x08000921   Thumb Code   138  lludiv10.o(.text)
    _printf_fp_infnan                        0x080009ad   Thumb Code   112  _printf_fp_infnan.o(.text)
    _btod_etento                             0x08000a2d   Thumb Code   224  bigflt0.o(.text)
    __rt_SIGABRT                             0x08000b11   Thumb Code    14  defsig_abrt_outer.o(.text)
    __user_libspace                          0x08000b21   Thumb Code     8  libspace.o(.text)
    __user_perproc_libspace                  0x08000b21   Thumb Code     0  libspace.o(.text)
    __user_perthread_libspace                0x08000b21   Thumb Code     0  libspace.o(.text)
    __I$use$semihosting                      0x08000b29   Thumb Code     0  use_no_semi.o(.text)
    __use_no_semihosting_swi                 0x08000b29   Thumb Code     2  use_no_semi.o(.text)
    __semihosting_library_function           0x08000b2b   Thumb Code     0  indicate_semi.o(.text)
    __user_setup_stackheap                   0x08000b2b   Thumb Code    74  sys_stackheap_outer.o(.text)
    exit                                     0x08000b75   Thumb Code    18  exit.o(.text)
    __sig_exit                               0x08000b87   Thumb Code    10  defsig_exit.o(.text)
    __rt_SIGABRT_inner                       0x08000b91   Thumb Code    14  defsig_abrt_inner.o(.text)
    strcmp                                   0x08000bc1   Thumb Code   128  strcmpv7m.o(.text)
    __default_signal_display                 0x08000c41   Thumb Code    50  defsig_general.o(.text)
    _ttywrch                                 0x08000c73   Thumb Code    14  sys_wrch.o(.text)
    ADC_ConversionStop_Disable               0x08000c81   Thumb Code    76  stm32f1xx_hal_adc.o(.text.ADC_ConversionStop_Disable)
    ADC_Enable                               0x08000ccd   Thumb Code   120  stm32f1xx_hal_adc.o(.text.ADC_Enable)
    ADC_StartReadVoltageFromChannels         0x08000d3d   Thumb Code    96  adc.o(.text.ADC_StartReadVoltageFromChannels)
    BusFault_Handler                         0x08000d9d   Thumb Code     2  stm32f1xx_it.o(.text.BusFault_Handler)
    DWT_Delay_us                             0x08000da1   Thumb Code    60  dwt_timer.o(.text.DWT_Delay_us)
    DWT_Get_Microsecond                      0x08000dd5   Thumb Code    76  dwt_timer.o(.text.DWT_Get_Microsecond)
    DWT_Timer_Init                           0x08000e1d   Thumb Code    68  dwt_timer.o(.text.DWT_Timer_Init)
    DebugMon_Handler                         0x08000e5d   Thumb Code     2  stm32f1xx_it.o(.text.DebugMon_Handler)
    Error_Handler                            0x08000e5f   Thumb Code     8  main.o(.text.Error_Handler)
    HAL_ADCEx_Calibration_Start              0x08000e69   Thumb Code   212  stm32f1xx_hal_adc_ex.o(.text.HAL_ADCEx_Calibration_Start)
    HAL_ADC_ConfigChannel                    0x08000f39   Thumb Code   264  stm32f1xx_hal_adc.o(.text.HAL_ADC_ConfigChannel)
    HAL_ADC_GetValue                         0x08001041   Thumb Code     6  stm32f1xx_hal_adc.o(.text.HAL_ADC_GetValue)
    HAL_ADC_Init                             0x08001049   Thumb Code   272  stm32f1xx_hal_adc.o(.text.HAL_ADC_Init)
    HAL_ADC_MspInit                          0x08001159   Thumb Code    92  adc.o(.text.HAL_ADC_MspInit)
    HAL_ADC_PollForConversion                0x080011b5   Thumb Code   332  stm32f1xx_hal_adc.o(.text.HAL_ADC_PollForConversion)
    HAL_ADC_Start                            0x08001301   Thumb Code   188  stm32f1xx_hal_adc.o(.text.HAL_ADC_Start)
    HAL_ADC_Stop                             0x080013bd   Thumb Code    50  stm32f1xx_hal_adc.o(.text.HAL_ADC_Stop)
    HAL_DMA_Abort                            0x080013ef   Thumb Code    62  stm32f1xx_hal_dma.o(.text.HAL_DMA_Abort)
    HAL_DMA_Abort_IT                         0x0800142d   Thumb Code   164  stm32f1xx_hal_dma.o(.text.HAL_DMA_Abort_IT)
    HAL_Delay                                0x080014d1   Thumb Code    36  stm32f1xx_hal.o(.text.HAL_Delay)
    HAL_GPIO_Init                            0x080014f5   Thumb Code   416  stm32f1xx_hal_gpio.o(.text.HAL_GPIO_Init)
    HAL_GPIO_TogglePin                       0x08001695   Thumb Code    16  stm32f1xx_hal_gpio.o(.text.HAL_GPIO_TogglePin)
    HAL_GPIO_WritePin                        0x080016a5   Thumb Code    10  stm32f1xx_hal_gpio.o(.text.HAL_GPIO_WritePin)
    HAL_GetTick                              0x080016b1   Thumb Code    12  stm32f1xx_hal.o(.text.HAL_GetTick)
    HAL_I2C_Init                             0x080016bd   Thumb Code   372  stm32f1xx_hal_i2c.o(.text.HAL_I2C_Init)
    HAL_I2C_Mem_Read                         0x08001831   Thumb Code   688  stm32f1xx_hal_i2c.o(.text.HAL_I2C_Mem_Read)
    HAL_I2C_MspInit                          0x08001add   Thumb Code   164  i2c.o(.text.HAL_I2C_MspInit)
    HAL_IncTick                              0x08001b7d   Thumb Code    24  stm32f1xx_hal.o(.text.HAL_IncTick)
    HAL_Init                                 0x08001b91   Thumb Code    36  stm32f1xx_hal.o(.text.HAL_Init)
    HAL_InitTick                             0x08001bb5   Thumb Code    64  stm32f1xx_hal.o(.text.HAL_InitTick)
    HAL_MspInit                              0x08001bf1   Thumb Code    64  stm32f1xx_hal_msp.o(.text.HAL_MspInit)
    HAL_NVIC_EnableIRQ                       0x08001c31   Thumb Code    28  stm32f1xx_hal_cortex.o(.text.HAL_NVIC_EnableIRQ)
    HAL_NVIC_SetPriority                     0x08001c4d   Thumb Code    64  stm32f1xx_hal_cortex.o(.text.HAL_NVIC_SetPriority)
    HAL_NVIC_SetPriorityGrouping             0x08001c89   Thumb Code    32  stm32f1xx_hal_cortex.o(.text.HAL_NVIC_SetPriorityGrouping)
    HAL_RCCEx_GetPeriphCLKFreq               0x08001ca9   Thumb Code   208  stm32f1xx_hal_rcc_ex.o(.text.HAL_RCCEx_GetPeriphCLKFreq)
    HAL_RCCEx_PeriphCLKConfig                0x08001d71   Thumb Code   244  stm32f1xx_hal_rcc_ex.o(.text.HAL_RCCEx_PeriphCLKConfig)
    HAL_RCC_ClockConfig                      0x08001e61   Thumb Code   324  stm32f1xx_hal_rcc.o(.text.HAL_RCC_ClockConfig)
    HAL_RCC_GetPCLK1Freq                     0x08001fa1   Thumb Code    32  stm32f1xx_hal_rcc.o(.text.HAL_RCC_GetPCLK1Freq)
    HAL_RCC_GetPCLK2Freq                     0x08001fb5   Thumb Code    32  stm32f1xx_hal_rcc.o(.text.HAL_RCC_GetPCLK2Freq)
    HAL_RCC_GetSysClockFreq                  0x08001fcd   Thumb Code    88  stm32f1xx_hal_rcc.o(.text.HAL_RCC_GetSysClockFreq)
    HAL_RCC_OscConfig                        0x08002025   Thumb Code   804  stm32f1xx_hal_rcc.o(.text.HAL_RCC_OscConfig)
    HAL_SYSTICK_Config                       0x08002349   Thumb Code    40  stm32f1xx_hal_cortex.o(.text.HAL_SYSTICK_Config)
    HAL_TIMEx_BreakCallback                  0x08002371   Thumb Code     2  stm32f1xx_hal_tim_ex.o(.text.HAL_TIMEx_BreakCallback)
    HAL_TIMEx_CommutCallback                 0x08002373   Thumb Code     2  stm32f1xx_hal_tim_ex.o(.text.HAL_TIMEx_CommutCallback)
    HAL_TIMEx_MasterConfigSynchronization    0x08002375   Thumb Code   108  stm32f1xx_hal_tim_ex.o(.text.HAL_TIMEx_MasterConfigSynchronization)
    HAL_TIM_Base_Init                        0x080023d5   Thumb Code    88  stm32f1xx_hal_tim.o(.text.HAL_TIM_Base_Init)
    HAL_TIM_Base_MspInit                     0x0800242d   Thumb Code   108  tim.o(.text.HAL_TIM_Base_MspInit)
    HAL_TIM_Base_Start_IT                    0x08002495   Thumb Code    88  stm32f1xx_hal_tim.o(.text.HAL_TIM_Base_Start_IT)
    HAL_TIM_ConfigClockSource                0x080024ed   Thumb Code   248  stm32f1xx_hal_tim.o(.text.HAL_TIM_ConfigClockSource)
    HAL_TIM_IC_CaptureCallback               0x080025e5   Thumb Code     2  stm32f1xx_hal_tim.o(.text.HAL_TIM_IC_CaptureCallback)
    HAL_TIM_IRQHandler                       0x080025e7   Thumb Code   278  stm32f1xx_hal_tim.o(.text.HAL_TIM_IRQHandler)
    HAL_TIM_MspPostInit                      0x080026fd   Thumb Code    72  tim.o(.text.HAL_TIM_MspPostInit)
    HAL_TIM_OC_DelayElapsedCallback          0x08002745   Thumb Code     2  stm32f1xx_hal_tim.o(.text.HAL_TIM_OC_DelayElapsedCallback)
    HAL_TIM_PWM_ConfigChannel                0x08002749   Thumb Code   152  stm32f1xx_hal_tim.o(.text.HAL_TIM_PWM_ConfigChannel)
    HAL_TIM_PWM_Init                         0x080027e1   Thumb Code    88  stm32f1xx_hal_tim.o(.text.HAL_TIM_PWM_Init)
    HAL_TIM_PWM_MspInit                      0x08002839   Thumb Code     2  stm32f1xx_hal_tim.o(.text.HAL_TIM_PWM_MspInit)
    HAL_TIM_PWM_PulseFinishedCallback        0x0800283b   Thumb Code     2  stm32f1xx_hal_tim.o(.text.HAL_TIM_PWM_PulseFinishedCallback)
    HAL_TIM_PWM_Start                        0x0800283d   Thumb Code   156  stm32f1xx_hal_tim.o(.text.HAL_TIM_PWM_Start)
    HAL_TIM_PeriodElapsedCallback            0x080028d9   Thumb Code    72  user_main.o(.text.HAL_TIM_PeriodElapsedCallback)
    HAL_TIM_TriggerCallback                  0x08002921   Thumb Code     2  stm32f1xx_hal_tim.o(.text.HAL_TIM_TriggerCallback)
    HAL_UARTEx_RxEventCallback               0x08002923   Thumb Code     2  stm32f1xx_hal_uart.o(.text.HAL_UARTEx_RxEventCallback)
    HAL_UART_ErrorCallback                   0x08002925   Thumb Code     2  stm32f1xx_hal_uart.o(.text.HAL_UART_ErrorCallback)
    HAL_UART_IRQHandler                      0x08002929   Thumb Code   656  stm32f1xx_hal_uart.o(.text.HAL_UART_IRQHandler)
    HAL_UART_Init                            0x08002bb9   Thumb Code    94  stm32f1xx_hal_uart.o(.text.HAL_UART_Init)
    HAL_UART_MspInit                         0x08002c19   Thumb Code   136  usart.o(.text.HAL_UART_MspInit)
    HAL_UART_RxCpltCallback                  0x08002ca1   Thumb Code     2  stm32f1xx_hal_uart.o(.text.HAL_UART_RxCpltCallback)
    HAL_UART_TxCpltCallback                  0x08002ca3   Thumb Code     2  stm32f1xx_hal_uart.o(.text.HAL_UART_TxCpltCallback)
    HardFault_Handler                        0x08002ca5   Thumb Code     2  stm32f1xx_it.o(.text.HardFault_Handler)
    MX_ADC1_Init                             0x08002fe1   Thumb Code   120  adc.o(.text.MX_ADC1_Init)
    MX_GPIO_Init                             0x08003059   Thumb Code   216  gpio.o(.text.MX_GPIO_Init)
    MX_I2C1_Init                             0x08003131   Thumb Code    64  i2c.o(.text.MX_I2C1_Init)
    MX_I2C2_Init                             0x0800316d   Thumb Code    64  i2c.o(.text.MX_I2C2_Init)
    MX_TIM2_Init                             0x080031ad   Thumb Code   192  tim.o(.text.MX_TIM2_Init)
    MX_TIM4_Init                             0x0800326d   Thumb Code   104  tim.o(.text.MX_TIM4_Init)
    MX_USART1_UART_Init                      0x080032d5   Thumb Code    60  usart.o(.text.MX_USART1_UART_Init)
    MemManage_Handler                        0x08003311   Thumb Code     2  stm32f1xx_it.o(.text.MemManage_Handler)
    NMI_Handler                              0x08003313   Thumb Code     2  stm32f1xx_it.o(.text.NMI_Handler)
    PendSV_Handler                           0x08003315   Thumb Code     2  stm32f1xx_it.o(.text.PendSV_Handler)
    SEGGER_Printf_Float                      0x08003319   Thumb Code    60  main.o(.text.SEGGER_Printf_Float)
    SEGGER_RTT_Write                         0x08003355   Thumb Code    56  segger_rtt.o(.text.SEGGER_RTT_Write)
    SEGGER_RTT_WriteNoLock                   0x08003389   Thumb Code    92  segger_rtt.o(.text.SEGGER_RTT_WriteNoLock)
    SEGGER_RTT_printf                        0x080033e5   Thumb Code    26  segger_rtt_printf.o(.text.SEGGER_RTT_printf)
    SEGGER_RTT_vprintf                       0x08003401   Thumb Code   724  segger_rtt_printf.o(.text.SEGGER_RTT_vprintf)
    SVC_Handler                              0x080036d5   Thumb Code     2  stm32f1xx_it.o(.text.SVC_Handler)
    SysTick_Handler                          0x080036d7   Thumb Code     4  stm32f1xx_it.o(.text.SysTick_Handler)
    SystemClock_Config                       0x080036db   Thumb Code   136  main.o(.text.SystemClock_Config)
    SystemInit                               0x08003763   Thumb Code     2  system_stm32f1xx.o(.text.SystemInit)
    TIM2_IRQHandler                          0x08003765   Thumb Code    12  stm32f1xx_it.o(.text.TIM2_IRQHandler)
    TIM4_IRQHandler                          0x08003771   Thumb Code    12  stm32f1xx_it.o(.text.TIM4_IRQHandler)
    TIM_Base_SetConfig                       0x0800377d   Thumb Code   104  stm32f1xx_hal_tim.o(.text.TIM_Base_SetConfig)
    TIM_CCxChannelCmd                        0x080037e1   Thumb Code    30  stm32f1xx_hal_tim.o(.text.TIM_CCxChannelCmd)
    TIM_OC2_SetConfig                        0x08003859   Thumb Code   100  stm32f1xx_hal_tim.o(.text.TIM_OC2_SetConfig)
    USART1_IRQHandler                        0x08003b4d   Thumb Code    12  stm32f1xx_it.o(.text.USART1_IRQHandler)
    UsageFault_Handler                       0x08003b59   Thumb Code     2  stm32f1xx_it.o(.text.UsageFault_Handler)
    _sqrtApprox(float)                       0x08003e11   Thumb Code    20  foc_utils.o(.text._Z11_sqrtApproxf)
    _normalizeAngle(float)                   0x08003e25   Thumb Code    40  foc_utils.o(.text._Z15_normalizeAnglef)
    _electricalAngle(float, int)             0x08003e49   Thumb Code    18  foc_utils.o(.text._Z16_electricalAnglefi)
    _cos(float)                              0x08003e5d   Thumb Code    52  foc_utils.o(.text._Z4_cosf)
    _sin(float)                              0x08003e8d   Thumb Code   144  foc_utils.o(.text._Z4_sinf)
    _delay(unsigned long)                    0x08003f1d   Thumb Code     4  time_utils.o(.text._Z6_delaym)
    _micros()                                0x08003f21   Thumb Code     4  time_utils.o(.text._Z7_microsv)
    _sincos(float, float*, float*)           0x08003f25   Thumb Code    24  foc_utils.o(.text._Z7_sincosfPfS_)
    AS5600_I2C::getRawCount()                0x08003f3d   Thumb Code     8  as5600_i2c.o(.text._ZN10AS5600_I2C11getRawCountEv)
    AS5600_I2C::getSensorAngle()             0x08003f45   Thumb Code    32  as5600_i2c.o(.text._ZN10AS5600_I2C14getSensorAngleEv)
    AS5600_I2C::init(I2C_HandleTypeDef*)     0x08003f65   Thumb Code     6  as5600_i2c.o(.text._ZN10AS5600_I2C4initEP17I2C_HandleTypeDef)
    AS5600_I2C::read(unsigned char)          0x08003f6b   Thumb Code    64  as5600_i2c.o(.text._ZN10AS5600_I2C4readEh)
    AS5600_I2C::AS5600_I2C(AS5600_I2CConfig_s) 0x08003fad   Thumb Code   100  as5600_i2c.o(.text._ZN10AS5600_I2CC2E18AS5600_I2CConfig_s)
    AS5600_I2C::AS5600_I2C__sub_object(AS5600_I2CConfig_s) 0x08003fad   Thumb Code   100  as5600_i2c.o(.text._ZN10AS5600_I2CC2E18AS5600_I2CConfig_s)
    CurrentSense::linkDriver(BLDCDriver*)    0x08004011   Thumb Code     4  currentsense.o(.text._ZN12CurrentSense10linkDriverEP10BLDCDriver)
    CurrentSense::getDCCurrent(float)        0x08004015   Thumb Code   320  currentsense.o(.text._ZN12CurrentSense12getDCCurrentEf)
    CurrentSense::getFOCCurrents(float)      0x08004149   Thumb Code   284  currentsense.o(.text._ZN12CurrentSense14getFOCCurrentsEf)
    LowPassFilter::LowPassFilter(float)      0x08004265   Thumb Code    20  lowpass_filter.o(.text._ZN13LowPassFilterC2Ef)
    LowPassFilter::LowPassFilter__sub_object(float) 0x08004265   Thumb Code    20  lowpass_filter.o(.text._ZN13LowPassFilterC2Ef)
    LowPassFilter::operator ()(float)        0x08004279   Thumb Code   128  lowpass_filter.o(.text._ZN13LowPassFilterclEf)
    PIDController::PIDController(float, float, float, float, float) 0x080042f5   Thumb Code    32  pid.o(.text._ZN13PIDControllerC2Efffff)
    PIDController::PIDController__sub_object(float, float, float, float, float) 0x080042f5   Thumb Code    32  pid.o(.text._ZN13PIDControllerC2Efffff)
    PIDController::operator ()(float)        0x08004315   Thumb Code   408  pid.o(.text._ZN13PIDControllerclEf)
    BLDCDriver3PWM::setPhaseState(PhaseState, PhaseState, PhaseState) 0x080044ad   Thumb Code     2  bldcdriver3pwm.o(.text._ZN14BLDCDriver3PWM13setPhaseStateE10PhaseStateS0_S0_)
    BLDCDriver3PWM::init()                   0x080044b1   Thumb Code   164  bldcdriver3pwm.o(.text._ZN14BLDCDriver3PWM4initEv)
    BLDCDriver3PWM::enable()                 0x08004555   Thumb Code    64  bldcdriver3pwm.o(.text._ZN14BLDCDriver3PWM6enableEv)
    BLDCDriver3PWM::setPwm(float, float, float) 0x08004595   Thumb Code   248  bldcdriver3pwm.o(.text._ZN14BLDCDriver3PWM6setPwmEfff)
    BLDCDriver3PWM::disable()                0x0800468d   Thumb Code    60  bldcdriver3pwm.o(.text._ZN14BLDCDriver3PWM7disableEv)
    BLDCDriver3PWM::BLDCDriver3PWM(int, int, int, int, int, int) 0x080046c9   Thumb Code    76  bldcdriver3pwm.o(.text._ZN14BLDCDriver3PWMC2Eiiiiii)
    BLDCDriver3PWM::BLDCDriver3PWM__sub_object(int, int, int, int, int, int) 0x080046c9   Thumb Code    76  bldcdriver3pwm.o(.text._ZN14BLDCDriver3PWMC2Eiiiiii)
    InlineCurrentSense::driverAlign(float)   0x08004715   Thumb Code  1856  inlinecurrentsense.o(.text._ZN18InlineCurrentSense11driverAlignEf)
    InlineCurrentSense::calibrateOffsets()   0x08004e55   Thumb Code   184  inlinecurrentsense.o(.text._ZN18InlineCurrentSense16calibrateOffsetsEv)
    InlineCurrentSense::getPhaseCurrents()   0x08004f09   Thumb Code    92  inlinecurrentsense.o(.text._ZN18InlineCurrentSense16getPhaseCurrentsEv)
    InlineCurrentSense::init()               0x08004f65   Thumb Code    16  inlinecurrentsense.o(.text._ZN18InlineCurrentSense4initEv)
    InlineCurrentSense::InlineCurrentSense(float, float, int, int, int) 0x08004f75   Thumb Code    76  inlinecurrentsense.o(.text._ZN18InlineCurrentSenseC2Effiii)
    InlineCurrentSense::InlineCurrentSense__sub_object(float, float, int, int, int) 0x08004f75   Thumb Code    76  inlinecurrentsense.o(.text._ZN18InlineCurrentSenseC2Effiii)
    Sensor::getVelocity()                    0x08004fc1   Thumb Code   136  sensor.o(.text._ZN6Sensor11getVelocityEv)
    Sensor::needsSearch()                    0x08005045   Thumb Code     4  sensor.o(.text._ZN6Sensor11needsSearchEv)
    Sensor::getPreciseAngle()                0x08005049   Thumb Code    48  sensor.o(.text._ZN6Sensor15getPreciseAngleEv)
    Sensor::getFullRotations()               0x08005079   Thumb Code     4  sensor.o(.text._ZN6Sensor16getFullRotationsEv)
    Sensor::getMechanicalAngle()             0x0800507d   Thumb Code     4  sensor.o(.text._ZN6Sensor18getMechanicalAngleEv)
    Sensor::init()                           0x08005081   Thumb Code    72  sensor.o(.text._ZN6Sensor4initEv)
    Sensor::update()                         0x080050c9   Thumb Code    88  sensor.o(.text._ZN6Sensor6updateEv)
    Sensor::getAngle()                       0x08005121   Thumb Code    32  sensor.o(.text._ZN6Sensor8getAngleEv)
    FOCMotor::linkSensor(Sensor*)            0x08005141   Thumb Code     6  focmotor.o(.text._ZN8FOCMotor10linkSensorEP6Sensor)
    FOCMotor::shaftAngle()                   0x08005147   Thumb Code    58  focmotor.o(.text._ZN8FOCMotor10shaftAngleEv)
    FOCMotor::shaftVelocity()                0x08005181   Thumb Code    50  focmotor.o(.text._ZN8FOCMotor13shaftVelocityEv)
    FOCMotor::electricalAngle()              0x080051b3   Thumb Code    58  focmotor.o(.text._ZN8FOCMotor15electricalAngleEv)
    FOCMotor::linkCurrentSense(CurrentSense*) 0x080051ed   Thumb Code     6  focmotor.o(.text._ZN8FOCMotor16linkCurrentSenseEP12CurrentSense)
    FOCMotor::FOCMotor__sub_object()         0x080051f5   Thumb Code   292  focmotor.o(.text._ZN8FOCMotorC2Ev)
    BLDCMotor::linkDriver(BLDCDriver*)       0x08005315   Thumb Code     6  bldcmotor.o(.text._ZN9BLDCMotor10linkDriverEP10BLDCDriver)
    BLDCMotor::alignSensor()                 0x0800531d   Thumb Code   732  bldcmotor.o(.text._ZN9BLDCMotor11alignSensorEv)
    BLDCMotor::angleOpenloop(float)          0x080055f9   Thumb Code   336  bldcmotor.o(.text._ZN9BLDCMotor13angleOpenloopEf)
    BLDCMotor::setPhaseVoltage(float, float, float) 0x08005749   Thumb Code  1000  bldcmotor.o(.text._ZN9BLDCMotor15setPhaseVoltageEfff)
    BLDCMotor::velocityOpenloop(float)       0x08005b31   Thumb Code   236  bldcmotor.o(.text._ZN9BLDCMotor16velocityOpenloopEf)
    BLDCMotor::alignCurrentSense()           0x08005c19   Thumb Code   128  bldcmotor.o(.text._ZN9BLDCMotor17alignCurrentSenseEv)
    BLDCMotor::absoluteZeroSearch()          0x08005c99   Thumb Code   228  bldcmotor.o(.text._ZN9BLDCMotor18absoluteZeroSearchEv)
    BLDCMotor::init()                        0x08005d7d   Thumb Code   296  bldcmotor.o(.text._ZN9BLDCMotor4initEv)
    BLDCMotor::move(float)                   0x08005ea5   Thumb Code   716  bldcmotor.o(.text._ZN9BLDCMotor4moveEf)
    BLDCMotor::enable()                      0x08006171   Thumb Code    40  bldcmotor.o(.text._ZN9BLDCMotor6enableEv)
    BLDCMotor::disable()                     0x08006199   Thumb Code    40  bldcmotor.o(.text._ZN9BLDCMotor7disableEv)
    BLDCMotor::initFOC()                     0x080061c1   Thumb Code   304  bldcmotor.o(.text._ZN9BLDCMotor7initFOCEv)
    BLDCMotor::loopFOC()                     0x080062f1   Thumb Code   384  bldcmotor.o(.text._ZN9BLDCMotor7loopFOCEv)
    BLDCMotor::BLDCMotor(int, float, float, float) 0x08006471   Thumb Code    80  bldcmotor.o(.text._ZN9BLDCMotorC2Eifff)
    BLDCMotor::BLDCMotor__sub_object(int, float, float, float) 0x08006471   Thumb Code    80  bldcmotor.o(.text._ZN9BLDCMotorC2Eifff)
    __cxa_pure_virtual                       0x080064e5   Thumb Code    40  cxa_virtual.cpp.o(.text.__cxa_pure_virtual)
    _readADCVoltageInline                    0x0800650d   Thumb Code    56  adc.o(.text._readADCVoltageInline)
    _writeDutyCycle3PWM                      0x08006545   Thumb Code    70  bsp_pwm.o(.text._writeDutyCycle3PWM)
    abort_message                            0x0800658b   Thumb Code     6  abort_message.cpp.o(.text.abort_message)
    main                                     0x08006591   Thumb Code    46  main.o(.text.main)
    main_Cpp                                 0x080065c1   Thumb Code   304  user_main.o(.text.main_Cpp)
    _btod_d2e                                0x080066f1   Thumb Code    62  btod.o(CL$$btod_d2e)
    _d2e_denorm_low                          0x0800672f   Thumb Code    70  btod.o(CL$$btod_d2e_denorm_low)
    _d2e_norm_op1                            0x08006775   Thumb Code    96  btod.o(CL$$btod_d2e_norm_op1)
    __btod_div_common                        0x080067d5   Thumb Code   696  btod.o(CL$$btod_div_common)
    _e2e                                     0x08006b0d   Thumb Code   220  btod.o(CL$$btod_e2e)
    _btod_ediv                               0x08006be9   Thumb Code    42  btod.o(CL$$btod_ediv)
    _btod_emul                               0x08006c13   Thumb Code    42  btod.o(CL$$btod_emul)
    __btod_mult_common                       0x08006c3d   Thumb Code   580  btod.o(CL$$btod_mult_common)
    __ARM_fpclassify                         0x08006e81   Thumb Code    40  fpclassify.o(i.__ARM_fpclassify)
    __mathlib_flt_invalid                    0x08006ea9   Thumb Code     8  funder.o(i.__mathlib_flt_invalid)
    _is_digit                                0x08006eb1   Thumb Code    14  __printf_wp.o(i._is_digit)
    fmaxf                                    0x08006ebf   Thumb Code    40  fmaxf.o(i.fmaxf)
    fminf                                    0x08006ee7   Thumb Code    40  fminf.o(i.fminf)
    fmodf                                    0x08006f0f   Thumb Code   108  fmodf.o(i.fmodf)
    _get_lc_numeric                          0x08006f7d   Thumb Code    44  lc_numeric_c.o(locale$$code)
    __aeabi_d2f                              0x08006fa9   Thumb Code     0  d2f.o(x$fpl$d2f)
    _d2f                                     0x08006fa9   Thumb Code    98  d2f.o(x$fpl$d2f)
    __aeabi_dadd                             0x0800700d   Thumb Code     0  daddsub_clz.o(x$fpl$dadd)
    _dadd                                    0x0800700d   Thumb Code   332  daddsub_clz.o(x$fpl$dadd)
    __aeabi_d2uiz                            0x0800715d   Thumb Code     0  dfixu.o(x$fpl$dfixu)
    _dfixu                                   0x0800715d   Thumb Code    90  dfixu.o(x$fpl$dfixu)
    __aeabi_i2d                              0x080071b7   Thumb Code     0  dflt_clz.o(x$fpl$dflt)
    _dflt                                    0x080071b7   Thumb Code    46  dflt_clz.o(x$fpl$dflt)
    __aeabi_dmul                             0x080071e5   Thumb Code     0  dmul.o(x$fpl$dmul)
    _dmul                                    0x080071e5   Thumb Code   332  dmul.o(x$fpl$dmul)
    __fpl_dnaninf                            0x08007339   Thumb Code   156  dnaninf.o(x$fpl$dnaninf)
    __fpl_dretinf                            0x080073d5   Thumb Code    12  dretinf.o(x$fpl$dretinf)
    __aeabi_dsub                             0x080073e1   Thumb Code     0  daddsub_clz.o(x$fpl$dsub)
    _dsub                                    0x080073e1   Thumb Code   464  daddsub_clz.o(x$fpl$dsub)
    __aeabi_f2d                              0x080075b5   Thumb Code     0  f2d.o(x$fpl$f2d)
    _f2d                                     0x080075b5   Thumb Code    86  f2d.o(x$fpl$f2d)
    __aeabi_fadd                             0x0800760d   Thumb Code     0  faddsub_clz.o(x$fpl$fadd)
    _fadd                                    0x0800760d   Thumb Code   196  faddsub_clz.o(x$fpl$fadd)
    __aeabi_fcmpeq                           0x080076d1   Thumb Code     0  fcmp.o(x$fpl$fcmp)
    _feq                                     0x080076d1   Thumb Code    14  fcmp.o(x$fpl$fcmp)
    _fneq                                    0x080076df   Thumb Code    14  fcmp.o(x$fpl$fcmp)
    __aeabi_fcmpgt                           0x080076ed   Thumb Code     0  fcmp.o(x$fpl$fcmp)
    _fgr                                     0x080076ed   Thumb Code    14  fcmp.o(x$fpl$fcmp)
    __aeabi_fcmpge                           0x080076fb   Thumb Code     0  fcmp.o(x$fpl$fcmp)
    _fgeq                                    0x080076fb   Thumb Code    14  fcmp.o(x$fpl$fcmp)
    __aeabi_fcmple                           0x08007709   Thumb Code     0  fcmp.o(x$fpl$fcmp)
    _fleq                                    0x08007709   Thumb Code    14  fcmp.o(x$fpl$fcmp)
    __aeabi_fcmplt                           0x08007717   Thumb Code     0  fcmp.o(x$fpl$fcmp)
    _fls                                     0x08007717   Thumb Code    14  fcmp.o(x$fpl$fcmp)
    __fcmp4                                  0x08007725   Thumb Code    82  fcmp4.o(x$fpl$fcmp4)
    __ARM_fcmp4                              0x08007777   Thumb Code     0  fcmp4.o(x$fpl$fcmp4)
    _fcmp4                                   0x08007777   Thumb Code    60  fcmp4.o(x$fpl$fcmp4)
    __fpl_fcmp_Inf                           0x080077b3   Thumb Code    24  fcmpi.o(x$fpl$fcmpinf)
    __aeabi_fdiv                             0x080077cd   Thumb Code     0  fdiv.o(x$fpl$fdiv)
    _fdiv                                    0x080077cd   Thumb Code   384  fdiv.o(x$fpl$fdiv)
    __aeabi_cfcmpeq                          0x08007951   Thumb Code     0  feqf.o(x$fpl$feqf)
    _fcmpeq                                  0x08007951   Thumb Code   104  feqf.o(x$fpl$feqf)
    __aeabi_f2iz                             0x080079b9   Thumb Code     0  ffix.o(x$fpl$ffix)
    _ffix                                    0x080079b9   Thumb Code    54  ffix.o(x$fpl$ffix)
    __aeabi_f2uiz                            0x080079f1   Thumb Code     0  ffixu.o(x$fpl$ffixu)
    _ffixu                                   0x080079f1   Thumb Code    62  ffixu.o(x$fpl$ffixu)
    __aeabi_i2f                              0x08007a31   Thumb Code     0  fflt_clz.o(x$fpl$fflt)
    _fflt                                    0x08007a31   Thumb Code    48  fflt_clz.o(x$fpl$fflt)
    __aeabi_ui2f                             0x08007a61   Thumb Code     0  fflt_clz.o(x$fpl$ffltu)
    _ffltu                                   0x08007a61   Thumb Code    38  fflt_clz.o(x$fpl$ffltu)
    _fcmpge                                  0x08007a89   Thumb Code   104  fgeqf.o(x$fpl$fgeqf)
    __aeabi_cfcmple                          0x08007af1   Thumb Code     0  fleqf.o(x$fpl$fleqf)
    _fcmple                                  0x08007af1   Thumb Code   104  fleqf.o(x$fpl$fleqf)
    __fpl_fcmple_InfNaN                      0x08007b43   Thumb Code     0  fleqf.o(x$fpl$fleqf)
    __aeabi_fmul                             0x08007b59   Thumb Code     0  fmul.o(x$fpl$fmul)
    _fmul                                    0x08007b59   Thumb Code   258  fmul.o(x$fpl$fmul)
    __fpl_fnaninf                            0x08007c5b   Thumb Code   140  fnaninf.o(x$fpl$fnaninf)
    _frem                                    0x08007ce9   Thumb Code   240  frem_clz.o(x$fpl$frem)
    __fpl_fretinf                            0x08007ddd   Thumb Code    10  fretinf.o(x$fpl$fretinf)
    __aeabi_frsub                            0x08007de7   Thumb Code     0  faddsub_clz.o(x$fpl$frsb)
    _frsb                                    0x08007de7   Thumb Code    20  faddsub_clz.o(x$fpl$frsb)
    __aeabi_fsub                             0x08007dfd   Thumb Code     0  faddsub_clz.o(x$fpl$fsub)
    _fsub                                    0x08007dfd   Thumb Code   234  faddsub_clz.o(x$fpl$fsub)
    _printf_fp_dec                           0x08007ee7   Thumb Code     4  printf1.o(x$fpl$printf1)
    __I$use$fp                               0x08007eea   Number         0  usenofp.o(x$fpl$usenofp)
    AHBPrescTable                            0x08007f80   Data          16  system_stm32f1xx.o(.rodata.AHBPrescTable)
    APBPrescTable                            0x08007f90   Data           8  system_stm32f1xx.o(.rodata.APBPrescTable)
    vtable for AS5600_I2C                    0x08007f98   Data          44  as5600_i2c.o(.rodata._ZTV10AS5600_I2C)
    vtable for BLDCDriver3PWM                0x08007fc4   Data          28  bldcdriver3pwm.o(.rodata._ZTV14BLDCDriver3PWM)
    vtable for InlineCurrentSense            0x08007fe0   Data          24  inlinecurrentsense.o(.rodata._ZTV18InlineCurrentSense)
    vtable for FOCMotor                      0x08007ff8   Data          36  focmotor.o(.rodata._ZTV8FOCMotor)
    vtable for BLDCMotor                     0x0800801c   Data          40  bldcmotor.o(.rodata._ZTV9BLDCMotor)
    Region$$Table$$Base                      0x08008130   Number         0  anon$$obj.o(Region$$Table)
    Region$$Table$$Limit                     0x08008150   Number         0  anon$$obj.o(Region$$Table)
    SHT$$INIT_ARRAY$$Base                    0x0800816c   Number         0  user_main.o(.init_array)
    SHT$$INIT_ARRAY$$Limit                   0x08008170   Number         0  init_aeabi.o(.init_array)
    uwTickFreq                               0x20000000   Data           1  stm32f1xx_hal.o(.data..L_MergedGlobals)
    uwTickPrio                               0x20000004   Data           4  stm32f1xx_hal.o(.data..L_MergedGlobals)
    AS5600_I2C_Config                        0x20000008   Data          16  as5600_i2c.o(.data.AS5600_I2C_Config)
    SystemCoreClock                          0x20000018   Data           4  system_stm32f1xx.o(.data.SystemCoreClock)
    targetAngle                              0x2000001c   Data           4  user_main.o(.data.targetAngle)
    trap_120_map                             0x20000020   Data          72  bldcmotor.o(.data.trap_120_map)
    trap_150_map                             0x20000068   Data         144  bldcmotor.o(.data.trap_150_map)
    __libspace_start                         0x200000f8   Data          96  libspace.o(.bss)
    __temporary_stack_top$libspace           0x20000158   Data           0  libspace.o(.bss)
    gChannel3                                0x20000158   Data           4  adc.o(.bss..L_MergedGlobals)
    gChannel4                                0x2000015c   Data           4  adc.o(.bss..L_MergedGlobals)
    hadc1                                    0x20000160   Data          48  adc.o(.bss..L_MergedGlobals)
    curAngle                                 0x20000190   Data           4  user_main.o(.bss..L_MergedGlobals)
    AS5600_1                                 0x20000194   Data          56  user_main.o(.bss..L_MergedGlobals)
    motorDriver                              0x200001cc   Data          64  user_main.o(.bss..L_MergedGlobals)
    _SEGGER_RTT                              0x20000224   Data         168  segger_rtt.o(.bss._SEGGER_RTT)
    currentSense                             0x200006dc   Data          68  user_main.o(.bss.currentSense)
    hi2c1                                    0x20000720   Data          84  i2c.o(.bss.hi2c1)
    hi2c2                                    0x20000774   Data          84  i2c.o(.bss.hi2c2)
    htim2                                    0x200007c8   Data          72  tim.o(.bss.htim2)
    htim4                                    0x20000810   Data          72  tim.o(.bss.htim4)
    huart1                                   0x20000858   Data          72  usart.o(.bss.huart1)
    motor                                    0x200008a0   Data         368  user_main.o(.bss.motor)
    uwTick                                   0x20000a10   Data           4  stm32f1xx_hal.o(.bss.uwTick)



==============================================================================

Memory Map of the image

  Image Entry point : 0x080000ed

  Load Region LR_IROM1 (Base: 0x08000000, Size: 0x00008268, Max: 0x00010000, ABSOLUTE)

    Execution Region ER_IROM1 (Exec base: 0x08000000, Load base: 0x08000000, Size: 0x00008170, Max: 0x00010000, ABSOLUTE)

    Exec Addr    Load Addr    Size         Type   Attr      Idx    E Section Name        Object

    0x08000000   0x08000000   0x000000ec   Data   RO            3    RESET               startup_stm32f103xb.o
    0x080000ec   0x080000ec   0x00000008   Code   RO         1664  * !!!main             c_w.l(__main.o)
    0x080000f4   0x080000f4   0x00000034   Code   RO         2136    !!!scatter          c_w.l(__scatter.o)
    0x08000128   0x08000128   0x0000001a   Code   RO         2138    !!handler_copy      c_w.l(__scatter_copy.o)
    0x08000142   0x08000142   0x00000002   PAD
    0x08000144   0x08000144   0x0000001c   Code   RO         2140    !!handler_zi        c_w.l(__scatter_zi.o)
    0x08000160   0x08000160   0x00000000   Code   RO         1655    .ARM.Collect$$_printf_percent$$00000000  c_w.l(_printf_percent.o)
    0x08000160   0x08000160   0x00000006   Code   RO         1654    .ARM.Collect$$_printf_percent$$00000003  c_w.l(_printf_f.o)
    0x08000166   0x08000166   0x00000004   Code   RO         1788    .ARM.Collect$$_printf_percent$$00000017  c_w.l(_printf_percent_end.o)
    0x0800016a   0x0800016a   0x00000002   Code   RO         2061    .ARM.Collect$$libinit$$00000000  c_w.l(libinit.o)
    0x0800016c   0x0800016c   0x00000000   Code   RO         1794    .ARM.Collect$$libinit$$00000002  c_w.l(libinit2.o)
    0x0800016c   0x0800016c   0x00000000   Code   RO         1796    .ARM.Collect$$libinit$$00000004  c_w.l(libinit2.o)
    0x0800016c   0x0800016c   0x00000000   Code   RO         1799    .ARM.Collect$$libinit$$0000000A  c_w.l(libinit2.o)
    0x0800016c   0x0800016c   0x00000000   Code   RO         1801    .ARM.Collect$$libinit$$0000000C  c_w.l(libinit2.o)
    0x0800016c   0x0800016c   0x00000000   Code   RO         1803    .ARM.Collect$$libinit$$0000000E  c_w.l(libinit2.o)
    0x0800016c   0x0800016c   0x00000006   Code   RO         1804    .ARM.Collect$$libinit$$0000000F  c_w.l(libinit2.o)
    0x08000172   0x08000172   0x00000000   Code   RO         1806    .ARM.Collect$$libinit$$00000011  c_w.l(libinit2.o)
    0x08000172   0x08000172   0x00000000   Code   RO         1808    .ARM.Collect$$libinit$$00000013  c_w.l(libinit2.o)
    0x08000172   0x08000172   0x00000000   Code   RO         1810    .ARM.Collect$$libinit$$00000015  c_w.l(libinit2.o)
    0x08000172   0x08000172   0x0000000a   Code   RO         1811    .ARM.Collect$$libinit$$00000016  c_w.l(libinit2.o)
    0x0800017c   0x0800017c   0x00000000   Code   RO         1812    .ARM.Collect$$libinit$$00000017  c_w.l(libinit2.o)
    0x0800017c   0x0800017c   0x00000000   Code   RO         1814    .ARM.Collect$$libinit$$00000019  c_w.l(libinit2.o)
    0x0800017c   0x0800017c   0x00000000   Code   RO         1816    .ARM.Collect$$libinit$$0000001B  c_w.l(libinit2.o)
    0x0800017c   0x0800017c   0x00000000   Code   RO         1818    .ARM.Collect$$libinit$$0000001D  c_w.l(libinit2.o)
    0x0800017c   0x0800017c   0x00000000   Code   RO         1820    .ARM.Collect$$libinit$$0000001F  c_w.l(libinit2.o)
    0x0800017c   0x0800017c   0x00000000   Code   RO         1822    .ARM.Collect$$libinit$$00000021  c_w.l(libinit2.o)
    0x0800017c   0x0800017c   0x00000000   Code   RO         1824    .ARM.Collect$$libinit$$00000023  c_w.l(libinit2.o)
    0x0800017c   0x0800017c   0x00000000   Code   RO         1826    .ARM.Collect$$libinit$$00000025  c_w.l(libinit2.o)
    0x0800017c   0x0800017c   0x00000000   Code   RO         1830    .ARM.Collect$$libinit$$0000002C  c_w.l(libinit2.o)
    0x0800017c   0x0800017c   0x00000000   Code   RO         1832    .ARM.Collect$$libinit$$0000002E  c_w.l(libinit2.o)
    0x0800017c   0x0800017c   0x00000000   Code   RO         1834    .ARM.Collect$$libinit$$00000030  c_w.l(libinit2.o)
    0x0800017c   0x0800017c   0x00000004   Code   RO         1835    .ARM.Collect$$libinit$$00000031  c_w.l(libinit2.o)
    0x08000180   0x08000180   0x00000000   Code   RO         1836    .ARM.Collect$$libinit$$00000032  c_w.l(libinit2.o)
    0x08000180   0x08000180   0x00000002   Code   RO         1837    .ARM.Collect$$libinit$$00000033  c_w.l(libinit2.o)
    0x08000182   0x08000182   0x00000002   Code   RO         2117    .ARM.Collect$$libshutdown$$00000000  c_w.l(libshutdown.o)
    0x08000184   0x08000184   0x00000000   Code   RO         2119    .ARM.Collect$$libshutdown$$00000002  c_w.l(libshutdown2.o)
    0x08000184   0x08000184   0x00000000   Code   RO         2121    .ARM.Collect$$libshutdown$$00000004  c_w.l(libshutdown2.o)
    0x08000184   0x08000184   0x00000000   Code   RO         2124    .ARM.Collect$$libshutdown$$00000007  c_w.l(libshutdown2.o)
    0x08000184   0x08000184   0x00000000   Code   RO         2127    .ARM.Collect$$libshutdown$$0000000A  c_w.l(libshutdown2.o)
    0x08000184   0x08000184   0x00000000   Code   RO         2129    .ARM.Collect$$libshutdown$$0000000C  c_w.l(libshutdown2.o)
    0x08000184   0x08000184   0x00000000   Code   RO         2132    .ARM.Collect$$libshutdown$$0000000F  c_w.l(libshutdown2.o)
    0x08000184   0x08000184   0x00000002   Code   RO         2133    .ARM.Collect$$libshutdown$$00000010  c_w.l(libshutdown2.o)
    0x08000186   0x08000186   0x00000000   Code   RO         1777    .ARM.Collect$$rtentry$$00000000  c_w.l(__rtentry.o)
    0x08000186   0x08000186   0x00000000   Code   RO         1955    .ARM.Collect$$rtentry$$00000002  c_w.l(__rtentry2.o)
    0x08000186   0x08000186   0x00000006   Code   RO         1967    .ARM.Collect$$rtentry$$00000004  c_w.l(__rtentry4.o)
    0x0800018c   0x0800018c   0x00000000   Code   RO         1957    .ARM.Collect$$rtentry$$00000009  c_w.l(__rtentry2.o)
    0x0800018c   0x0800018c   0x00000004   Code   RO         1958    .ARM.Collect$$rtentry$$0000000A  c_w.l(__rtentry2.o)
    0x08000190   0x08000190   0x00000000   Code   RO         1960    .ARM.Collect$$rtentry$$0000000C  c_w.l(__rtentry2.o)
    0x08000190   0x08000190   0x00000008   Code   RO         1961    .ARM.Collect$$rtentry$$0000000D  c_w.l(__rtentry2.o)
    0x08000198   0x08000198   0x00000002   Code   RO         2068    .ARM.Collect$$rtexit$$00000000  c_w.l(rtexit.o)
    0x0800019a   0x0800019a   0x00000000   Code   RO         2089    .ARM.Collect$$rtexit$$00000002  c_w.l(rtexit2.o)
    0x0800019a   0x0800019a   0x00000004   Code   RO         2090    .ARM.Collect$$rtexit$$00000003  c_w.l(rtexit2.o)
    0x0800019e   0x0800019e   0x00000006   Code   RO         2091    .ARM.Collect$$rtexit$$00000004  c_w.l(rtexit2.o)
    0x080001a4   0x080001a4   0x00000040   Code   RO            4    .text               startup_stm32f103xb.o
    0x080001e4   0x080001e4   0x00000028   Code   RO         1630    .text               c_w.l(noretval__2sprintf.o)
    0x0800020c   0x0800020c   0x0000010e   Code   RO         1642    .text               c_w.l(__printf_wp.o)
    0x0800031a   0x0800031a   0x0000008a   Code   RO         1658    .text               c_w.l(rt_memcpy_v6.o)
    0x080003a4   0x080003a4   0x0000004e   Code   RO         1660    .text               c_w.l(rt_memclr_w.o)
    0x080003f2   0x080003f2   0x00000006   Code   RO         1662    .text               c_w.l(heapauxi.o)
    0x080003f8   0x080003f8   0x00000024   Code   RO         1669    .text               c_w.l(init_aeabi.o)
    0x0800041c   0x0800041c   0x00000016   Code   RO         1778    .text               c_w.l(_rserrno.o)
    0x08000432   0x08000432   0x0000041c   Code   RO         1780    .text               c_w.l(_printf_fp_dec.o)
    0x0800084e   0x0800084e   0x00000002   PAD
    0x08000850   0x08000850   0x00000030   Code   RO         1784    .text               c_w.l(_printf_char_common.o)
    0x08000880   0x08000880   0x0000000a   Code   RO         1786    .text               c_w.l(_sputc.o)
    0x0800088a   0x0800088a   0x00000016   Code   RO         1789    .text               c_w.l(abort.o)
    0x080008a0   0x080008a0   0x00000064   Code   RO         1791    .text               c_w.l(rt_memcpy_w.o)
    0x08000904   0x08000904   0x0000000c   Code   RO         1950    .text               c_w.l(sys_exit.o)
    0x08000910   0x08000910   0x00000008   Code   RO         1972    .text               c_w.l(rt_locale_intlibspace.o)
    0x08000918   0x08000918   0x00000008   Code   RO         1977    .text               c_w.l(rt_errno_addr_intlibspace.o)
    0x08000920   0x08000920   0x0000008a   Code   RO         1979    .text               c_w.l(lludiv10.o)
    0x080009aa   0x080009aa   0x00000002   PAD
    0x080009ac   0x080009ac   0x00000080   Code   RO         1981    .text               c_w.l(_printf_fp_infnan.o)
    0x08000a2c   0x08000a2c   0x000000e4   Code   RO         1985    .text               c_w.l(bigflt0.o)
    0x08000b10   0x08000b10   0x0000000e   Code   RO         2015    .text               c_w.l(defsig_abrt_outer.o)
    0x08000b1e   0x08000b1e   0x00000002   PAD
    0x08000b20   0x08000b20   0x00000008   Code   RO         2032    .text               c_w.l(libspace.o)
    0x08000b28   0x08000b28   0x00000002   Code   RO         2035    .text               c_w.l(use_no_semi.o)
    0x08000b2a   0x08000b2a   0x00000000   Code   RO         2037    .text               c_w.l(indicate_semi.o)
    0x08000b2a   0x08000b2a   0x0000004a   Code   RO         2038    .text               c_w.l(sys_stackheap_outer.o)
    0x08000b74   0x08000b74   0x00000012   Code   RO         2044    .text               c_w.l(exit.o)
    0x08000b86   0x08000b86   0x0000000a   Code   RO         2046    .text               c_w.l(defsig_exit.o)
    0x08000b90   0x08000b90   0x00000030   Code   RO         2048    .text               c_w.l(defsig_abrt_inner.o)
    0x08000bc0   0x08000bc0   0x00000080   Code   RO         2050    .text               c_w.l(strcmpv7m.o)
    0x08000c40   0x08000c40   0x00000032   Code   RO         2076    .text               c_w.l(defsig_general.o)
    0x08000c72   0x08000c72   0x0000000e   Code   RO         2084    .text               c_w.l(sys_wrch.o)
    0x08000c80   0x08000c80   0x0000004c   Code   RO          177    .text.ADC_ConversionStop_Disable  stm32f1xx_hal_adc.o
    0x08000ccc   0x08000ccc   0x00000070   Code   RO          185    .text.ADC_Enable    stm32f1xx_hal_adc.o
    0x08000d3c   0x08000d3c   0x00000060   Code   RO           46    .text.ADC_StartReadVoltageFromChannels  adc.o
    0x08000d9c   0x08000d9c   0x00000002   Code   RO          122    .text.BusFault_Handler  stm32f1xx_it.o
    0x08000d9e   0x08000d9e   0x00000002   PAD
    0x08000da0   0x08000da0   0x00000034   Code   RO         1603    .text.DWT_Delay_us  dwt_timer.o
    0x08000dd4   0x08000dd4   0x00000048   Code   RO         1605    .text.DWT_Get_Microsecond  dwt_timer.o
    0x08000e1c   0x08000e1c   0x00000040   Code   RO         1595    .text.DWT_Timer_Init  dwt_timer.o
    0x08000e5c   0x08000e5c   0x00000002   Code   RO          128    .text.DebugMon_Handler  stm32f1xx_it.o
    0x08000e5e   0x08000e5e   0x00000008   Code   RO           17    .text.Error_Handler  main.o
    0x08000e66   0x08000e66   0x00000002   PAD
    0x08000e68   0x08000e68   0x000000d0   Code   RO          236    .text.HAL_ADCEx_Calibration_Start  stm32f1xx_hal_adc_ex.o
    0x08000f38   0x08000f38   0x00000108   Code   RO          219    .text.HAL_ADC_ConfigChannel  stm32f1xx_hal_adc.o
    0x08001040   0x08001040   0x00000006   Code   RO          207    .text.HAL_ADC_GetValue  stm32f1xx_hal_adc.o
    0x08001046   0x08001046   0x00000002   PAD
    0x08001048   0x08001048   0x00000110   Code   RO          173    .text.HAL_ADC_Init  stm32f1xx_hal_adc.o
    0x08001158   0x08001158   0x0000005c   Code   RO           42    .text.HAL_ADC_MspInit  adc.o
    0x080011b4   0x080011b4   0x0000014c   Code   RO          189    .text.HAL_ADC_PollForConversion  stm32f1xx_hal_adc.o
    0x08001300   0x08001300   0x000000bc   Code   RO          183    .text.HAL_ADC_Start  stm32f1xx_hal_adc.o
    0x080013bc   0x080013bc   0x00000032   Code   RO          187    .text.HAL_ADC_Stop  stm32f1xx_hal_adc.o
    0x080013ee   0x080013ee   0x0000003e   Code   RO          419    .text.HAL_DMA_Abort  stm32f1xx_hal_dma.o
    0x0800142c   0x0800142c   0x000000a4   Code   RO          421    .text.HAL_DMA_Abort_IT  stm32f1xx_hal_dma.o
    0x080014d0   0x080014d0   0x00000024   Code   RO          291    .text.HAL_Delay     stm32f1xx_hal.o
    0x080014f4   0x080014f4   0x000001a0   Code   RO          384    .text.HAL_GPIO_Init  stm32f1xx_hal_gpio.o
    0x08001694   0x08001694   0x00000010   Code   RO          392    .text.HAL_GPIO_TogglePin  stm32f1xx_hal_gpio.o
    0x080016a4   0x080016a4   0x0000000a   Code   RO          390    .text.HAL_GPIO_WritePin  stm32f1xx_hal_gpio.o
    0x080016ae   0x080016ae   0x00000002   PAD
    0x080016b0   0x080016b0   0x0000000c   Code   RO          283    .text.HAL_GetTick   stm32f1xx_hal.o
    0x080016bc   0x080016bc   0x00000174   Code   RO          622    .text.HAL_I2C_Init  stm32f1xx_hal_i2c.o
    0x08001830   0x08001830   0x000002ac   Code   RO          670    .text.HAL_I2C_Mem_Read  stm32f1xx_hal_i2c.o
    0x08001adc   0x08001adc   0x000000a0   Code   RO           64    .text.HAL_I2C_MspInit  i2c.o
    0x08001b7c   0x08001b7c   0x00000014   Code   RO          281    .text.HAL_IncTick   stm32f1xx_hal.o
    0x08001b90   0x08001b90   0x00000024   Code   RO          271    .text.HAL_Init      stm32f1xx_hal.o
    0x08001bb4   0x08001bb4   0x0000003c   Code   RO          273    .text.HAL_InitTick  stm32f1xx_hal.o
    0x08001bf0   0x08001bf0   0x00000040   Code   RO          148    .text.HAL_MspInit   stm32f1xx_hal_msp.o
    0x08001c30   0x08001c30   0x0000001c   Code   RO          450    .text.HAL_NVIC_EnableIRQ  stm32f1xx_hal_cortex.o
    0x08001c4c   0x08001c4c   0x0000003c   Code   RO          446    .text.HAL_NVIC_SetPriority  stm32f1xx_hal_cortex.o
    0x08001c88   0x08001c88   0x00000020   Code   RO          444    .text.HAL_NVIC_SetPriorityGrouping  stm32f1xx_hal_cortex.o
    0x08001ca8   0x08001ca8   0x000000c8   Code   RO          373    .text.HAL_RCCEx_GetPeriphCLKFreq  stm32f1xx_hal_rcc_ex.o
    0x08001d70   0x08001d70   0x000000f0   Code   RO          369    .text.HAL_RCCEx_PeriphCLKConfig  stm32f1xx_hal_rcc_ex.o
    0x08001e60   0x08001e60   0x00000140   Code   RO          336    .text.HAL_RCC_ClockConfig  stm32f1xx_hal_rcc.o
    0x08001fa0   0x08001fa0   0x00000014   Code   RO          348    .text.HAL_RCC_GetPCLK1Freq  stm32f1xx_hal_rcc.o
    0x08001fb4   0x08001fb4   0x00000018   Code   RO          350    .text.HAL_RCC_GetPCLK2Freq  stm32f1xx_hal_rcc.o
    0x08001fcc   0x08001fcc   0x00000058   Code   RO          338    .text.HAL_RCC_GetSysClockFreq  stm32f1xx_hal_rcc.o
    0x08002024   0x08002024   0x00000324   Code   RO          334    .text.HAL_RCC_OscConfig  stm32f1xx_hal_rcc.o
    0x08002348   0x08002348   0x00000028   Code   RO          458    .text.HAL_SYSTICK_Config  stm32f1xx_hal_cortex.o
    0x08002370   0x08002370   0x00000002   Code   RO         1075    .text.HAL_TIMEx_BreakCallback  stm32f1xx_hal_tim_ex.o
    0x08002372   0x08002372   0x00000002   Code   RO         1071    .text.HAL_TIMEx_CommutCallback  stm32f1xx_hal_tim_ex.o
    0x08002374   0x08002374   0x00000060   Code   RO         1065    .text.HAL_TIMEx_MasterConfigSynchronization  stm32f1xx_hal_tim_ex.o
    0x080023d4   0x080023d4   0x00000058   Code   RO          755    .text.HAL_TIM_Base_Init  stm32f1xx_hal_tim.o
    0x0800242c   0x0800242c   0x00000068   Code   RO           85    .text.HAL_TIM_Base_MspInit  tim.o
    0x08002494   0x08002494   0x00000058   Code   RO          769    .text.HAL_TIM_Base_Start_IT  stm32f1xx_hal_tim.o
    0x080024ec   0x080024ec   0x000000f8   Code   RO          943    .text.HAL_TIM_ConfigClockSource  stm32f1xx_hal_tim.o
    0x080025e4   0x080025e4   0x00000002   Code   RO          891    .text.HAL_TIM_IC_CaptureCallback  stm32f1xx_hal_tim.o
    0x080025e6   0x080025e6   0x00000116   Code   RO          889    .text.HAL_TIM_IRQHandler  stm32f1xx_hal_tim.o
    0x080026fc   0x080026fc   0x00000048   Code   RO           81    .text.HAL_TIM_MspPostInit  tim.o
    0x08002744   0x08002744   0x00000002   Code   RO          893    .text.HAL_TIM_OC_DelayElapsedCallback  stm32f1xx_hal_tim.o
    0x08002746   0x08002746   0x00000002   PAD
    0x08002748   0x08002748   0x00000098   Code   RO          917    .text.HAL_TIM_PWM_ConfigChannel  stm32f1xx_hal_tim.o
    0x080027e0   0x080027e0   0x00000058   Code   RO          809    .text.HAL_TIM_PWM_Init  stm32f1xx_hal_tim.o
    0x08002838   0x08002838   0x00000002   Code   RO          811    .text.HAL_TIM_PWM_MspInit  stm32f1xx_hal_tim.o
    0x0800283a   0x0800283a   0x00000002   Code   RO          895    .text.HAL_TIM_PWM_PulseFinishedCallback  stm32f1xx_hal_tim.o
    0x0800283c   0x0800283c   0x0000009c   Code   RO          817    .text.HAL_TIM_PWM_Start  stm32f1xx_hal_tim.o
    0x080028d8   0x080028d8   0x00000048   Code   RO         1577    .text.HAL_TIM_PeriodElapsedCallback  user_main.o
    0x08002920   0x08002920   0x00000002   Code   RO          899    .text.HAL_TIM_TriggerCallback  stm32f1xx_hal_tim.o
    0x08002922   0x08002922   0x00000002   Code   RO         1182    .text.HAL_UARTEx_RxEventCallback  stm32f1xx_hal_uart.o
    0x08002924   0x08002924   0x00000002   Code   RO         1180    .text.HAL_UART_ErrorCallback  stm32f1xx_hal_uart.o
    0x08002926   0x08002926   0x00000002   PAD
    0x08002928   0x08002928   0x00000290   Code   RO         1174    .text.HAL_UART_IRQHandler  stm32f1xx_hal_uart.o
    0x08002bb8   0x08002bb8   0x0000005e   Code   RO         1090    .text.HAL_UART_Init  stm32f1xx_hal_uart.o
    0x08002c16   0x08002c16   0x00000002   PAD
    0x08002c18   0x08002c18   0x00000088   Code   RO          102    .text.HAL_UART_MspInit  usart.o
    0x08002ca0   0x08002ca0   0x00000002   Code   RO         1188    .text.HAL_UART_RxCpltCallback  stm32f1xx_hal_uart.o
    0x08002ca2   0x08002ca2   0x00000002   Code   RO         1184    .text.HAL_UART_TxCpltCallback  stm32f1xx_hal_uart.o
    0x08002ca4   0x08002ca4   0x00000002   Code   RO          118    .text.HardFault_Handler  stm32f1xx_it.o
    0x08002ca6   0x08002ca6   0x00000002   PAD
    0x08002ca8   0x08002ca8   0x00000030   Code   RO          744    .text.I2C_IsAcknowledgeFailed  stm32f1xx_hal_i2c.o
    0x08002cd8   0x08002cd8   0x00000104   Code   RO          672    .text.I2C_RequestMemoryRead  stm32f1xx_hal_i2c.o
    0x08002ddc   0x08002ddc   0x00000092   Code   RO          632    .text.I2C_WaitOnFlagUntilTimeout  stm32f1xx_hal_i2c.o
    0x08002e6e   0x08002e6e   0x00000002   PAD
    0x08002e70   0x08002e70   0x000000b4   Code   RO          742    .text.I2C_WaitOnMasterAddressFlagUntilTimeout  stm32f1xx_hal_i2c.o
    0x08002f24   0x08002f24   0x00000066   Code   RO          640    .text.I2C_WaitOnRXNEFlagUntilTimeout  stm32f1xx_hal_i2c.o
    0x08002f8a   0x08002f8a   0x00000056   Code   RO          634    .text.I2C_WaitOnTXEFlagUntilTimeout  stm32f1xx_hal_i2c.o
    0x08002fe0   0x08002fe0   0x00000078   Code   RO           40    .text.MX_ADC1_Init  adc.o
    0x08003058   0x08003058   0x000000d8   Code   RO           29    .text.MX_GPIO_Init  gpio.o
    0x08003130   0x08003130   0x0000003c   Code   RO           60    .text.MX_I2C1_Init  i2c.o
    0x0800316c   0x0800316c   0x00000040   Code   RO           62    .text.MX_I2C2_Init  i2c.o
    0x080031ac   0x080031ac   0x000000c0   Code   RO           79    .text.MX_TIM2_Init  tim.o
    0x0800326c   0x0800326c   0x00000068   Code   RO           83    .text.MX_TIM4_Init  tim.o
    0x080032d4   0x080032d4   0x0000003c   Code   RO          100    .text.MX_USART1_UART_Init  usart.o
    0x08003310   0x08003310   0x00000002   Code   RO          120    .text.MemManage_Handler  stm32f1xx_it.o
    0x08003312   0x08003312   0x00000002   Code   RO          116    .text.NMI_Handler   stm32f1xx_it.o
    0x08003314   0x08003314   0x00000002   Code   RO          130    .text.PendSV_Handler  stm32f1xx_it.o
    0x08003316   0x08003316   0x00000002   PAD
    0x08003318   0x08003318   0x0000003c   Code   RO           11    .text.SEGGER_Printf_Float  main.o
    0x08003354   0x08003354   0x00000034   Code   RO         1276    .text.SEGGER_RTT_Write  segger_rtt.o
    0x08003388   0x08003388   0x0000005c   Code   RO         1272    .text.SEGGER_RTT_WriteNoLock  segger_rtt.o
    0x080033e4   0x080033e4   0x0000001a   Code   RO         1241    .text.SEGGER_RTT_printf  segger_rtt_printf.o
    0x080033fe   0x080033fe   0x00000002   PAD
    0x08003400   0x08003400   0x000002d4   Code   RO         1235    .text.SEGGER_RTT_vprintf  segger_rtt_printf.o
    0x080036d4   0x080036d4   0x00000002   Code   RO          126    .text.SVC_Handler   stm32f1xx_it.o
    0x080036d6   0x080036d6   0x00000004   Code   RO          132    .text.SysTick_Handler  stm32f1xx_it.o
    0x080036da   0x080036da   0x00000088   Code   RO           15    .text.SystemClock_Config  main.o
    0x08003762   0x08003762   0x00000002   Code   RO         1219    .text.SystemInit    system_stm32f1xx.o
    0x08003764   0x08003764   0x0000000c   Code   RO          134    .text.TIM2_IRQHandler  stm32f1xx_it.o
    0x08003770   0x08003770   0x0000000c   Code   RO          136    .text.TIM4_IRQHandler  stm32f1xx_it.o
    0x0800377c   0x0800377c   0x00000064   Code   RO          759    .text.TIM_Base_SetConfig  stm32f1xx_hal_tim.o
    0x080037e0   0x080037e0   0x0000001e   Code   RO          793    .text.TIM_CCxChannelCmd  stm32f1xx_hal_tim.o
    0x080037fe   0x080037fe   0x00000002   PAD
    0x08003800   0x08003800   0x00000058   Code   RO          903    .text.TIM_OC1_SetConfig  stm32f1xx_hal_tim.o
    0x08003858   0x08003858   0x00000060   Code   RO          905    .text.TIM_OC2_SetConfig  stm32f1xx_hal_tim.o
    0x080038b8   0x080038b8   0x00000060   Code   RO          907    .text.TIM_OC3_SetConfig  stm32f1xx_hal_tim.o
    0x08003918   0x08003918   0x0000004c   Code   RO          909    .text.TIM_OC4_SetConfig  stm32f1xx_hal_tim.o
    0x08003964   0x08003964   0x00000022   Code   RO          945    .text.TIM_TI1_ConfigInputStage  stm32f1xx_hal_tim.o
    0x08003986   0x08003986   0x00000024   Code   RO          947    .text.TIM_TI2_ConfigInputStage  stm32f1xx_hal_tim.o
    0x080039aa   0x080039aa   0x0000000c   Code   RO         1178    .text.UART_DMAAbortOnError  stm32f1xx_hal_uart.o
    0x080039b6   0x080039b6   0x0000004e   Code   RO         1138    .text.UART_EndRxTransfer  stm32f1xx_hal_uart.o
    0x08003a04   0x08003a04   0x000000c2   Code   RO         1176    .text.UART_Receive_IT  stm32f1xx_hal_uart.o
    0x08003ac6   0x08003ac6   0x00000002   PAD
    0x08003ac8   0x08003ac8   0x00000084   Code   RO         1094    .text.UART_SetConfig  stm32f1xx_hal_uart.o
    0x08003b4c   0x08003b4c   0x0000000c   Code   RO          138    .text.USART1_IRQHandler  stm32f1xx_it.o
    0x08003b58   0x08003b58   0x00000002   Code   RO          124    .text.UsageFault_Handler  stm32f1xx_it.o
    0x08003b5a   0x08003b5a   0x00000002   PAD
    0x08003b5c   0x08003b5c   0x00000070   Code   RO         1254    .text._DoInit       segger_rtt.o
    0x08003bcc   0x08003bcc   0x0000006c   Code   RO         1579    .text._GLOBAL__sub_I_user_main.cpp  user_main.o
    0x08003c38   0x08003c38   0x00000014   Code   RO         1266    .text._GetAvailWriteSpace  segger_rtt.o
    0x08003c4c   0x08003c4c   0x000000e4   Code   RO         1239    .text._PrintUnsigned  segger_rtt_printf.o
    0x08003d30   0x08003d30   0x00000042   Code   RO         1237    .text._StoreChar    segger_rtt_printf.o
    0x08003d72   0x08003d72   0x0000005e   Code   RO         1270    .text._WriteBlocking  segger_rtt.o
    0x08003dd0   0x08003dd0   0x00000040   Code   RO         1268    .text._WriteNoCheck  segger_rtt.o
    0x08003e10   0x08003e10   0x00000014   Code   RO         1351    .text._Z11_sqrtApproxf  foc_utils.o
    0x08003e24   0x08003e24   0x00000024   Code   RO         1347    .text._Z15_normalizeAnglef  foc_utils.o
    0x08003e48   0x08003e48   0x00000012   Code   RO         1349    .text._Z16_electricalAnglefi  foc_utils.o
    0x08003e5a   0x08003e5a   0x00000002   PAD
    0x08003e5c   0x08003e5c   0x00000030   Code   RO         1341    .text._Z4_cosf      foc_utils.o
    0x08003e8c   0x08003e8c   0x00000090   Code   RO         1339    .text._Z4_sinf      foc_utils.o
    0x08003f1c   0x08003f1c   0x00000004   Code   RO         1391    .text._Z6_delaym    time_utils.o
    0x08003f20   0x08003f20   0x00000004   Code   RO         1393    .text._Z7_microsv   time_utils.o
    0x08003f24   0x08003f24   0x00000018   Code   RO         1343    .text._Z7_sincosfPfS_  foc_utils.o
    0x08003f3c   0x08003f3c   0x00000008   Code   RO         1475    .text._ZN10AS5600_I2C11getRawCountEv  as5600_i2c.o
    0x08003f44   0x08003f44   0x00000020   Code   RO         1473    .text._ZN10AS5600_I2C14getSensorAngleEv  as5600_i2c.o
    0x08003f64   0x08003f64   0x00000006   Code   RO         1471    .text._ZN10AS5600_I2C4initEP17I2C_HandleTypeDef  as5600_i2c.o
    0x08003f6a   0x08003f6a   0x00000040   Code   RO         1477    .text._ZN10AS5600_I2C4readEh  as5600_i2c.o
    0x08003faa   0x08003faa   0x00000002   PAD
    0x08003fac   0x08003fac   0x00000064   Code   RO         1469    .text._ZN10AS5600_I2CC2E18AS5600_I2CConfig_s  as5600_i2c.o
    0x08004010   0x08004010   0x00000004   Code   RO         1407    .text._ZN12CurrentSense10linkDriverEP10BLDCDriver  currentsense.o
    0x08004014   0x08004014   0x00000134   Code   RO         1403    .text._ZN12CurrentSense12getDCCurrentEf  currentsense.o
    0x08004148   0x08004148   0x0000011c   Code   RO         1405    .text._ZN12CurrentSense14getFOCCurrentsEf  currentsense.o
    0x08004264   0x08004264   0x00000014   Code   RO         1363    .text._ZN13LowPassFilterC2Ef  lowpass_filter.o
    0x08004278   0x08004278   0x0000007c   Code   RO         1365    .text._ZN13LowPassFilterclEf  lowpass_filter.o
    0x080042f4   0x080042f4   0x00000020   Code   RO         1376    .text._ZN13PIDControllerC2Efffff  pid.o
    0x08004314   0x08004314   0x00000198   Code   RO         1378    .text._ZN13PIDControllerclEf  pid.o
    0x080044ac   0x080044ac   0x00000002   Code   RO         1498    .text._ZN14BLDCDriver3PWM13setPhaseStateE10PhaseStateS0_S0_  bldcdriver3pwm.o
    0x080044ae   0x080044ae   0x00000002   PAD
    0x080044b0   0x080044b0   0x000000a4   Code   RO         1496    .text._ZN14BLDCDriver3PWM4initEv  bldcdriver3pwm.o
    0x08004554   0x08004554   0x00000040   Code   RO         1492    .text._ZN14BLDCDriver3PWM6enableEv  bldcdriver3pwm.o
    0x08004594   0x08004594   0x000000f8   Code   RO         1500    .text._ZN14BLDCDriver3PWM6setPwmEfff  bldcdriver3pwm.o
    0x0800468c   0x0800468c   0x0000003c   Code   RO         1494    .text._ZN14BLDCDriver3PWM7disableEv  bldcdriver3pwm.o
    0x080046c8   0x080046c8   0x0000004c   Code   RO         1490    .text._ZN14BLDCDriver3PWMC2Eiiiiii  bldcdriver3pwm.o
    0x08004714   0x08004714   0x00000740   Code   RO         1522    .text._ZN18InlineCurrentSense11driverAlignEf  inlinecurrentsense.o
    0x08004e54   0x08004e54   0x000000b4   Code   RO         1518    .text._ZN18InlineCurrentSense16calibrateOffsetsEv  inlinecurrentsense.o
    0x08004f08   0x08004f08   0x0000005c   Code   RO         1520    .text._ZN18InlineCurrentSense16getPhaseCurrentsEv  inlinecurrentsense.o
    0x08004f64   0x08004f64   0x00000010   Code   RO         1516    .text._ZN18InlineCurrentSense4initEv  inlinecurrentsense.o
    0x08004f74   0x08004f74   0x0000004c   Code   RO         1512    .text._ZN18InlineCurrentSenseC2Effiii  inlinecurrentsense.o
    0x08004fc0   0x08004fc0   0x00000084   Code   RO         1443    .text._ZN6Sensor11getVelocityEv  sensor.o
    0x08005044   0x08005044   0x00000004   Code   RO         1455    .text._ZN6Sensor11needsSearchEv  sensor.o
    0x08005048   0x08005048   0x00000030   Code   RO         1451    .text._ZN6Sensor15getPreciseAngleEv  sensor.o
    0x08005078   0x08005078   0x00000004   Code   RO         1453    .text._ZN6Sensor16getFullRotationsEv  sensor.o
    0x0800507c   0x0800507c   0x00000004   Code   RO         1447    .text._ZN6Sensor18getMechanicalAngleEv  sensor.o
    0x08005080   0x08005080   0x00000048   Code   RO         1445    .text._ZN6Sensor4initEv  sensor.o
    0x080050c8   0x080050c8   0x00000058   Code   RO         1441    .text._ZN6Sensor6updateEv  sensor.o
    0x08005120   0x08005120   0x00000020   Code   RO         1449    .text._ZN6Sensor8getAngleEv  sensor.o
    0x08005140   0x08005140   0x00000006   Code   RO         1421    .text._ZN8FOCMotor10linkSensorEP6Sensor  focmotor.o
    0x08005146   0x08005146   0x0000003a   Code   RO         1425    .text._ZN8FOCMotor10shaftAngleEv  focmotor.o
    0x08005180   0x08005180   0x00000032   Code   RO         1427    .text._ZN8FOCMotor13shaftVelocityEv  focmotor.o
    0x080051b2   0x080051b2   0x0000003a   Code   RO         1429    .text._ZN8FOCMotor15electricalAngleEv  focmotor.o
    0x080051ec   0x080051ec   0x00000006   Code   RO         1423    .text._ZN8FOCMotor16linkCurrentSenseEP12CurrentSense  focmotor.o
    0x080051f2   0x080051f2   0x00000002   PAD
    0x080051f4   0x080051f4   0x00000120   Code   RO         1419    .text._ZN8FOCMotorC2Ev  focmotor.o
    0x08005314   0x08005314   0x00000006   Code   RO         1536    .text._ZN9BLDCMotor10linkDriverEP10BLDCDriver  bldcmotor.o
    0x0800531a   0x0800531a   0x00000002   PAD
    0x0800531c   0x0800531c   0x000002dc   Code   RO         1546    .text._ZN9BLDCMotor11alignSensorEv  bldcmotor.o
    0x080055f8   0x080055f8   0x00000150   Code   RO         1552    .text._ZN9BLDCMotor13angleOpenloopEf  bldcmotor.o
    0x08005748   0x08005748   0x000003e8   Code   RO         1560    .text._ZN9BLDCMotor15setPhaseVoltageEfff  bldcmotor.o
    0x08005b30   0x08005b30   0x000000e8   Code   RO         1558    .text._ZN9BLDCMotor16velocityOpenloopEf  bldcmotor.o
    0x08005c18   0x08005c18   0x00000080   Code   RO         1548    .text._ZN9BLDCMotor17alignCurrentSenseEv  bldcmotor.o
    0x08005c98   0x08005c98   0x000000e4   Code   RO         1550    .text._ZN9BLDCMotor18absoluteZeroSearchEv  bldcmotor.o
    0x08005d7c   0x08005d7c   0x00000128   Code   RO         1538    .text._ZN9BLDCMotor4initEv  bldcmotor.o
    0x08005ea4   0x08005ea4   0x000002cc   Code   RO         1556    .text._ZN9BLDCMotor4moveEf  bldcmotor.o
    0x08006170   0x08006170   0x00000028   Code   RO         1542    .text._ZN9BLDCMotor6enableEv  bldcmotor.o
    0x08006198   0x08006198   0x00000028   Code   RO         1540    .text._ZN9BLDCMotor7disableEv  bldcmotor.o
    0x080061c0   0x080061c0   0x00000130   Code   RO         1544    .text._ZN9BLDCMotor7initFOCEv  bldcmotor.o
    0x080062f0   0x080062f0   0x00000180   Code   RO         1554    .text._ZN9BLDCMotor7loopFOCEv  bldcmotor.o
    0x08006470   0x08006470   0x00000050   Code   RO         1534    .text._ZN9BLDCMotorC2Eifff  bldcmotor.o
    0x080064c0   0x080064c0   0x00000024   Code   RO          448    .text.__NVIC_SetPriority  stm32f1xx_hal_cortex.o
    0x080064e4   0x080064e4   0x00000028   Code   RO         1725    .text.__cxa_pure_virtual  libcppabi_wx.l(cxa_virtual.cpp.o)
    0x0800650c   0x0800650c   0x00000038   Code   RO           48    .text._readADCVoltageInline  adc.o
    0x08006544   0x08006544   0x00000046   Code   RO         1617    .text._writeDutyCycle3PWM  bsp_pwm.o
    0x0800658a   0x0800658a   0x00000006   Code   RO         1860    .text.abort_message  libcppabi_wx.l(abort_message.cpp.o)
    0x08006590   0x08006590   0x0000002e   Code   RO           13    .text.main          main.o
    0x080065be   0x080065be   0x00000002   PAD
    0x080065c0   0x080065c0   0x00000130   Code   RO         1575    .text.main_Cpp      user_main.o
    0x080066f0   0x080066f0   0x0000003e   Code   RO         1988    CL$$btod_d2e        c_w.l(btod.o)
    0x0800672e   0x0800672e   0x00000046   Code   RO         1990    CL$$btod_d2e_denorm_low  c_w.l(btod.o)
    0x08006774   0x08006774   0x00000060   Code   RO         1989    CL$$btod_d2e_norm_op1  c_w.l(btod.o)
    0x080067d4   0x080067d4   0x00000338   Code   RO         1998    CL$$btod_div_common  c_w.l(btod.o)
    0x08006b0c   0x08006b0c   0x000000dc   Code   RO         1995    CL$$btod_e2e        c_w.l(btod.o)
    0x08006be8   0x08006be8   0x0000002a   Code   RO         1992    CL$$btod_ediv       c_w.l(btod.o)
    0x08006c12   0x08006c12   0x0000002a   Code   RO         1991    CL$$btod_emul       c_w.l(btod.o)
    0x08006c3c   0x08006c3c   0x00000244   Code   RO         1997    CL$$btod_mult_common  c_w.l(btod.o)
    0x08006e80   0x08006e80   0x00000028   Code   RO         2030    i.__ARM_fpclassify  m_ws.l(fpclassify.o)
    0x08006ea8   0x08006ea8   0x00000008   Code   RO         1939    i.__mathlib_flt_invalid  m_ws.l(funder.o)
    0x08006eb0   0x08006eb0   0x0000000e   Code   RO         1644    i._is_digit         c_w.l(__printf_wp.o)
    0x08006ebe   0x08006ebe   0x00000028   Code   RO         1773    i.fmaxf             m_ws.l(fmaxf.o)
    0x08006ee6   0x08006ee6   0x00000028   Code   RO         1775    i.fminf             m_ws.l(fminf.o)
    0x08006f0e   0x08006f0e   0x0000006c   Code   RO         1766    i.fmodf             m_ws.l(fmodf.o)
    0x08006f7a   0x08006f7a   0x00000002   PAD
    0x08006f7c   0x08006f7c   0x0000002c   Code   RO         2013    locale$$code        c_w.l(lc_numeric_c.o)
    0x08006fa8   0x08006fa8   0x00000062   Code   RO         1672    x$fpl$d2f           fz_ws.l(d2f.o)
    0x0800700a   0x0800700a   0x00000002   PAD
    0x0800700c   0x0800700c   0x00000150   Code   RO         1674    x$fpl$dadd          fz_ws.l(daddsub_clz.o)
    0x0800715c   0x0800715c   0x0000005a   Code   RO         1680    x$fpl$dfixu         fz_ws.l(dfixu.o)
    0x080071b6   0x080071b6   0x0000002e   Code   RO         1685    x$fpl$dflt          fz_ws.l(dflt_clz.o)
    0x080071e4   0x080071e4   0x00000154   Code   RO         1690    x$fpl$dmul          fz_ws.l(dmul.o)
    0x08007338   0x08007338   0x0000009c   Code   RO         1838    x$fpl$dnaninf       fz_ws.l(dnaninf.o)
    0x080073d4   0x080073d4   0x0000000c   Code   RO         1840    x$fpl$dretinf       fz_ws.l(dretinf.o)
    0x080073e0   0x080073e0   0x000001d4   Code   RO         1676    x$fpl$dsub          fz_ws.l(daddsub_clz.o)
    0x080075b4   0x080075b4   0x00000056   Code   RO         1692    x$fpl$f2d           fz_ws.l(f2d.o)
    0x0800760a   0x0800760a   0x00000002   PAD
    0x0800760c   0x0800760c   0x000000c4   Code   RO         1694    x$fpl$fadd          fz_ws.l(faddsub_clz.o)
    0x080076d0   0x080076d0   0x00000054   Code   RO         1700    x$fpl$fcmp          fz_ws.l(fcmp.o)
    0x08007724   0x08007724   0x0000008e   Code   RO         1842    x$fpl$fcmp4         fz_ws.l(fcmp4.o)
    0x080077b2   0x080077b2   0x00000018   Code   RO         2021    x$fpl$fcmpinf       fz_ws.l(fcmpi.o)
    0x080077ca   0x080077ca   0x00000002   PAD
    0x080077cc   0x080077cc   0x00000184   Code   RO         1703    x$fpl$fdiv          fz_ws.l(fdiv.o)
    0x08007950   0x08007950   0x00000068   Code   RO         1846    x$fpl$feqf          fz_ws.l(feqf.o)
    0x080079b8   0x080079b8   0x00000036   Code   RO         1706    x$fpl$ffix          fz_ws.l(ffix.o)
    0x080079ee   0x080079ee   0x00000002   PAD
    0x080079f0   0x080079f0   0x0000003e   Code   RO         1710    x$fpl$ffixu         fz_ws.l(ffixu.o)
    0x08007a2e   0x08007a2e   0x00000002   PAD
    0x08007a30   0x08007a30   0x00000030   Code   RO         1715    x$fpl$fflt          fz_ws.l(fflt_clz.o)
    0x08007a60   0x08007a60   0x00000026   Code   RO         1714    x$fpl$ffltu         fz_ws.l(fflt_clz.o)
    0x08007a86   0x08007a86   0x00000002   PAD
    0x08007a88   0x08007a88   0x00000068   Code   RO         1848    x$fpl$fgeqf         fz_ws.l(fgeqf.o)
    0x08007af0   0x08007af0   0x00000068   Code   RO         1850    x$fpl$fleqf         fz_ws.l(fleqf.o)
    0x08007b58   0x08007b58   0x00000102   Code   RO         1720    x$fpl$fmul          fz_ws.l(fmul.o)
    0x08007c5a   0x08007c5a   0x0000008c   Code   RO         1852    x$fpl$fnaninf       fz_ws.l(fnaninf.o)
    0x08007ce6   0x08007ce6   0x00000002   PAD
    0x08007ce8   0x08007ce8   0x000000f4   Code   RO         1854    x$fpl$frem          fz_ws.l(frem_clz.o)
    0x08007ddc   0x08007ddc   0x0000000a   Code   RO         1856    x$fpl$fretinf       fz_ws.l(fretinf.o)
    0x08007de6   0x08007de6   0x00000014   Code   RO         1695    x$fpl$frsb          fz_ws.l(faddsub_clz.o)
    0x08007dfa   0x08007dfa   0x00000002   PAD
    0x08007dfc   0x08007dfc   0x000000ea   Code   RO         1696    x$fpl$fsub          fz_ws.l(faddsub_clz.o)
    0x08007ee6   0x08007ee6   0x00000004   Code   RO         1722    x$fpl$printf1       fz_ws.l(printf1.o)
    0x08007eea   0x08007eea   0x00000000   Code   RO         1858    x$fpl$usenofp       fz_ws.l(usenofp.o)
    0x08007eea   0x08007eea   0x00000002   PAD
    0x08007eec   0x08007eec   0x00000094   Data   RO         1986    .constdata          c_w.l(bigflt0.o)
    0x08007f80   0x08007f80   0x00000010   Data   RO         1224    .rodata.AHBPrescTable  system_stm32f1xx.o
    0x08007f90   0x08007f90   0x00000008   Data   RO         1225    .rodata.APBPrescTable  system_stm32f1xx.o
    0x08007f98   0x08007f98   0x0000002c   Data   RO         1480    .rodata._ZTV10AS5600_I2C  as5600_i2c.o
    0x08007fc4   0x08007fc4   0x0000001c   Data   RO         1502    .rodata._ZTV14BLDCDriver3PWM  bldcdriver3pwm.o
    0x08007fe0   0x08007fe0   0x00000018   Data   RO         1524    .rodata._ZTV18InlineCurrentSense  inlinecurrentsense.o
    0x08007ff8   0x08007ff8   0x00000024   Data   RO         1439    .rodata._ZTV8FOCMotor  focmotor.o
    0x0800801c   0x0800801c   0x00000028   Data   RO         1564    .rodata._ZTV9BLDCMotor  bldcmotor.o
    0x08008044   0x08008044   0x00000082   Data   RO         1353    .rodata._ZZ4_sinfE10sine_array  foc_utils.o
    0x080080c6   0x080080c6   0x00000009   Data   RO         1327    .rodata.str1.1      segger_rtt.o
    0x080080cf   0x080080cf   0x0000005f   Data   RO         1565    .rodata.str1.1      bldcmotor.o
    0x0800812e   0x0800812e   0x00000002   PAD
    0x08008130   0x08008130   0x00000020   Data   RO         2135    Region$$Table       anon$$obj.o
    0x08008150   0x08008150   0x0000001c   Data   RO         2012    locale$$data        c_w.l(lc_numeric_c.o)
    0x0800816c   0x0800816c   0x00000004   Data   RO         1584    .init_array         user_main.o
    0x08008170   0x0800816c   0x00000000   Data   RO         1667    .init_array         c_w.l(init_aeabi.o)


    Execution Region RW_IRAM1 (Exec base: 0x20000000, Load base: 0x08008170, Size: 0x00001018, Max: 0x00005000, ABSOLUTE)

    Exec Addr    Load Addr    Size         Type   Attr      Idx    E Section Name        Object

    0x20000000   0x08008170   0x00000008   Data   RW          322    .data..L_MergedGlobals  stm32f1xx_hal.o
    0x20000008   0x08008178   0x00000010   Data   RW         1479    .data.AS5600_I2C_Config  as5600_i2c.o
    0x20000018   0x08008188   0x00000004   Data   RW         1223    .data.SystemCoreClock  system_stm32f1xx.o
    0x2000001c   0x0800818c   0x00000004   Data   RW         1583    .data.targetAngle   user_main.o
    0x20000020   0x08008190   0x00000048   Data   RW         1562    .data.trap_120_map  bldcmotor.o
    0x20000068   0x080081d8   0x00000090   Data   RW         1563    .data.trap_150_map  bldcmotor.o
    0x200000f8        -       0x00000060   Zero   RW         2033    .bss                c_w.l(libspace.o)
    0x20000158        -       0x00000038   Zero   RW           50    .bss..L_MergedGlobals  adc.o
    0x20000190        -       0x0000007c   Zero   RW         1585    .bss..L_MergedGlobals  user_main.o
    0x2000020c        -       0x00000018   Zero   RW         1607    .bss..L_MergedGlobals  dwt_timer.o
    0x20000224        -       0x000000a8   Zero   RW         1324    .bss._SEGGER_RTT    segger_rtt.o
    0x200002cc        -       0x00000010   Zero   RW         1329    .bss._acDownBuffer  segger_rtt.o
    0x200002dc        -       0x00000400   Zero   RW         1328    .bss._acUpBuffer    segger_rtt.o
    0x200006dc        -       0x00000044   Zero   RW         1582    .bss.currentSense   user_main.o
    0x20000720        -       0x00000054   Zero   RW           68    .bss.hi2c1          i2c.o
    0x20000774        -       0x00000054   Zero   RW           69    .bss.hi2c2          i2c.o
    0x200007c8        -       0x00000048   Zero   RW           89    .bss.htim2          tim.o
    0x20000810        -       0x00000048   Zero   RW           90    .bss.htim4          tim.o
    0x20000858        -       0x00000048   Zero   RW          106    .bss.huart1         usart.o
    0x200008a0        -       0x00000170   Zero   RW         1581    .bss.motor          user_main.o
    0x20000a10        -       0x00000004   Zero   RW          321    .bss.uwTick         stm32f1xx_hal.o
    0x20000a14   0x08008268   0x00000004   PAD
    0x20000a18        -       0x00000200   Zero   RW            2    HEAP                startup_stm32f103xb.o
    0x20000c18        -       0x00000400   Zero   RW            1    STACK               startup_stm32f103xb.o


==============================================================================

Image component sizes


      Code (inc. data)   RO Data    RW Data    ZI Data      Debug   Object Name

       364         28          0          0         56       4694   adc.o
       210         12         44         16          0      20180   as5600_i2c.o
       614        112         28          0          0      20412   bldcdriver3pwm.o
      4522        654        135        216          0      25922   bldcmotor.o
        70          0          0          0          0       3800   bsp_pwm.o
       596         16          0          0          0      19661   currentsense.o
       188         16          0          0         24       2187   dwt_timer.o
       290         24        130          0          0      19599   foc_utils.o
       466         44         36          0          0      22097   focmotor.o
       216         16          0          0          0       1610   gpio.o
       284         32          0          0        168       4546   i2c.o
      2220         68         24          0          0      22961   inlinecurrentsense.o
       144          4          0          0          0      18007   lowpass_filter.o
       250         12          0          0          0       2301   main.o
       440          4          0          0          0      18816   pid.o
       434         40          9          0       1208      15598   segger_rtt.o
      1044         54          0          0          0       4605   segger_rtt_printf.o
       384         20          0          0          0      19489   sensor.o
        64         26        236          0       1536        760   startup_stm32f103xb.o
       164         20          0          8          4       5767   stm32f1xx_hal.o
      1300         56          0          0          0      10220   stm32f1xx_hal_adc.o
       208          0          0          0          0       8133   stm32f1xx_hal_adc_ex.o
       196         28          0          0          0       7867   stm32f1xx_hal_cortex.o
       226         24          0          0          0       6512   stm32f1xx_hal_dma.o
       442         56          0          0          0       4298   stm32f1xx_hal_gpio.o
      1878         40          0          0          0      36180   stm32f1xx_hal_i2c.o
        64          8          0          0          0       1162   stm32f1xx_hal_msp.o
      1256         68          0          0          0       6865   stm32f1xx_hal_rcc.o
       440         32          0          0          0       3245   stm32f1xx_hal_rcc_ex.o
      1664         40          0          0          0      39362   stm32f1xx_hal_tim.o
       100          0          0          0          0      16562   stm32f1xx_hal_tim_ex.o
      1174          8          0          0          0      22036   stm32f1xx_hal_uart.o
        56         12          0          0          0       1237   stm32f1xx_it.o
         2          0         24          4          0       1511   system_stm32f1xx.o
       472         24          0          0        144       6824   tim.o
         8          0          0          0          0      17293   time_utils.o
       196         16          0          0         72       5224   usart.o
       484        104          4          4        560      20266   user_main.o

    ----------------------------------------------------------------------
     23170       1718        704        248       3776     467809   Object Totals
         0          0         32          0          0          0   (incl. Generated)
        40          0          2          0          4          0   (incl. Padding)

    ----------------------------------------------------------------------

      Code (inc. data)   RO Data    RW Data    ZI Data      Debug   Library Member Name

         8          0          0          0          0         68   __main.o
       284          0          0          0          0        156   __printf_wp.o
         0          0          0          0          0          0   __rtentry.o
        12          0          0          0          0          0   __rtentry2.o
         6          0          0          0          0          0   __rtentry4.o
        52          8          0          0          0          0   __scatter.o
        26          0          0          0          0          0   __scatter_copy.o
        28          0          0          0          0          0   __scatter_zi.o
        48          6          0          0          0         96   _printf_char_common.o
         6          0          0          0          0          0   _printf_f.o
      1052          0          0          0          0        148   _printf_fp_dec.o
       128         16          0          0          0         84   _printf_fp_infnan.o
         0          0          0          0          0          0   _printf_percent.o
         4          0          0          0          0          0   _printf_percent_end.o
        22          0          0          0          0        100   _rserrno.o
        10          0          0          0          0         68   _sputc.o
        22          0          0          0          0         80   abort.o
       228          4        148          0          0         96   bigflt0.o
      1936        128          0          0          0        672   btod.o
        48         34          0          0          0         76   defsig_abrt_inner.o
        14          0          0          0          0         80   defsig_abrt_outer.o
        10          0          0          0          0         68   defsig_exit.o
        50          0          0          0          0         88   defsig_general.o
        18          0          0          0          0         80   exit.o
         6          0          0          0          0        152   heapauxi.o
         0          0          0          0          0          0   indicate_semi.o
        36         10          0          0          0         80   init_aeabi.o
        44         10         28          0          0         76   lc_numeric_c.o
         2          0          0          0          0          0   libinit.o
        22          0          0          0          0          0   libinit2.o
         2          0          0          0          0          0   libshutdown.o
         2          0          0          0          0          0   libshutdown2.o
         8          4          0          0         96         68   libspace.o
       138          0          0          0          0         80   lludiv10.o
        40          6          0          0          0         84   noretval__2sprintf.o
         8          4          0          0          0         68   rt_errno_addr_intlibspace.o
         8          4          0          0          0         68   rt_locale_intlibspace.o
        78          0          0          0          0         80   rt_memclr_w.o
       138          0          0          0          0         68   rt_memcpy_v6.o
       100          0          0          0          0         80   rt_memcpy_w.o
         2          0          0          0          0          0   rtexit.o
        10          0          0          0          0          0   rtexit2.o
       128          0          0          0          0         68   strcmpv7m.o
        12          4          0          0          0         68   sys_exit.o
        74          0          0          0          0         80   sys_stackheap_outer.o
        14          0          0          0          0         76   sys_wrch.o
         2          0          0          0          0         68   use_no_semi.o
        98          4          0          0          0         92   d2f.o
       804         16          0          0          0        280   daddsub_clz.o
        90          4          0          0          0         92   dfixu.o
        46          0          0          0          0         68   dflt_clz.o
       340         12          0          0          0        104   dmul.o
       156          4          0          0          0         92   dnaninf.o
        12          0          0          0          0         68   dretinf.o
        86          4          0          0          0         84   f2d.o
       450          8          0          0          0        236   faddsub_clz.o
        84          0          0          0          0        196   fcmp.o
       142          4          0          0          0        112   fcmp4.o
        24          0          0          0          0         68   fcmpi.o
       388         76          0          0          0         96   fdiv.o
       104          4          0          0          0         84   feqf.o
        54          4          0          0          0         84   ffix.o
        62          4          0          0          0         84   ffixu.o
        86          0          0          0          0        136   fflt_clz.o
       104          4          0          0          0         84   fgeqf.o
       104          4          0          0          0         84   fleqf.o
       258          4          0          0          0         84   fmul.o
       140          4          0          0          0         84   fnaninf.o
       244          8          0          0          0         84   frem_clz.o
        10          0          0          0          0         68   fretinf.o
         4          0          0          0          0         68   printf1.o
         0          0          0          0          0          0   usenofp.o
         6          0          0          0          0          0   abort_message.cpp.o
        40         32          0          0          0          0   cxa_virtual.cpp.o
        40          0          0          0          0         80   fmaxf.o
        40          0          0          0          0         80   fminf.o
       108          0          0          0          0         96   fmodf.o
        40          0          0          0          0         68   fpclassify.o
         8          0          0          0          0         68   funder.o

    ----------------------------------------------------------------------
      9086        438        176          0         96       6148   Library Totals
        28          0          0          0          0          0   (incl. Padding)

    ----------------------------------------------------------------------

      Code (inc. data)   RO Data    RW Data    ZI Data      Debug   Library Name

      4886        238        176          0         96       3224   c_w.l
      3890        168          0          0          0       2532   fz_ws.l
        46         32          0          0          0          0   libcppabi_wx.l
       236          0          0          0          0        392   m_ws.l

    ----------------------------------------------------------------------
      9086        438        176          0         96       6148   Library Totals

    ----------------------------------------------------------------------

==============================================================================


      Code (inc. data)   RO Data    RW Data    ZI Data      Debug   

     32256       2156        880        248       3872     469893   Grand Totals
     32256       2156        880        248       3872     469893   ELF Image Totals
     32256       2156        880        248          0          0   ROM Totals

==============================================================================

    Total RO  Size (Code + RO Data)                33136 (  32.36kB)
    Total RW  Size (RW Data + ZI Data)              4120 (   4.02kB)
    Total ROM Size (Code + RO Data + RW Data)      33384 (  32.60kB)

==============================================================================

