<html>
<body>
<pre>
<h1>µVision Build Log</h1>
<h2>Tool Versions:</h2>
IDE-Version: ¦ÌVision V5.27.0.0
Copyright (C) 2018 ARM Ltd and ARM Germany GmbH. All rights reserved.
License Information: Administrator Administrator, Administrator, LIC=BUURY-I4EU5-30KNC-7DTK4-4FU8V-LFI13
 
Tool Versions:
Toolchain:       MDK-ARM Plus  Version: 5.27.0.0
Toolchain Path:  D:\keil\keil5\ARM\ARMCLANG\Bin
C Compiler:      ArmClang.exe V6.11
Assembler:       Armasm.exe V6.11
Linker/Locator:  ArmLink.exe V6.11
Library Manager: ArmAr.exe V6.11
Hex Converter:   FromElf.exe V6.11
CPU DLL:         SARMCM3.DLL V5.27.0.0
Dialog DLL:      DCM.DLL V1.17.2.0
Target DLL:      STLink\ST-LINKIII-KEIL_SWO.dll V3.0.5.0
Dialog DLL:      TCM.DLL V1.36.1.0
 
<h2>Project:</h2>
D:\github\stm32Foc\MDK-ARM\simplefoc_stm32f103.uvprojx
Project File Date:  06/22/2025

<h2>Output:</h2>
*** Using Compiler 'V6.11', folder: 'D:\keil\keil5\ARM\ARMCLANG\Bin'
Rebuild target 'simplefoc_stm32f103'
assembling startup_stm32f103xb.s...
compiling gpio.c...
compiling stm32f1xx_it.c...
compiling stm32f1xx_hal_gpio_ex.c...
compiling stm32f1xx_hal_msp.c...
compiling main.c...
compiling i2c.c...
compiling usart.c...
compiling tim.c...
compiling adc.c...
compiling stm32f1xx_hal_adc.c...
compiling stm32f1xx_hal_adc_ex.c...
compiling stm32f1xx_hal.c...
compiling stm32f1xx_hal_rcc_ex.c...
compiling stm32f1xx_hal_pwr.c...
compiling stm32f1xx_hal_gpio.c...
compiling stm32f1xx_hal_dma.c...
compiling stm32f1xx_hal_flash.c...
compiling stm32f1xx_hal_flash_ex.c...
compiling stm32f1xx_hal_rcc.c...
compiling stm32f1xx_hal_cortex.c...
compiling stm32f1xx_hal_exti.c...
compiling system_stm32f1xx.c...
compiling SEGGER_RTT_printf.c...
compiling lowpass_filter.cpp...
compiling SEGGER_RTT.c...
compiling foc_utils.cpp...
compiling pid.cpp...
compiling stm32f1xx_hal_tim_ex.c...
compiling time_utils.cpp...
compiling stm32f1xx_hal_uart.c...
compiling stm32f1xx_hal_i2c.c...
compiling CurrentSense.cpp...
compiling Sensor.cpp...
compiling AS5600_I2C.cpp...
compiling FOCMotor.cpp...
compiling stm32f1xx_hal_tim.c...
compiling BLDCDriver3PWM.cpp...
compiling InlineCurrentSense.cpp...
compiling user_main.cpp...
compiling dwt_timer.c...
compiling BLDCMotor.cpp...
compiling bsp_pwm.c...
linking...
Program Size: Code=32256 RO-data=880 RW-data=248 ZI-data=3872  
FromELF: creating hex file...
"simplefoc_stm32f103\simplefoc_stm32f103.axf" - 0 Error(s), 0 Warning(s).

<h2>Software Packages used:</h2>

Package Vendor: ARM
                http://www.keil.com/pack/ARM.CMSIS.4.3.0.pack
                ARM.CMSIS.4.3.0
                CMSIS (Cortex Microcontroller Software Interface Standard)
   * Component: CORE Version: 4.1.0

Package Vendor: Keil
                https://www.keil.com/pack/Keil.STM32F1xx_DFP.2.4.1.pack
                Keil.STM32F1xx_DFP.2.4.1
                STMicroelectronics STM32F1 Series Device Support, Drivers and Examples

<h2>Collection of Component include folders:</h2>
  .\RTE\_simplefoc_stm32f103
  D:\keil\keil5\ARM\PACK\ARM\CMSIS\4.3.0\CMSIS\Include
  D:\keil\keil5\ARM\PACK\Keil\STM32F1xx_DFP\2.4.1\Device\Include

<h2>Collection of Component Files used:</h2>

   * Component: ARM::CMSIS:CORE:4.1.0
Build Time Elapsed:  00:00:04
</pre>
</body>
</html>
